Archive member included because of file (symbol)

c:/siliconlabs/simplicitystudio/v4/developer/toolchains/gnu_arm/4.9_2015q3/bin/../lib/gcc/arm-none-eabi/4.9.3/armv7e-m/softfp\libgcc.a(_aeabi_uldivmod.o)
                              ./emlib/em_usart.o (__aeabi_uldivmod)
c:/siliconlabs/simplicitystudio/v4/developer/toolchains/gnu_arm/4.9_2015q3/bin/../lib/gcc/arm-none-eabi/4.9.3/armv7e-m/softfp\libgcc.a(bpabi.o)
                              c:/siliconlabs/simplicitystudio/v4/developer/toolchains/gnu_arm/4.9_2015q3/bin/../lib/gcc/arm-none-eabi/4.9.3/armv7e-m/softfp\libgcc.a(_aeabi_uldivmod.o) (__gnu_uldivmod_helper)
c:/siliconlabs/simplicitystudio/v4/developer/toolchains/gnu_arm/4.9_2015q3/bin/../lib/gcc/arm-none-eabi/4.9.3/armv7e-m/softfp\libgcc.a(_dvmd_tls.o)
                              c:/siliconlabs/simplicitystudio/v4/developer/toolchains/gnu_arm/4.9_2015q3/bin/../lib/gcc/arm-none-eabi/4.9.3/armv7e-m/softfp\libgcc.a(_aeabi_uldivmod.o) (__aeabi_ldiv0)
c:/siliconlabs/simplicitystudio/v4/developer/toolchains/gnu_arm/4.9_2015q3/bin/../lib/gcc/arm-none-eabi/4.9.3/armv7e-m/softfp\libgcc.a(_divdi3.o)
                              c:/siliconlabs/simplicitystudio/v4/developer/toolchains/gnu_arm/4.9_2015q3/bin/../lib/gcc/arm-none-eabi/4.9.3/armv7e-m/softfp\libgcc.a(bpabi.o) (__divdi3)
c:/siliconlabs/simplicitystudio/v4/developer/toolchains/gnu_arm/4.9_2015q3/bin/../lib/gcc/arm-none-eabi/4.9.3/armv7e-m/softfp\libgcc.a(_udivdi3.o)
                              c:/siliconlabs/simplicitystudio/v4/developer/toolchains/gnu_arm/4.9_2015q3/bin/../lib/gcc/arm-none-eabi/4.9.3/armv7e-m/softfp\libgcc.a(bpabi.o) (__udivdi3)
c:/siliconlabs/simplicitystudio/v4/developer/toolchains/gnu_arm/4.9_2015q3/bin/../lib/gcc/arm-none-eabi/4.9.3/../../../../arm-none-eabi/lib/armv7e-m/softfp\libc_nano.a(lib_a-exit.o)
                              c:/siliconlabs/simplicitystudio/v4/developer/toolchains/gnu_arm/4.9_2015q3/bin/../lib/gcc/arm-none-eabi/4.9.3/../../../../arm-none-eabi/lib/armv7e-m/softfp/crt0.o (exit)
c:/siliconlabs/simplicitystudio/v4/developer/toolchains/gnu_arm/4.9_2015q3/bin/../lib/gcc/arm-none-eabi/4.9.3/../../../../arm-none-eabi/lib/armv7e-m/softfp\libc_nano.a(lib_a-impure.o)
                              c:/siliconlabs/simplicitystudio/v4/developer/toolchains/gnu_arm/4.9_2015q3/bin/../lib/gcc/arm-none-eabi/4.9.3/../../../../arm-none-eabi/lib/armv7e-m/softfp\libc_nano.a(lib_a-exit.o) (_global_impure_ptr)
c:/siliconlabs/simplicitystudio/v4/developer/toolchains/gnu_arm/4.9_2015q3/bin/../lib/gcc/arm-none-eabi/4.9.3/../../../../arm-none-eabi/lib/armv7e-m/softfp\libc_nano.a(lib_a-init.o)
                              c:/siliconlabs/simplicitystudio/v4/developer/toolchains/gnu_arm/4.9_2015q3/bin/../lib/gcc/arm-none-eabi/4.9.3/../../../../arm-none-eabi/lib/armv7e-m/softfp/crt0.o (__libc_init_array)
c:/siliconlabs/simplicitystudio/v4/developer/toolchains/gnu_arm/4.9_2015q3/bin/../lib/gcc/arm-none-eabi/4.9.3/../../../../arm-none-eabi/lib/armv7e-m/softfp\libc_nano.a(lib_a-memcpy.o)
                              ./emlib/uartdrv.o (memcpy)
c:/siliconlabs/simplicitystudio/v4/developer/toolchains/gnu_arm/4.9_2015q3/bin/../lib/gcc/arm-none-eabi/4.9.3/../../../../arm-none-eabi/lib/armv7e-m/softfp\libc_nano.a(lib_a-memset.o)
                              c:/siliconlabs/simplicitystudio/v4/developer/toolchains/gnu_arm/4.9_2015q3/bin/../lib/gcc/arm-none-eabi/4.9.3/../../../../arm-none-eabi/lib/armv7e-m/softfp/crt0.o (memset)
c:/siliconlabs/simplicitystudio/v4/developer/toolchains/gnu_arm/4.9_2015q3/bin/../lib/gcc/arm-none-eabi/4.9.3/../../../../arm-none-eabi/lib/armv7e-m/softfp\libnosys.a(_exit.o)
                              c:/siliconlabs/simplicitystudio/v4/developer/toolchains/gnu_arm/4.9_2015q3/bin/../lib/gcc/arm-none-eabi/4.9.3/../../../../arm-none-eabi/lib/armv7e-m/softfp\libc_nano.a(lib_a-exit.o) (_exit)

Allocating common symbols
Common symbol       size              file

spi_handleData      0x58              ./src/main.o
rtc_id              0x4               ./src/main.o
spi_rx_buffer       0x14              ./src/main.o
dmaControlBlock     0x200             ./emlib/dmactrl.o
buffer              0x40              ./src/main.o
spi_tx_buffer       0x1               ./src/main.o
spi_tx_config_buffer
                    0x3               ./src/main.o
uart_handleData     0x34              ./src/main.o

Discarded input sections

 .text          0x00000000        0x0 c:/siliconlabs/simplicitystudio/v4/developer/toolchains/gnu_arm/4.9_2015q3/bin/../lib/gcc/arm-none-eabi/4.9.3/armv7e-m/softfp/crti.o
 .data          0x00000000        0x0 c:/siliconlabs/simplicitystudio/v4/developer/toolchains/gnu_arm/4.9_2015q3/bin/../lib/gcc/arm-none-eabi/4.9.3/armv7e-m/softfp/crti.o
 .bss           0x00000000        0x0 c:/siliconlabs/simplicitystudio/v4/developer/toolchains/gnu_arm/4.9_2015q3/bin/../lib/gcc/arm-none-eabi/4.9.3/armv7e-m/softfp/crti.o
 .data          0x00000000        0x4 c:/siliconlabs/simplicitystudio/v4/developer/toolchains/gnu_arm/4.9_2015q3/bin/../lib/gcc/arm-none-eabi/4.9.3/armv7e-m/softfp/crtbegin.o
 .data          0x00000000        0x0 c:/siliconlabs/simplicitystudio/v4/developer/toolchains/gnu_arm/4.9_2015q3/bin/../lib/gcc/arm-none-eabi/4.9.3/../../../../arm-none-eabi/lib/armv7e-m/softfp/crt0.o
 .bss           0x00000000        0x0 c:/siliconlabs/simplicitystudio/v4/developer/toolchains/gnu_arm/4.9_2015q3/bin/../lib/gcc/arm-none-eabi/4.9.3/../../../../arm-none-eabi/lib/armv7e-m/softfp/crt0.o
 .ARM.extab     0x00000000        0x0 c:/siliconlabs/simplicitystudio/v4/developer/toolchains/gnu_arm/4.9_2015q3/bin/../lib/gcc/arm-none-eabi/4.9.3/../../../../arm-none-eabi/lib/armv7e-m/softfp/crt0.o
 .text          0x00000000        0x0 ./src/main.o
 .data          0x00000000        0x0 ./src/main.o
 .bss           0x00000000        0x0 ./src/main.o
 .text.callback_UARTRX
                0x00000000       0x18 ./src/main.o
 .text          0x00000000        0x0 ./emlib/dmactrl.o
 .data          0x00000000        0x0 ./emlib/dmactrl.o
 .bss           0x00000000        0x0 ./emlib/dmactrl.o
 .text          0x00000000        0x0 ./emlib/dmadrv.o
 .data          0x00000000        0x0 ./emlib/dmadrv.o
 .bss           0x00000000        0x0 ./emlib/dmadrv.o
 .text.NVIC_DisableIRQ
                0x00000000       0x34 ./emlib/dmadrv.o
 .text.DMADRV_DeInit
                0x00000000       0xa0 ./emlib/dmadrv.o
 .text.DMADRV_FreeChannel
                0x00000000       0x84 ./emlib/dmadrv.o
 .text.DMADRV_MemoryPeripheralPingPong
                0x00000000       0x48 ./emlib/dmadrv.o
 .text.DMADRV_PeripheralMemoryPingPong
                0x00000000       0x48 ./emlib/dmadrv.o
 .text.DMADRV_StopTransfer
                0x00000000       0x6c ./emlib/dmadrv.o
 .text.DMADRV_TransferCompletePending
                0x00000000       0x98 ./emlib/dmadrv.o
 .text.DMADRV_TransferDone
                0x00000000       0xc4 ./emlib/dmadrv.o
 .text.DMADRV_TransferRemainingCount
                0x00000000       0xc8 ./emlib/dmadrv.o
 .text          0x00000000        0x0 ./emlib/em_cmu.o
 .data          0x00000000        0x0 ./emlib/em_cmu.o
 .bss           0x00000000        0x0 ./emlib/em_cmu.o
 .text.BUS_RegMaskedWrite
                0x00000000       0x28 ./emlib/em_cmu.o
 .text.CMU_Log2ToDiv
                0x00000000       0x1c ./emlib/em_cmu.o
 .text.CMU_AUXHFRCOBandGet
                0x00000000       0x20 ./emlib/em_cmu.o
 .text.CMU_AUXHFRCOBandSet
                0x00000000       0xb0 ./emlib/em_cmu.o
 .text.CMU_Calibrate
                0x00000000       0x88 ./emlib/em_cmu.o
 .text.CMU_CalibrateConfig
                0x00000000       0xd8 ./emlib/em_cmu.o
 .text.CMU_CalibrateCountGet
                0x00000000       0x38 ./emlib/em_cmu.o
 .text.CMU_ClockDivGet
                0x00000000      0x174 ./emlib/em_cmu.o
 .text.CMU_FreezeEnable
                0x00000000       0x38 ./emlib/em_cmu.o
 .text.CMU_HFRCOBandGet
                0x00000000       0x20 ./emlib/em_cmu.o
 .text.CMU_HFRCOBandSet
                0x00000000       0xe0 ./emlib/em_cmu.o
 .text.CMU_HFRCOStartupDelayGet
                0x00000000       0x1c ./emlib/em_cmu.o
 .text.CMU_HFRCOStartupDelaySet
                0x00000000       0x30 ./emlib/em_cmu.o
 .text.CMU_HFXOInit
                0x00000000       0x58 ./emlib/em_cmu.o
 .text.CMU_LCDClkFDIVGet
                0x00000000       0x1c ./emlib/em_cmu.o
 .text.CMU_LCDClkFDIVSet
                0x00000000       0x3c ./emlib/em_cmu.o
 .text.CMU_LFXOInit
                0x00000000       0x58 ./emlib/em_cmu.o
 .text.CMU_OscillatorTuningGet
                0x00000000       0x50 ./emlib/em_cmu.o
 .text.CMU_OscillatorTuningSet
                0x00000000       0x74 ./emlib/em_cmu.o
 .text.CMU_PCNTClockExternalGet
                0x00000000       0x60 ./emlib/em_cmu.o
 .text.CMU_PCNTClockExternalSet
                0x00000000       0x34 ./emlib/em_cmu.o
 .text          0x00000000        0x0 ./emlib/em_core.o
 .data          0x00000000        0x0 ./emlib/em_core.o
 .bss           0x00000000        0x0 ./emlib/em_core.o
 .text.CORE_CriticalDisableIrq
                0x00000000       0x10 ./emlib/em_core.o
 .text.CORE_CriticalEnableIrq
                0x00000000       0x10 ./emlib/em_core.o
 .text.CORE_EnterCritical
                0x00000000       0x20 ./emlib/em_core.o
 .text.CORE_ExitCritical
                0x00000000       0x1c ./emlib/em_core.o
 .text.CORE_YieldCritical
                0x00000000       0x24 ./emlib/em_core.o
 .text.CORE_AtomicDisableIrq
                0x00000000       0x10 ./emlib/em_core.o
 .text.CORE_AtomicEnableIrq
                0x00000000       0x10 ./emlib/em_core.o
 .text.CORE_YieldAtomic
                0x00000000       0x24 ./emlib/em_core.o
 .text.CORE_EnterNvicMask
                0x00000000       0x38 ./emlib/em_core.o
 .text.CORE_NvicDisableMask
                0x00000000       0x2c ./emlib/em_core.o
 .text.CORE_NvicEnableMask
                0x00000000       0x2c ./emlib/em_core.o
 .text.CORE_YieldNvicMask
                0x00000000       0x88 ./emlib/em_core.o
 .text.CORE_NvicMaskSetIRQ
                0x00000000       0x58 ./emlib/em_core.o
 .text.CORE_NvicMaskClearIRQ
                0x00000000       0x58 ./emlib/em_core.o
 .text.CORE_InIrqContext
                0x00000000       0x24 ./emlib/em_core.o
 .text.CORE_IrqIsDisabled
                0x00000000       0x28 ./emlib/em_core.o
 .text.CORE_GetNvicEnabledMask
                0x00000000       0x2c ./emlib/em_core.o
 .text.CORE_GetNvicMaskDisableState
                0x00000000       0x54 ./emlib/em_core.o
 .text.CORE_GetNvicRamTableHandler
                0x00000000       0x40 ./emlib/em_core.o
 .text.CORE_SetNvicRamTableHandler
                0x00000000       0x44 ./emlib/em_core.o
 .text.CORE_InitNvicVectorTable
                0x00000000       0xc8 ./emlib/em_core.o
 .text          0x00000000        0x0 ./emlib/em_dma.o
 .data          0x00000000        0x0 ./emlib/em_dma.o
 .bss           0x00000000        0x0 ./emlib/em_dma.o
 .text.DMA_ActivateAuto
                0x00000000       0x48 ./emlib/em_dma.o
 .text.DMA_ActivateScatterGather
                0x00000000      0x14c ./emlib/em_dma.o
 .text.DMA_CfgLoop
                0x00000000       0x58 ./emlib/em_dma.o
 .text.DMA_CfgRect
                0x00000000       0x38 ./emlib/em_dma.o
 .text.DMA_CfgDescrScatterGather
                0x00000000       0xd4 ./emlib/em_dma.o
 .text.DMA_ChannelEnable
                0x00000000       0x3c ./emlib/em_dma.o
 .text          0x00000000        0x0 ./emlib/em_emu.o
 .data          0x00000000        0x0 ./emlib/em_emu.o
 .bss           0x00000000        0x0 ./emlib/em_emu.o
 .text.SystemCoreClockUpdate
                0x00000000        0xc ./emlib/em_emu.o
 .text.BUS_RegBitWrite
                0x00000000       0x2c ./emlib/em_emu.o
 .text.EMU_BUPinEnable
                0x00000000       0x20 ./emlib/em_emu.o
 .text.EMU_Unlock
                0x00000000       0x18 ./emlib/em_emu.o
 .text.CMU_Lock
                0x00000000       0x18 ./emlib/em_emu.o
 .text.CMU_Unlock
                0x00000000       0x1c ./emlib/em_emu.o
 .text.emState  0x00000000       0xd0 ./emlib/em_emu.o
 .text.getErrataFixEmuE107En
                0x00000000       0x58 ./emlib/em_emu.o
 .text.EMU_EnterEM2
                0x00000000       0x8c ./emlib/em_emu.o
 .text.EMU_EnterEM3
                0x00000000       0xb4 ./emlib/em_emu.o
 .text.EMU_Save
                0x00000000        0xc ./emlib/em_emu.o
 .text.EMU_Restore
                0x00000000        0xc ./emlib/em_emu.o
 .text.EMU_EnterEM4
                0x00000000       0x50 ./emlib/em_emu.o
 .text.EMU_MemPwrDown
                0x00000000       0x14 ./emlib/em_emu.o
 .text.EMU_RamPowerDown
                0x00000000       0x28 ./emlib/em_emu.o
 .text.EMU_UpdateOscConfig
                0x00000000        0xc ./emlib/em_emu.o
 .text.EMU_EM23Init
                0x00000000       0x34 ./emlib/em_emu.o
 .text.EMU_EM4Init
                0x00000000       0x50 ./emlib/em_emu.o
 .text.EMU_BUPDInit
                0x00000000       0xd4 ./emlib/em_emu.o
 .text.EMU_BUThresholdSet
                0x00000000       0x4c ./emlib/em_emu.o
 .text.EMU_BUThresRangeSet
                0x00000000       0x50 ./emlib/em_emu.o
 .bss.cmuStatus.5848
                0x00000000        0x4 ./emlib/em_emu.o
 .bss.hfClock.5849
                0x00000000        0x1 ./emlib/em_emu.o
 .debug_info    0x00000000     0x102c ./emlib/em_emu.o
 .debug_abbrev  0x00000000      0x270 ./emlib/em_emu.o
 .debug_loc     0x00000000      0x63c ./emlib/em_emu.o
 .debug_aranges
                0x00000000       0xc0 ./emlib/em_emu.o
 .debug_ranges  0x00000000       0xb0 ./emlib/em_emu.o
 .debug_line    0x00000000      0x54e ./emlib/em_emu.o
 .debug_str     0x00000000      0xc04 ./emlib/em_emu.o
 .comment       0x00000000       0x71 ./emlib/em_emu.o
 .debug_frame   0x00000000      0x2f8 ./emlib/em_emu.o
 .ARM.attributes
                0x00000000       0x37 ./emlib/em_emu.o
 .text          0x00000000        0x0 ./emlib/em_gpio.o
 .data          0x00000000        0x0 ./emlib/em_gpio.o
 .bss           0x00000000        0x0 ./emlib/em_gpio.o
 .text.GPIO_EM4SetPinRetention
                0x00000000       0x40 ./emlib/em_gpio.o
 .text.GPIO_DbgLocationSet
                0x00000000       0x2c ./emlib/em_gpio.o
 .text.GPIO_DriveModeSet
                0x00000000       0x70 ./emlib/em_gpio.o
 .text.GPIO_PinModeGet
                0x00000000       0x8c ./emlib/em_gpio.o
 .text.GPIO_EM4EnablePinWakeup
                0x00000000       0x58 ./emlib/em_gpio.o
 .text          0x00000000        0x0 ./emlib/em_rtc.o
 .data          0x00000000        0x0 ./emlib/em_rtc.o
 .bss           0x00000000        0x0 ./emlib/em_rtc.o
 .text.RTC_FreezeEnable
                0x00000000       0x2c ./emlib/em_rtc.o
 .text.RTC_Reset
                0x00000000       0x34 ./emlib/em_rtc.o
 .text          0x00000000        0x0 ./emlib/em_system.o
 .data          0x00000000        0x0 ./emlib/em_system.o
 .bss           0x00000000        0x0 ./emlib/em_system.o
 .text.SYSTEM_ChipRevisionGet
                0x00000000       0x74 ./emlib/em_system.o
 .text.SYSTEM_GetCalibrationValue
                0x00000000       0x5c ./emlib/em_system.o
 .debug_info    0x00000000      0x272 ./emlib/em_system.o
 .debug_abbrev  0x00000000      0x107 ./emlib/em_system.o
 .debug_loc     0x00000000       0xb8 ./emlib/em_system.o
 .debug_aranges
                0x00000000       0x28 ./emlib/em_system.o
 .debug_ranges  0x00000000       0x18 ./emlib/em_system.o
 .debug_line    0x00000000      0x310 ./emlib/em_system.o
 .debug_str     0x00000000      0x309 ./emlib/em_system.o
 .comment       0x00000000       0x71 ./emlib/em_system.o
 .debug_frame   0x00000000       0x60 ./emlib/em_system.o
 .ARM.attributes
                0x00000000       0x37 ./emlib/em_system.o
 .text          0x00000000        0x0 ./emlib/em_usart.o
 .data          0x00000000        0x0 ./emlib/em_usart.o
 .bss           0x00000000        0x0 ./emlib/em_usart.o
 .text.USART_BaudrateCalc
                0x00000000      0x124 ./emlib/em_usart.o
 .text.USART_BaudrateGet
                0x00000000       0x50 ./emlib/em_usart.o
 .text.USARTn_InitIrDA
                0x00000000       0x70 ./emlib/em_usart.o
 .text.USART_InitI2s
                0x00000000       0x94 ./emlib/em_usart.o
 .text.USART_InitPrsTrigger
                0x00000000       0x60 ./emlib/em_usart.o
 .text.USART_Rx
                0x00000000       0x28 ./emlib/em_usart.o
 .text.USART_RxDouble
                0x00000000       0x28 ./emlib/em_usart.o
 .text.USART_RxDoubleExt
                0x00000000       0x28 ./emlib/em_usart.o
 .text.USART_RxExt
                0x00000000       0x28 ./emlib/em_usart.o
 .text.USART_SpiTransfer
                0x00000000       0x40 ./emlib/em_usart.o
 .text.USART_TxDouble
                0x00000000       0x2c ./emlib/em_usart.o
 .text.USART_TxDoubleExt
                0x00000000       0x28 ./emlib/em_usart.o
 .text.USART_TxExt
                0x00000000       0x2c ./emlib/em_usart.o
 .text          0x00000000        0x0 ./emlib/rtcdriver.o
 .data          0x00000000        0x0 ./emlib/rtcdriver.o
 .bss           0x00000000        0x0 ./emlib/rtcdriver.o
 .text.NVIC_DisableIRQ
                0x00000000       0x34 ./emlib/rtcdriver.o
 .text.RTCDRV_Delay
                0x00000000       0x80 ./emlib/rtcdriver.o
 .text.RTCDRV_FreeTimer
                0x00000000       0x58 ./emlib/rtcdriver.o
 .text.RTCDRV_DeInit
                0x00000000       0x40 ./emlib/rtcdriver.o
 .text.RTCDRV_IsRunning
                0x00000000       0x80 ./emlib/rtcdriver.o
 .text.RTCDRV_StartTimer
                0x00000000      0x350 ./emlib/rtcdriver.o
 .text.RTCDRV_TimeRemaining
                0x00000000      0x164 ./emlib/rtcdriver.o
 .text.delayTicks
                0x00000000       0x34 ./emlib/rtcdriver.o
 .text          0x00000000        0x0 ./emlib/spidrv.o
 .data          0x00000000        0x0 ./emlib/spidrv.o
 .bss           0x00000000        0x0 ./emlib/spidrv.o
 .text.BUS_RegBitRead
                0x00000000       0x2c ./emlib/spidrv.o
 .text.GPIO_PinInGet
                0x00000000       0x54 ./emlib/spidrv.o
 .text.SPIDRV_DeInit
                0x00000000       0x88 ./emlib/spidrv.o
 .text.SPIDRV_AbortTransfer
                0x00000000       0xb8 ./emlib/spidrv.o
 .text.SPIDRV_GetBitrate
                0x00000000       0x40 ./emlib/spidrv.o
 .text.SPIDRV_GetFramelength
                0x00000000       0x3c ./emlib/spidrv.o
 .text.SPIDRV_GetTransferStatus
                0x00000000       0x7c ./emlib/spidrv.o
 .text.SPIDRV_MReceive
                0x00000000       0x4c ./emlib/spidrv.o
 .text.SPIDRV_MReceiveB
                0x00000000       0x54 ./emlib/spidrv.o
 .text.SPIDRV_MTransfer
                0x00000000       0x5c ./emlib/spidrv.o
 .text.SPIDRV_MTransferSingleItemB
                0x00000000       0x94 ./emlib/spidrv.o
 .text.SPIDRV_MTransmit
                0x00000000       0x4c ./emlib/spidrv.o
 .text.SPIDRV_SetBitrate
                0x00000000       0x5c ./emlib/spidrv.o
 .text.SPIDRV_SetFramelength
                0x00000000       0x80 ./emlib/spidrv.o
 .text.SPIDRV_SReceive
                0x00000000       0x84 ./emlib/spidrv.o
 .text.SPIDRV_SReceiveB
                0x00000000       0x90 ./emlib/spidrv.o
 .text.SPIDRV_STransfer
                0x00000000       0x94 ./emlib/spidrv.o
 .text.SPIDRV_STransferB
                0x00000000       0xa0 ./emlib/spidrv.o
 .text.SPIDRV_STransmit
                0x00000000       0x84 ./emlib/spidrv.o
 .text.SPIDRV_STransmitB
                0x00000000       0x90 ./emlib/spidrv.o
 .text.SlaveTimeout
                0x00000000       0xa8 ./emlib/spidrv.o
 .text.StartReceiveDMA
                0x00000000       0xc8 ./emlib/spidrv.o
 .text.TransferApiPrologue
                0x00000000       0x70 ./emlib/spidrv.o
 .text.WaitForIdleLine
                0x00000000       0x4c ./emlib/spidrv.o
 .text          0x00000000        0x0 ./emlib/uartdrv.o
 .data          0x00000000        0x0 ./emlib/uartdrv.o
 .bss           0x00000000        0x0 ./emlib/uartdrv.o
 .text.LEUART_IntClear
                0x00000000       0x1c ./emlib/uartdrv.o
 .text.EMU_EnterEM1
                0x00000000       0x20 ./emlib/uartdrv.o
 .text.EnableReceiver
                0x00000000       0x88 ./emlib/uartdrv.o
 .text.DisableReceiver
                0x00000000       0x68 ./emlib/uartdrv.o
 .text.StartReceiveDma
                0x00000000       0x7c ./emlib/uartdrv.o
 .text.ReceiveDmaComplete
                0x00000000      0x198 ./emlib/uartdrv.o
 .text.SetupGpioLeuart
                0x00000000      0x1e4 ./emlib/uartdrv.o
 .text.UARTDRV_InitLeuart
                0x00000000      0x274 ./emlib/uartdrv.o
 .text.UARTDRV_DeInit
                0x00000000       0xec ./emlib/uartdrv.o
 .text.UARTDRV_Abort
                0x00000000      0x1c8 ./emlib/uartdrv.o
 .text.UARTDRV_GetPeripheralStatus
                0x00000000       0xd0 ./emlib/uartdrv.o
 .text.UARTDRV_GetReceiveDepth
                0x00000000       0x20 ./emlib/uartdrv.o
 .text.UARTDRV_GetReceiveStatus
                0x00000000       0x94 ./emlib/uartdrv.o
 .text.UARTDRV_GetTransmitDepth
                0x00000000       0x20 ./emlib/uartdrv.o
 .text.UARTDRV_GetTransmitStatus
                0x00000000       0x94 ./emlib/uartdrv.o
 .text.UARTDRV_FlowControlSet
                0x00000000       0x40 ./emlib/uartdrv.o
 .text.UARTDRV_FlowControlSetPeerStatus
                0x00000000       0x58 ./emlib/uartdrv.o
 .text.UARTDRV_FlowControlGetPeerStatus
                0x00000000       0x18 ./emlib/uartdrv.o
 .text.UARTDRV_FlowControlGetSelfStatus
                0x00000000       0x18 ./emlib/uartdrv.o
 .text.UARTDRV_FlowControlIgnoreRestrain
                0x00000000       0x20 ./emlib/uartdrv.o
 .text.UARTDRV_ForceReceive
                0x00000000      0x110 ./emlib/uartdrv.o
 .text.UARTDRV_Receive
                0x00000000       0xa0 ./emlib/uartdrv.o
 .text.UARTDRV_ReceiveB
                0x00000000       0xb4 ./emlib/uartdrv.o
 .text.UARTDRV_TransmitB
                0x00000000       0xa0 ./emlib/uartdrv.o
 .data          0x00000000        0x0 ./CMSIS/EFM32WG/startup_efm32wg.o
 .bss           0x00000000        0x0 ./CMSIS/EFM32WG/startup_efm32wg.o
 .text          0x00000000        0x0 ./CMSIS/EFM32WG/system_efm32wg.o
 .data          0x00000000        0x0 ./CMSIS/EFM32WG/system_efm32wg.o
 .bss           0x00000000        0x0 ./CMSIS/EFM32WG/system_efm32wg.o
 .text.SystemHFXOClockSet
                0x00000000       0x2c ./CMSIS/EFM32WG/system_efm32wg.o
 .text.SystemLFXOClockSet
                0x00000000       0x2c ./CMSIS/EFM32WG/system_efm32wg.o
 .text          0x00000000        0x0 ./emlib/em_leuart.o
 .data          0x00000000        0x0 ./emlib/em_leuart.o
 .bss           0x00000000        0x0 ./emlib/em_leuart.o
 .text.LEUART_BaudrateCalc
                0x00000000       0x5c ./emlib/em_leuart.o
 .text.LEUART_BaudrateGet
                0x00000000       0x58 ./emlib/em_leuart.o
 .text.LEUART_BaudrateSet
                0x00000000       0x80 ./emlib/em_leuart.o
 .text.LEUART_Enable
                0x00000000       0x58 ./emlib/em_leuart.o
 .text.LEUART_FreezeEnable
                0x00000000       0x34 ./emlib/em_leuart.o
 .text.LEUART_Init
                0x00000000       0x84 ./emlib/em_leuart.o
 .text.LEUART_Reset
                0x00000000       0x70 ./emlib/em_leuart.o
 .text.LEUART_Rx
                0x00000000       0x28 ./emlib/em_leuart.o
 .text.LEUART_RxExt
                0x00000000       0x28 ./emlib/em_leuart.o
 .text.LEUART_TxExt
                0x00000000       0x30 ./emlib/em_leuart.o
 .text.LEUART_TxDmaInEM2Enable
                0x00000000       0x3c ./emlib/em_leuart.o
 .text.LEUART_RxDmaInEM2Enable
                0x00000000       0x3c ./emlib/em_leuart.o
 .text          0x00000000        0x0 ./emlib/gpiointerrupt.o
 .data          0x00000000        0x0 ./emlib/gpiointerrupt.o
 .bss           0x00000000        0x0 ./emlib/gpiointerrupt.o
 .data          0x00000000        0x0 c:/siliconlabs/simplicitystudio/v4/developer/toolchains/gnu_arm/4.9_2015q3/bin/../lib/gcc/arm-none-eabi/4.9.3/armv7e-m/softfp\libgcc.a(_aeabi_uldivmod.o)
 .bss           0x00000000        0x0 c:/siliconlabs/simplicitystudio/v4/developer/toolchains/gnu_arm/4.9_2015q3/bin/../lib/gcc/arm-none-eabi/4.9.3/armv7e-m/softfp\libgcc.a(_aeabi_uldivmod.o)
 .data          0x00000000        0x0 c:/siliconlabs/simplicitystudio/v4/developer/toolchains/gnu_arm/4.9_2015q3/bin/../lib/gcc/arm-none-eabi/4.9.3/armv7e-m/softfp\libgcc.a(bpabi.o)
 .bss           0x00000000        0x0 c:/siliconlabs/simplicitystudio/v4/developer/toolchains/gnu_arm/4.9_2015q3/bin/../lib/gcc/arm-none-eabi/4.9.3/armv7e-m/softfp\libgcc.a(bpabi.o)
 .data          0x00000000        0x0 c:/siliconlabs/simplicitystudio/v4/developer/toolchains/gnu_arm/4.9_2015q3/bin/../lib/gcc/arm-none-eabi/4.9.3/armv7e-m/softfp\libgcc.a(_dvmd_tls.o)
 .bss           0x00000000        0x0 c:/siliconlabs/simplicitystudio/v4/developer/toolchains/gnu_arm/4.9_2015q3/bin/../lib/gcc/arm-none-eabi/4.9.3/armv7e-m/softfp\libgcc.a(_dvmd_tls.o)
 .data          0x00000000        0x0 c:/siliconlabs/simplicitystudio/v4/developer/toolchains/gnu_arm/4.9_2015q3/bin/../lib/gcc/arm-none-eabi/4.9.3/armv7e-m/softfp\libgcc.a(_divdi3.o)
 .bss           0x00000000        0x0 c:/siliconlabs/simplicitystudio/v4/developer/toolchains/gnu_arm/4.9_2015q3/bin/../lib/gcc/arm-none-eabi/4.9.3/armv7e-m/softfp\libgcc.a(_divdi3.o)
 .ARM.extab     0x00000000        0x0 c:/siliconlabs/simplicitystudio/v4/developer/toolchains/gnu_arm/4.9_2015q3/bin/../lib/gcc/arm-none-eabi/4.9.3/armv7e-m/softfp\libgcc.a(_divdi3.o)
 .data          0x00000000        0x0 c:/siliconlabs/simplicitystudio/v4/developer/toolchains/gnu_arm/4.9_2015q3/bin/../lib/gcc/arm-none-eabi/4.9.3/armv7e-m/softfp\libgcc.a(_udivdi3.o)
 .bss           0x00000000        0x0 c:/siliconlabs/simplicitystudio/v4/developer/toolchains/gnu_arm/4.9_2015q3/bin/../lib/gcc/arm-none-eabi/4.9.3/armv7e-m/softfp\libgcc.a(_udivdi3.o)
 .ARM.extab     0x00000000        0x0 c:/siliconlabs/simplicitystudio/v4/developer/toolchains/gnu_arm/4.9_2015q3/bin/../lib/gcc/arm-none-eabi/4.9.3/armv7e-m/softfp\libgcc.a(_udivdi3.o)
 .text          0x00000000        0x0 c:/siliconlabs/simplicitystudio/v4/developer/toolchains/gnu_arm/4.9_2015q3/bin/../lib/gcc/arm-none-eabi/4.9.3/../../../../arm-none-eabi/lib/armv7e-m/softfp\libc_nano.a(lib_a-exit.o)
 .data          0x00000000        0x0 c:/siliconlabs/simplicitystudio/v4/developer/toolchains/gnu_arm/4.9_2015q3/bin/../lib/gcc/arm-none-eabi/4.9.3/../../../../arm-none-eabi/lib/armv7e-m/softfp\libc_nano.a(lib_a-exit.o)
 .bss           0x00000000        0x0 c:/siliconlabs/simplicitystudio/v4/developer/toolchains/gnu_arm/4.9_2015q3/bin/../lib/gcc/arm-none-eabi/4.9.3/../../../../arm-none-eabi/lib/armv7e-m/softfp\libc_nano.a(lib_a-exit.o)
 .text          0x00000000        0x0 c:/siliconlabs/simplicitystudio/v4/developer/toolchains/gnu_arm/4.9_2015q3/bin/../lib/gcc/arm-none-eabi/4.9.3/../../../../arm-none-eabi/lib/armv7e-m/softfp\libc_nano.a(lib_a-impure.o)
 .data          0x00000000        0x0 c:/siliconlabs/simplicitystudio/v4/developer/toolchains/gnu_arm/4.9_2015q3/bin/../lib/gcc/arm-none-eabi/4.9.3/../../../../arm-none-eabi/lib/armv7e-m/softfp\libc_nano.a(lib_a-impure.o)
 .bss           0x00000000        0x0 c:/siliconlabs/simplicitystudio/v4/developer/toolchains/gnu_arm/4.9_2015q3/bin/../lib/gcc/arm-none-eabi/4.9.3/../../../../arm-none-eabi/lib/armv7e-m/softfp\libc_nano.a(lib_a-impure.o)
 .data._impure_ptr
                0x00000000        0x4 c:/siliconlabs/simplicitystudio/v4/developer/toolchains/gnu_arm/4.9_2015q3/bin/../lib/gcc/arm-none-eabi/4.9.3/../../../../arm-none-eabi/lib/armv7e-m/softfp\libc_nano.a(lib_a-impure.o)
 .text          0x00000000        0x0 c:/siliconlabs/simplicitystudio/v4/developer/toolchains/gnu_arm/4.9_2015q3/bin/../lib/gcc/arm-none-eabi/4.9.3/../../../../arm-none-eabi/lib/armv7e-m/softfp\libc_nano.a(lib_a-init.o)
 .data          0x00000000        0x0 c:/siliconlabs/simplicitystudio/v4/developer/toolchains/gnu_arm/4.9_2015q3/bin/../lib/gcc/arm-none-eabi/4.9.3/../../../../arm-none-eabi/lib/armv7e-m/softfp\libc_nano.a(lib_a-init.o)
 .bss           0x00000000        0x0 c:/siliconlabs/simplicitystudio/v4/developer/toolchains/gnu_arm/4.9_2015q3/bin/../lib/gcc/arm-none-eabi/4.9.3/../../../../arm-none-eabi/lib/armv7e-m/softfp\libc_nano.a(lib_a-init.o)
 .text          0x00000000        0x0 c:/siliconlabs/simplicitystudio/v4/developer/toolchains/gnu_arm/4.9_2015q3/bin/../lib/gcc/arm-none-eabi/4.9.3/../../../../arm-none-eabi/lib/armv7e-m/softfp\libc_nano.a(lib_a-memcpy.o)
 .data          0x00000000        0x0 c:/siliconlabs/simplicitystudio/v4/developer/toolchains/gnu_arm/4.9_2015q3/bin/../lib/gcc/arm-none-eabi/4.9.3/../../../../arm-none-eabi/lib/armv7e-m/softfp\libc_nano.a(lib_a-memcpy.o)
 .bss           0x00000000        0x0 c:/siliconlabs/simplicitystudio/v4/developer/toolchains/gnu_arm/4.9_2015q3/bin/../lib/gcc/arm-none-eabi/4.9.3/../../../../arm-none-eabi/lib/armv7e-m/softfp\libc_nano.a(lib_a-memcpy.o)
 .text          0x00000000        0x0 c:/siliconlabs/simplicitystudio/v4/developer/toolchains/gnu_arm/4.9_2015q3/bin/../lib/gcc/arm-none-eabi/4.9.3/../../../../arm-none-eabi/lib/armv7e-m/softfp\libc_nano.a(lib_a-memset.o)
 .data          0x00000000        0x0 c:/siliconlabs/simplicitystudio/v4/developer/toolchains/gnu_arm/4.9_2015q3/bin/../lib/gcc/arm-none-eabi/4.9.3/../../../../arm-none-eabi/lib/armv7e-m/softfp\libc_nano.a(lib_a-memset.o)
 .bss           0x00000000        0x0 c:/siliconlabs/simplicitystudio/v4/developer/toolchains/gnu_arm/4.9_2015q3/bin/../lib/gcc/arm-none-eabi/4.9.3/../../../../arm-none-eabi/lib/armv7e-m/softfp\libc_nano.a(lib_a-memset.o)
 .text          0x00000000        0x0 c:/siliconlabs/simplicitystudio/v4/developer/toolchains/gnu_arm/4.9_2015q3/bin/../lib/gcc/arm-none-eabi/4.9.3/../../../../arm-none-eabi/lib/armv7e-m/softfp\libnosys.a(_exit.o)
 .data          0x00000000        0x0 c:/siliconlabs/simplicitystudio/v4/developer/toolchains/gnu_arm/4.9_2015q3/bin/../lib/gcc/arm-none-eabi/4.9.3/../../../../arm-none-eabi/lib/armv7e-m/softfp\libnosys.a(_exit.o)
 .bss           0x00000000        0x0 c:/siliconlabs/simplicitystudio/v4/developer/toolchains/gnu_arm/4.9_2015q3/bin/../lib/gcc/arm-none-eabi/4.9.3/../../../../arm-none-eabi/lib/armv7e-m/softfp\libnosys.a(_exit.o)
 .text          0x00000000        0x0 c:/siliconlabs/simplicitystudio/v4/developer/toolchains/gnu_arm/4.9_2015q3/bin/../lib/gcc/arm-none-eabi/4.9.3/armv7e-m/softfp/crtend.o
 .data          0x00000000        0x0 c:/siliconlabs/simplicitystudio/v4/developer/toolchains/gnu_arm/4.9_2015q3/bin/../lib/gcc/arm-none-eabi/4.9.3/armv7e-m/softfp/crtend.o
 .bss           0x00000000        0x0 c:/siliconlabs/simplicitystudio/v4/developer/toolchains/gnu_arm/4.9_2015q3/bin/../lib/gcc/arm-none-eabi/4.9.3/armv7e-m/softfp/crtend.o
 .text          0x00000000        0x0 c:/siliconlabs/simplicitystudio/v4/developer/toolchains/gnu_arm/4.9_2015q3/bin/../lib/gcc/arm-none-eabi/4.9.3/armv7e-m/softfp/crtn.o
 .data          0x00000000        0x0 c:/siliconlabs/simplicitystudio/v4/developer/toolchains/gnu_arm/4.9_2015q3/bin/../lib/gcc/arm-none-eabi/4.9.3/armv7e-m/softfp/crtn.o
 .bss           0x00000000        0x0 c:/siliconlabs/simplicitystudio/v4/developer/toolchains/gnu_arm/4.9_2015q3/bin/../lib/gcc/arm-none-eabi/4.9.3/armv7e-m/softfp/crtn.o

Memory Configuration

Name             Origin             Length             Attributes
FLASH            0x00000000         0x00040000         xr
RAM              0x20000000         0x00008000         xrw
*default*        0x00000000         0xffffffff

Linker script and memory map

LOAD c:/siliconlabs/simplicitystudio/v4/developer/toolchains/gnu_arm/4.9_2015q3/bin/../lib/gcc/arm-none-eabi/4.9.3/armv7e-m/softfp/crti.o
LOAD c:/siliconlabs/simplicitystudio/v4/developer/toolchains/gnu_arm/4.9_2015q3/bin/../lib/gcc/arm-none-eabi/4.9.3/armv7e-m/softfp/crtbegin.o
LOAD c:/siliconlabs/simplicitystudio/v4/developer/toolchains/gnu_arm/4.9_2015q3/bin/../lib/gcc/arm-none-eabi/4.9.3/../../../../arm-none-eabi/lib/armv7e-m/softfp/crt0.o
LOAD ./src/main.o
LOAD ./emlib/dmactrl.o
LOAD ./emlib/dmadrv.o
LOAD ./emlib/em_cmu.o
LOAD ./emlib/em_core.o
LOAD ./emlib/em_dma.o
LOAD ./emlib/em_emu.o
LOAD ./emlib/em_gpio.o
LOAD ./emlib/em_rtc.o
LOAD ./emlib/em_system.o
LOAD ./emlib/em_usart.o
LOAD ./emlib/rtcdriver.o
LOAD ./emlib/spidrv.o
LOAD ./emlib/uartdrv.o
LOAD ./CMSIS/EFM32WG/startup_efm32wg.o
LOAD ./CMSIS/EFM32WG/system_efm32wg.o
LOAD ./emlib/em_leuart.o
LOAD ./emlib/gpiointerrupt.o
START GROUP
LOAD c:/siliconlabs/simplicitystudio/v4/developer/toolchains/gnu_arm/4.9_2015q3/bin/../lib/gcc/arm-none-eabi/4.9.3/armv7e-m/softfp\libgcc.a
LOAD c:/siliconlabs/simplicitystudio/v4/developer/toolchains/gnu_arm/4.9_2015q3/bin/../lib/gcc/arm-none-eabi/4.9.3/../../../../arm-none-eabi/lib/armv7e-m/softfp\libc_nano.a
LOAD c:/siliconlabs/simplicitystudio/v4/developer/toolchains/gnu_arm/4.9_2015q3/bin/../lib/gcc/arm-none-eabi/4.9.3/../../../../arm-none-eabi/lib/armv7e-m/softfp\libnosys.a
END GROUP
START GROUP
LOAD c:/siliconlabs/simplicitystudio/v4/developer/toolchains/gnu_arm/4.9_2015q3/bin/../lib/gcc/arm-none-eabi/4.9.3/armv7e-m/softfp\libgcc.a
LOAD c:/siliconlabs/simplicitystudio/v4/developer/toolchains/gnu_arm/4.9_2015q3/bin/../lib/gcc/arm-none-eabi/4.9.3/../../../../arm-none-eabi/lib/armv7e-m/softfp\libg_nano.a
LOAD c:/siliconlabs/simplicitystudio/v4/developer/toolchains/gnu_arm/4.9_2015q3/bin/../lib/gcc/arm-none-eabi/4.9.3/../../../../arm-none-eabi/lib/armv7e-m/softfp\libc_nano.a
END GROUP
START GROUP
LOAD c:/siliconlabs/simplicitystudio/v4/developer/toolchains/gnu_arm/4.9_2015q3/bin/../lib/gcc/arm-none-eabi/4.9.3/armv7e-m/softfp\libgcc.a
LOAD c:/siliconlabs/simplicitystudio/v4/developer/toolchains/gnu_arm/4.9_2015q3/bin/../lib/gcc/arm-none-eabi/4.9.3/../../../../arm-none-eabi/lib/armv7e-m/softfp\libc_nano.a
END GROUP
LOAD c:/siliconlabs/simplicitystudio/v4/developer/toolchains/gnu_arm/4.9_2015q3/bin/../lib/gcc/arm-none-eabi/4.9.3/armv7e-m/softfp/crtend.o
LOAD c:/siliconlabs/simplicitystudio/v4/developer/toolchains/gnu_arm/4.9_2015q3/bin/../lib/gcc/arm-none-eabi/4.9.3/armv7e-m/softfp/crtn.o

.text           0x00000000     0x5c40
 *(.vectors)
 .vectors       0x00000000       0xe0 ./CMSIS/EFM32WG/startup_efm32wg.o
                0x00000000                __Vectors
                0x000000e0                __Vectors_End = .
                0x000000e0                __Vectors_Size = (__Vectors_End - __Vectors)
                0x000000e0                __end__ = .
 *(.text*)
 .text          0x000000e0       0x5c c:/siliconlabs/simplicitystudio/v4/developer/toolchains/gnu_arm/4.9_2015q3/bin/../lib/gcc/arm-none-eabi/4.9.3/armv7e-m/softfp/crtbegin.o
 .text          0x0000013c       0x74 c:/siliconlabs/simplicitystudio/v4/developer/toolchains/gnu_arm/4.9_2015q3/bin/../lib/gcc/arm-none-eabi/4.9.3/../../../../arm-none-eabi/lib/armv7e-m/softfp/crt0.o
                0x0000013c                _start
                0x0000013c                _mainCRTStartup
 .text.GPIO_IntClear
                0x000001b0       0x20 ./src/main.o
 .text.GPIO_IntDisable
                0x000001d0       0x28 ./src/main.o
 .text.GPIO_IntEnable
                0x000001f8       0x28 ./src/main.o
 .text.CHIP_Init
                0x00000220        0xc ./src/main.o
 .text.MAX_Init
                0x0000022c      0x15c ./src/main.o
                0x0000022c                MAX_Init
 .text.SPI_Init
                0x00000388       0x34 ./src/main.o
                0x00000388                SPI_Init
 .text.UART_Init
                0x000003bc       0x34 ./src/main.o
                0x000003bc                UART_Init
 .text.callback_UARTTX
                0x000003f0       0x18 ./src/main.o
                0x000003f0                callback_UARTTX
 .text.GPIOINT_callback
                0x00000408       0x34 ./src/main.o
                0x00000408                GPIOINT_callback
 .text.setupGPIOInt
                0x0000043c       0x40 ./src/main.o
                0x0000043c                setupGPIOInt
 .text.main     0x0000047c      0x104 ./src/main.o
                0x0000047c                main
 .text.NVIC_SetPriority
                0x00000580       0x54 ./emlib/dmadrv.o
 .text.DMADRV_AllocateChannel
                0x000005d4       0xb4 ./emlib/dmadrv.o
                0x000005d4                DMADRV_AllocateChannel
 .text.DMADRV_Init
                0x00000688       0x84 ./emlib/dmadrv.o
                0x00000688                DMADRV_Init
 .text.DMADRV_MemoryPeripheral
                0x0000070c       0x48 ./emlib/dmadrv.o
                0x0000070c                DMADRV_MemoryPeripheral
 .text.DMADRV_PeripheralMemory
                0x00000754       0x48 ./emlib/dmadrv.o
                0x00000754                DMADRV_PeripheralMemory
 .text.DMADRV_PauseTransfer
                0x0000079c       0x6c ./emlib/dmadrv.o
                0x0000079c                DMADRV_PauseTransfer
 .text.DMADRV_ResumeTransfer
                0x00000808       0x6c ./emlib/dmadrv.o
                0x00000808                DMADRV_ResumeTransfer
 .text.DMADRV_TransferActive
                0x00000874       0x84 ./emlib/dmadrv.o
                0x00000874                DMADRV_TransferActive
 .text.DmaBasicCallback
                0x000008f8       0x4c ./emlib/dmadrv.o
 .text.DmaPingPongCallback
                0x00000944       0x8c ./emlib/dmadrv.o
 .text.StartTransfer
                0x000009d0      0x250 ./emlib/dmadrv.o
 .text.BUS_RegBitWrite
                0x00000c20       0x2c ./emlib/em_cmu.o
 .text.BUS_RegBitRead
                0x00000c4c       0x2c ./emlib/em_cmu.o
 .text.CMU_DivToLog2
                0x00000c78       0x34 ./emlib/em_cmu.o
 .text.SYSTEM_GetProdRev
                0x00000cac       0x1c ./emlib/em_cmu.o
 .text.setHfLeConfig
                0x00000cc8       0x60 ./emlib/em_cmu.o
 .text.getHfLeConfig
                0x00000d28       0x20 ./emlib/em_cmu.o
 .text.auxClkGet
                0x00000d48       0xb0 ./emlib/em_cmu.o
 .text.dbgClkGet
                0x00000df8       0x40 ./emlib/em_cmu.o
 .text.flashWaitStateControl
                0x00000e38       0xb8 ./emlib/em_cmu.o
 .text.flashWaitStateMax
                0x00000ef0       0x14 ./emlib/em_cmu.o
 .text.CMU_UpdateWaitStates
                0x00000f04       0x18 ./emlib/em_cmu.o
                0x00000f04                CMU_UpdateWaitStates
 .text.lfClkGet
                0x00000f1c       0xec ./emlib/em_cmu.o
 .text.syncReg  0x00001008       0x34 ./emlib/em_cmu.o
 .text.usbCClkGet
                0x0000103c       0x4c ./emlib/em_cmu.o
 .text.CMU_ClockDivSet
                0x00001088      0x22c ./emlib/em_cmu.o
                0x00001088                CMU_ClockDivSet
 .text.CMU_ClockEnable
                0x000012b4       0xd0 ./emlib/em_cmu.o
                0x000012b4                CMU_ClockEnable
 .text.CMU_ClockFreqGet
                0x00001384      0x1d8 ./emlib/em_cmu.o
                0x00001384                CMU_ClockFreqGet
 .text.CMU_ClockSelectGet
                0x0000155c      0x15c ./emlib/em_cmu.o
                0x0000155c                CMU_ClockSelectGet
 .text.CMU_ClockSelectSet
                0x000016b8      0x290 ./emlib/em_cmu.o
                0x000016b8                CMU_ClockSelectSet
 .text.CMU_OscillatorEnable
                0x00001948       0xbc ./emlib/em_cmu.o
                0x00001948                CMU_OscillatorEnable
 .text.NVIC_GetPriority
                0x00001a04       0x50 ./emlib/em_core.o
 .text.CORE_EnterAtomic
                0x00001a54       0x20 ./emlib/em_core.o
                0x00001a54                CORE_EnterAtomic
 .text.CORE_ExitAtomic
                0x00001a74       0x1c ./emlib/em_core.o
                0x00001a74                CORE_ExitAtomic
 .text.CORE_IrqIsBlocked
                0x00001a90       0xac ./emlib/em_core.o
                0x00001a90                CORE_IrqIsBlocked
 .text.CORE_NvicIRQDisabled
                0x00001b3c       0x58 ./emlib/em_core.o
                0x00001b3c                CORE_NvicIRQDisabled
 .text.NVIC_EnableIRQ
                0x00001b94       0x30 ./emlib/em_dma.o
 .text.NVIC_DisableIRQ
                0x00001bc4       0x34 ./emlib/em_dma.o
 .text.NVIC_ClearPendingIRQ
                0x00001bf8       0x34 ./emlib/em_dma.o
 .text.BUS_RegBitWrite
                0x00001c2c       0x2c ./emlib/em_dma.o
 .text.DMA_Prepare
                0x00001c58      0x114 ./emlib/em_dma.o
 .text.DMA_IRQHandler
                0x00001d6c       0xd8 ./emlib/em_dma.o
                0x00001d6c                DMA_IRQHandler
 .text.DMA_ActivateBasic
                0x00001e44       0x44 ./emlib/em_dma.o
                0x00001e44                DMA_ActivateBasic
 .text.DMA_ActivatePingPong
                0x00001e88       0x5c ./emlib/em_dma.o
                0x00001e88                DMA_ActivatePingPong
 .text.DMA_CfgChannel
                0x00001ee4       0x90 ./emlib/em_dma.o
                0x00001ee4                DMA_CfgChannel
 .text.DMA_CfgDescr
                0x00001f74       0x70 ./emlib/em_dma.o
                0x00001f74                DMA_CfgDescr
 .text.DMA_ChannelEnabled
                0x00001fe4       0x30 ./emlib/em_dma.o
                0x00001fe4                DMA_ChannelEnabled
 .text.DMA_ChannelRequestEnable
                0x00002014       0x38 ./emlib/em_dma.o
                0x00002014                DMA_ChannelRequestEnable
 .text.DMA_Init
                0x0000204c       0x54 ./emlib/em_dma.o
                0x0000204c                DMA_Init
 .text.DMA_RefreshPingPong
                0x000020a0       0xf8 ./emlib/em_dma.o
                0x000020a0                DMA_RefreshPingPong
 .text.DMA_Reset
                0x00002198       0x88 ./emlib/em_dma.o
                0x00002198                DMA_Reset
 .text.BUS_RegBitWrite
                0x00002220       0x2c ./emlib/em_gpio.o
 .text.BUS_RegMaskedWrite
                0x0000224c       0x28 ./emlib/em_gpio.o
 .text.GPIO_PinOutClear
                0x00002274       0x58 ./emlib/em_gpio.o
 .text.GPIO_PinOutSet
                0x000022cc       0x58 ./emlib/em_gpio.o
 .text.GPIO_ExtIntConfig
                0x00002324       0xd4 ./emlib/em_gpio.o
                0x00002324                GPIO_ExtIntConfig
 .text.GPIO_PinModeSet
                0x000023f8      0x10c ./emlib/em_gpio.o
                0x000023f8                GPIO_PinModeSet
 .text.BUS_RegBitWrite
                0x00002504       0x2c ./emlib/em_rtc.o
 .text.RTC_CompareGet
                0x00002530       0x3c ./emlib/em_rtc.o
                0x00002530                RTC_CompareGet
 .text.RTC_CompareSet
                0x0000256c       0x3c ./emlib/em_rtc.o
                0x0000256c                RTC_CompareSet
 .text.RTC_Enable
                0x000025a8       0x20 ./emlib/em_rtc.o
                0x000025a8                RTC_Enable
 .text.RTC_Init
                0x000025c8       0x50 ./emlib/em_rtc.o
                0x000025c8                RTC_Init
 .text.RTC_CounterReset
                0x00002618       0x14 ./emlib/em_rtc.o
                0x00002618                RTC_CounterReset
 .text.USART_BaudrateAsyncSet
                0x0000262c       0xb0 ./emlib/em_usart.o
                0x0000262c                USART_BaudrateAsyncSet
 .text.USART_BaudrateSyncSet
                0x000026dc       0x40 ./emlib/em_usart.o
                0x000026dc                USART_BaudrateSyncSet
 .text.USART_Enable
                0x0000271c       0x70 ./emlib/em_usart.o
                0x0000271c                USART_Enable
 .text.USART_InitAsync
                0x0000278c       0xb4 ./emlib/em_usart.o
                0x0000278c                USART_InitAsync
 .text.USART_InitSync
                0x00002840       0xcc ./emlib/em_usart.o
                0x00002840                USART_InitSync
 .text.USART_Reset
                0x0000290c       0xb0 ./emlib/em_usart.o
                0x0000290c                USART_Reset
 .text.USART_Tx
                0x000029bc       0x2c ./emlib/em_usart.o
                0x000029bc                USART_Tx
 .text.NVIC_EnableIRQ
                0x000029e8       0x30 ./emlib/rtcdriver.o
 .text.NVIC_ClearPendingIRQ
                0x00002a18       0x34 ./emlib/rtcdriver.o
 .text.RTC_CounterGet
                0x00002a4c       0x18 ./emlib/rtcdriver.o
 .text.RTC_IntClear
                0x00002a64       0x1c ./emlib/rtcdriver.o
 .text.RTC_IntDisable
                0x00002a80       0x24 ./emlib/rtcdriver.o
 .text.RTC_IntEnable
                0x00002aa4       0x24 ./emlib/rtcdriver.o
 .text.RTC_IntGetEnabled
                0x00002ac8       0x24 ./emlib/rtcdriver.o
 .text.RTCDRV_AllocateTimer
                0x00002aec       0x8c ./emlib/rtcdriver.o
                0x00002aec                RTCDRV_AllocateTimer
 .text.RTCDRV_Init
                0x00002b78       0xa0 ./emlib/rtcdriver.o
                0x00002b78                RTCDRV_Init
 .text.RTCDRV_StopTimer
                0x00002c18       0x70 ./emlib/rtcdriver.o
                0x00002c18                RTCDRV_StopTimer
 .text.RTC_IRQHandler
                0x00002c88       0xb4 ./emlib/rtcdriver.o
                0x00002c88                RTC_IRQHandler
 .text.checkAllTimers
                0x00002d3c      0x2c8 ./emlib/rtcdriver.o
 .text.executeTimerCallbacks
                0x00003004       0x64 ./emlib/rtcdriver.o
 .text.rescheduleRtc
                0x00003068      0x10c ./emlib/rtcdriver.o
 .text.SPIDRV_Init
                0x00003174      0x26c ./emlib/spidrv.o
                0x00003174                SPIDRV_Init
 .text.SPIDRV_MTransferB
                0x000033e0       0x68 ./emlib/spidrv.o
                0x000033e0                SPIDRV_MTransferB
 .text.SPIDRV_MTransmitB
                0x00003448       0x54 ./emlib/spidrv.o
                0x00003448                SPIDRV_MTransmitB
 .text.BlockingComplete
                0x0000349c       0x24 ./emlib/spidrv.o
 .text.ConfigGPIO
                0x000034c0      0x5e0 ./emlib/spidrv.o
 .text.RxDMAComplete
                0x00003aa0       0x64 ./emlib/spidrv.o
 .text.StartTransferDMA
                0x00003b04       0xc4 ./emlib/spidrv.o
 .text.StartTransmitDMA
                0x00003bc8       0xc4 ./emlib/spidrv.o
 .text.TransferApiBlockingPrologue
                0x00003c8c       0x70 ./emlib/spidrv.o
 .text.WaitForTransferCompletion
                0x00003cfc       0x48 ./emlib/spidrv.o
 .text.USART_IntClear
                0x00003d44       0x1c ./emlib/uartdrv.o
 .text.BUS_RegBitRead
                0x00003d60       0x2c ./emlib/uartdrv.o
 .text.GPIO_PinInGet
                0x00003d8c       0x54 ./emlib/uartdrv.o
 .text.GPIO_PinOutClear
                0x00003de0       0x58 ./emlib/uartdrv.o
 .text.GPIO_PinOutSet
                0x00003e38       0x58 ./emlib/uartdrv.o
 .text.GPIO_IntConfig
                0x00003e90       0x38 ./emlib/uartdrv.o
 .text.HwFcCtsIrqGetDrvHandle
                0x00003ec8       0x48 ./emlib/uartdrv.o
 .text.HwFcGetClearToSendPin
                0x00003f10       0x34 ./emlib/uartdrv.o
 .text.HwFcManageClearToSend
                0x00003f44       0xa0 ./emlib/uartdrv.o
 .text.FcApplyState
                0x00003fe4       0xcc ./emlib/uartdrv.o
 .text.EnqueueBuffer
                0x000040b0       0xa8 ./emlib/uartdrv.o
 .text.DequeueBuffer
                0x00004158       0x84 ./emlib/uartdrv.o
 .text.GetTailBuffer
                0x000041dc       0x58 ./emlib/uartdrv.o
 .text.EnableTransmitter
                0x00004234       0x88 ./emlib/uartdrv.o
 .text.DisableTransmitter
                0x000042bc       0x68 ./emlib/uartdrv.o
 .text.StartTransmitDma
                0x00004324       0x84 ./emlib/uartdrv.o
 .text.TransmitDmaComplete
                0x000043a8       0xb0 ./emlib/uartdrv.o
 .text.CheckParams
                0x00004458       0x44 ./emlib/uartdrv.o
 .text.SetupGpioUart
                0x0000449c      0x49c ./emlib/uartdrv.o
 .text.ConfigGpio
                0x00004938      0x16c ./emlib/uartdrv.o
 .text.SetHandleIndex
                0x00004aa4       0xa4 ./emlib/uartdrv.o
 .text.InitializeQueues
                0x00004b48       0x6c ./emlib/uartdrv.o
 .text.InitializeGpioFlowControl
                0x00004bb4       0x3c ./emlib/uartdrv.o
 .text.InitializeDma
                0x00004bf0       0x48 ./emlib/uartdrv.o
 .text.UARTDRV_InitUart
                0x00004c38      0x278 ./emlib/uartdrv.o
                0x00004c38                UARTDRV_InitUart
 .text.UARTDRV_ForceTransmit
                0x00004eb0      0x124 ./emlib/uartdrv.o
                0x00004eb0                UARTDRV_ForceTransmit
 .text.UARTDRV_PauseTransmit
                0x00004fd4       0x54 ./emlib/uartdrv.o
                0x00004fd4                UARTDRV_PauseTransmit
 .text.UARTDRV_ResumeTransmit
                0x00005028       0x68 ./emlib/uartdrv.o
                0x00005028                UARTDRV_ResumeTransmit
 .text.UARTDRV_Transmit
                0x00005090       0xa4 ./emlib/uartdrv.o
                0x00005090                UARTDRV_Transmit
 .text          0x00005134       0x30 ./CMSIS/EFM32WG/startup_efm32wg.o
                0x00005134                Reset_Handler
                0x00005160                DebugMon_Handler
                0x00005160                USART0_TX_IRQHandler
                0x00005160                I2C0_IRQHandler
                0x00005160                HardFault_Handler
                0x00005160                LEUART1_IRQHandler
                0x00005160                SysTick_Handler
                0x00005160                USART1_RX_IRQHandler
                0x00005160                PendSV_Handler
                0x00005160                NMI_Handler
                0x00005160                I2C1_IRQHandler
                0x00005160                TIMER3_IRQHandler
                0x00005160                USART1_TX_IRQHandler
                0x00005160                MSC_IRQHandler
                0x00005160                ADC0_IRQHandler
                0x00005160                UsageFault_Handler
                0x00005160                LEUART0_IRQHandler
                0x00005160                FPUEH_IRQHandler
                0x00005160                UART0_TX_IRQHandler
                0x00005160                UART1_TX_IRQHandler
                0x00005160                TIMER0_IRQHandler
                0x00005160                TIMER2_IRQHandler
                0x00005160                LCD_IRQHandler
                0x00005160                PCNT2_IRQHandler
                0x00005160                UART0_RX_IRQHandler
                0x00005160                LETIMER0_IRQHandler
                0x00005160                TIMER1_IRQHandler
                0x00005160                USART2_RX_IRQHandler
                0x00005160                Default_Handler
                0x00005160                EMU_IRQHandler
                0x00005160                PCNT0_IRQHandler
                0x00005160                USB_IRQHandler
                0x00005160                BURTC_IRQHandler
                0x00005160                PCNT1_IRQHandler
                0x00005160                ACMP0_IRQHandler
                0x00005160                USART0_RX_IRQHandler
                0x00005160                MemManage_Handler
                0x00005160                SVC_Handler
                0x00005160                DAC0_IRQHandler
                0x00005160                UART1_RX_IRQHandler
                0x00005160                CMU_IRQHandler
                0x00005160                EBI_IRQHandler
                0x00005160                LESENSE_IRQHandler
                0x00005160                AES_IRQHandler
                0x00005160                VCMP_IRQHandler
                0x00005160                BusFault_Handler
                0x00005160                USART2_TX_IRQHandler
 .text.GetProdRev
                0x00005164       0x1c ./CMSIS/EFM32WG/system_efm32wg.o
 .text.SystemCoreClockGet
                0x00005180       0x34 ./CMSIS/EFM32WG/system_efm32wg.o
                0x00005180                SystemCoreClockGet
 .text.SystemMaxCoreClockGet
                0x000051b4       0x14 ./CMSIS/EFM32WG/system_efm32wg.o
                0x000051b4                SystemMaxCoreClockGet
 .text.SystemHFClockGet
                0x000051c8      0x100 ./CMSIS/EFM32WG/system_efm32wg.o
                0x000051c8                SystemHFClockGet
 .text.SystemHFXOClockGet
                0x000052c8       0x18 ./CMSIS/EFM32WG/system_efm32wg.o
                0x000052c8                SystemHFXOClockGet
 .text.SystemInit
                0x000052e0       0x20 ./CMSIS/EFM32WG/system_efm32wg.o
                0x000052e0                SystemInit
 .text.SystemLFRCOClockGet
                0x00005300       0x14 ./CMSIS/EFM32WG/system_efm32wg.o
                0x00005300                SystemLFRCOClockGet
 .text.SystemULFRCOClockGet
                0x00005314       0x14 ./CMSIS/EFM32WG/system_efm32wg.o
                0x00005314                SystemULFRCOClockGet
 .text.SystemLFXOClockGet
                0x00005328       0x18 ./CMSIS/EFM32WG/system_efm32wg.o
                0x00005328                SystemLFXOClockGet
 .text.LEUART_Sync
                0x00005340       0x30 ./emlib/em_leuart.o
 .text.LEUART_Tx
                0x00005370       0x30 ./emlib/em_leuart.o
                0x00005370                LEUART_Tx
 .text.NVIC_EnableIRQ
                0x000053a0       0x30 ./emlib/gpiointerrupt.o
 .text.NVIC_ClearPendingIRQ
                0x000053d0       0x34 ./emlib/gpiointerrupt.o
 .text.GPIO_IntClear
                0x00005404       0x20 ./emlib/gpiointerrupt.o
 .text.GPIO_IntGetEnabled
                0x00005424       0x28 ./emlib/gpiointerrupt.o
 .text.SL_CTZ   0x0000544c       0x28 ./emlib/gpiointerrupt.o
 .text.GPIOINT_Init
                0x00005474       0x20 ./emlib/gpiointerrupt.o
                0x00005474                GPIOINT_Init
 .text.GPIOINT_CallbackRegister
                0x00005494       0x2c ./emlib/gpiointerrupt.o
                0x00005494                GPIOINT_CallbackRegister
 .text.GPIOINT_IRQDispatcher
                0x000054c0       0x50 ./emlib/gpiointerrupt.o
 .text.GPIO_EVEN_IRQHandler
                0x00005510       0x28 ./emlib/gpiointerrupt.o
                0x00005510                GPIO_EVEN_IRQHandler
 .text.GPIO_ODD_IRQHandler
                0x00005538       0x28 ./emlib/gpiointerrupt.o
                0x00005538                GPIO_ODD_IRQHandler
 .text          0x00005560       0x30 c:/siliconlabs/simplicitystudio/v4/developer/toolchains/gnu_arm/4.9_2015q3/bin/../lib/gcc/arm-none-eabi/4.9.3/armv7e-m/softfp\libgcc.a(_aeabi_uldivmod.o)
                0x00005560                __aeabi_uldivmod
 .text          0x00005590       0x60 c:/siliconlabs/simplicitystudio/v4/developer/toolchains/gnu_arm/4.9_2015q3/bin/../lib/gcc/arm-none-eabi/4.9.3/armv7e-m/softfp\libgcc.a(bpabi.o)
                0x00005590                __gnu_ldivmod_helper
                0x000055c0                __gnu_uldivmod_helper
 .text          0x000055f0        0x4 c:/siliconlabs/simplicitystudio/v4/developer/toolchains/gnu_arm/4.9_2015q3/bin/../lib/gcc/arm-none-eabi/4.9.3/armv7e-m/softfp\libgcc.a(_dvmd_tls.o)
                0x000055f0                __aeabi_idiv0
                0x000055f0                __aeabi_ldiv0
 .text          0x000055f4      0x29c c:/siliconlabs/simplicitystudio/v4/developer/toolchains/gnu_arm/4.9_2015q3/bin/../lib/gcc/arm-none-eabi/4.9.3/armv7e-m/softfp\libgcc.a(_divdi3.o)
                0x000055f4                __divdi3
 .text          0x00005890      0x26c c:/siliconlabs/simplicitystudio/v4/developer/toolchains/gnu_arm/4.9_2015q3/bin/../lib/gcc/arm-none-eabi/4.9.3/armv7e-m/softfp\libgcc.a(_udivdi3.o)
                0x00005890                __udivdi3
 .text.exit     0x00005afc       0x28 c:/siliconlabs/simplicitystudio/v4/developer/toolchains/gnu_arm/4.9_2015q3/bin/../lib/gcc/arm-none-eabi/4.9.3/../../../../arm-none-eabi/lib/armv7e-m/softfp\libc_nano.a(lib_a-exit.o)
                0x00005afc                exit
 .text.__libc_init_array
                0x00005b24       0x4c c:/siliconlabs/simplicitystudio/v4/developer/toolchains/gnu_arm/4.9_2015q3/bin/../lib/gcc/arm-none-eabi/4.9.3/../../../../arm-none-eabi/lib/armv7e-m/softfp\libc_nano.a(lib_a-init.o)
                0x00005b24                __libc_init_array
 .text.memcpy   0x00005b70       0x16 c:/siliconlabs/simplicitystudio/v4/developer/toolchains/gnu_arm/4.9_2015q3/bin/../lib/gcc/arm-none-eabi/4.9.3/../../../../arm-none-eabi/lib/armv7e-m/softfp\libc_nano.a(lib_a-memcpy.o)
                0x00005b70                memcpy
 .text.memset   0x00005b86       0x10 c:/siliconlabs/simplicitystudio/v4/developer/toolchains/gnu_arm/4.9_2015q3/bin/../lib/gcc/arm-none-eabi/4.9.3/../../../../arm-none-eabi/lib/armv7e-m/softfp\libc_nano.a(lib_a-memset.o)
                0x00005b86                memset
 *fill*         0x00005b96        0x2 
 .text._exit    0x00005b98        0x4 c:/siliconlabs/simplicitystudio/v4/developer/toolchains/gnu_arm/4.9_2015q3/bin/../lib/gcc/arm-none-eabi/4.9.3/../../../../arm-none-eabi/lib/armv7e-m/softfp\libnosys.a(_exit.o)
                0x00005b98                _exit
 *(.init)
 .init          0x00005b9c        0x4 c:/siliconlabs/simplicitystudio/v4/developer/toolchains/gnu_arm/4.9_2015q3/bin/../lib/gcc/arm-none-eabi/4.9.3/armv7e-m/softfp/crti.o
                0x00005b9c                _init
 .init          0x00005ba0        0x8 c:/siliconlabs/simplicitystudio/v4/developer/toolchains/gnu_arm/4.9_2015q3/bin/../lib/gcc/arm-none-eabi/4.9.3/armv7e-m/softfp/crtn.o
 *(.fini)
 .fini          0x00005ba8        0x4 c:/siliconlabs/simplicitystudio/v4/developer/toolchains/gnu_arm/4.9_2015q3/bin/../lib/gcc/arm-none-eabi/4.9.3/armv7e-m/softfp/crti.o
                0x00005ba8                _fini
 .fini          0x00005bac        0x8 c:/siliconlabs/simplicitystudio/v4/developer/toolchains/gnu_arm/4.9_2015q3/bin/../lib/gcc/arm-none-eabi/4.9.3/armv7e-m/softfp/crtn.o
 *crtbegin.o(.ctors)
 *crtbegin?.o(.ctors)
 *(EXCLUDE_FILE(*crtend.o *crtend?.o) .ctors)
 *(SORT(.ctors.*))
 *(.ctors)
 *crtbegin.o(.dtors)
 *crtbegin?.o(.dtors)
 *(EXCLUDE_FILE(*crtend.o *crtend?.o) .dtors)
 *(SORT(.dtors.*))
 *(.dtors)
 *(.rodata*)
 .rodata        0x00005bb4       0x3c ./src/main.o
 .rodata.initRTC
                0x00005bf0        0x3 ./emlib/rtcdriver.o
 *fill*         0x00005bf3        0x1 
 .rodata        0x00005bf4       0x18 ./emlib/spidrv.o
 .rodata        0x00005c0c       0x28 ./emlib/uartdrv.o
 .rodata.str1.1
                0x00005c34        0x2 c:/siliconlabs/simplicitystudio/v4/developer/toolchains/gnu_arm/4.9_2015q3/bin/../lib/gcc/arm-none-eabi/4.9.3/../../../../arm-none-eabi/lib/armv7e-m/softfp\libc_nano.a(lib_a-impure.o)
 *fill*         0x00005c36        0x2 
 .rodata._global_impure_ptr
                0x00005c38        0x4 c:/siliconlabs/simplicitystudio/v4/developer/toolchains/gnu_arm/4.9_2015q3/bin/../lib/gcc/arm-none-eabi/4.9.3/../../../../arm-none-eabi/lib/armv7e-m/softfp\libc_nano.a(lib_a-impure.o)
                0x00005c38                _global_impure_ptr
 *(.eh_frame*)
 .eh_frame      0x00005c3c        0x0 c:/siliconlabs/simplicitystudio/v4/developer/toolchains/gnu_arm/4.9_2015q3/bin/../lib/gcc/arm-none-eabi/4.9.3/armv7e-m/softfp/crtbegin.o
 .eh_frame      0x00005c3c        0x4 c:/siliconlabs/simplicitystudio/v4/developer/toolchains/gnu_arm/4.9_2015q3/bin/../lib/gcc/arm-none-eabi/4.9.3/armv7e-m/softfp/crtend.o

.glue_7         0x00005c40        0x0
 .glue_7        0x00000000        0x0 linker stubs

.glue_7t        0x00005c40        0x0
 .glue_7t       0x00000000        0x0 linker stubs

.vfp11_veneer   0x00005c40        0x0
 .vfp11_veneer  0x00000000        0x0 linker stubs

.v4_bx          0x00005c40        0x0
 .v4_bx         0x00000000        0x0 linker stubs

.iplt           0x00005c40        0x0
 .iplt          0x00000000        0x0 c:/siliconlabs/simplicitystudio/v4/developer/toolchains/gnu_arm/4.9_2015q3/bin/../lib/gcc/arm-none-eabi/4.9.3/armv7e-m/softfp/crtbegin.o

.ARM.extab
 *(.ARM.extab* .gnu.linkonce.armextab.*)
                0x00005c40                __exidx_start = .

.ARM.exidx      0x00005c40        0x8
 *(.ARM.exidx* .gnu.linkonce.armexidx.*)
 .ARM.exidx     0x00005c40        0x8 c:/siliconlabs/simplicitystudio/v4/developer/toolchains/gnu_arm/4.9_2015q3/bin/../lib/gcc/arm-none-eabi/4.9.3/../../../../arm-none-eabi/lib/armv7e-m/softfp/crt0.o
 .ARM.exidx     0x00005c48        0x0 c:/siliconlabs/simplicitystudio/v4/developer/toolchains/gnu_arm/4.9_2015q3/bin/../lib/gcc/arm-none-eabi/4.9.3/armv7e-m/softfp\libgcc.a(_divdi3.o)
                                  0x8 (size before relaxing)
 .ARM.exidx     0x00005c48        0x0 c:/siliconlabs/simplicitystudio/v4/developer/toolchains/gnu_arm/4.9_2015q3/bin/../lib/gcc/arm-none-eabi/4.9.3/armv7e-m/softfp\libgcc.a(_udivdi3.o)
                                  0x8 (size before relaxing)
                0x00005c48                __exidx_end = .
                0x00005c48                __etext = .

.rel.dyn        0x00005c48        0x0
 .rel.iplt      0x00000000        0x0 c:/siliconlabs/simplicitystudio/v4/developer/toolchains/gnu_arm/4.9_2015q3/bin/../lib/gcc/arm-none-eabi/4.9.3/armv7e-m/softfp/crtbegin.o

.data           0x20000000      0x180 load address 0x00005c48
                0x20000000                __data_start__ = .
 *(vtable)
 *(.data*)
 .data.spi_handle
                0x20000000        0x4 ./src/main.o
                0x20000000                spi_handle
 .data.rxBufferQueue
                0x20000004       0x80 ./src/main.o
 .data.txBufferQueue
                0x20000084       0x80 ./src/main.o
 .data.uart_handle
                0x20000104        0x4 ./src/main.o
                0x20000104                uart_handle
 .data.SystemHFXOClock
                0x20000108        0x4 ./CMSIS/EFM32WG/system_efm32wg.o
 .data.SystemLFXOClock
                0x2000010c        0x4 ./CMSIS/EFM32WG/system_efm32wg.o
 .data.SystemCoreClock
                0x20000110        0x4 ./CMSIS/EFM32WG/system_efm32wg.o
                0x20000110                SystemCoreClock
 .data.impure_data
                0x20000114       0x60 c:/siliconlabs/simplicitystudio/v4/developer/toolchains/gnu_arm/4.9_2015q3/bin/../lib/gcc/arm-none-eabi/4.9.3/../../../../arm-none-eabi/lib/armv7e-m/softfp\libc_nano.a(lib_a-impure.o)
                0x20000174                . = ALIGN (0x4)
 *(.ram)
                0x20000174                . = ALIGN (0x4)
                0x20000174                PROVIDE (__preinit_array_start, .)
 *(.preinit_array)
                0x20000174                PROVIDE (__preinit_array_end, .)
                0x20000174                . = ALIGN (0x4)
                0x20000174                PROVIDE (__init_array_start, .)
 *(SORT(.init_array.*))
 *(.init_array)
 .init_array    0x20000174        0x4 c:/siliconlabs/simplicitystudio/v4/developer/toolchains/gnu_arm/4.9_2015q3/bin/../lib/gcc/arm-none-eabi/4.9.3/armv7e-m/softfp/crtbegin.o
                0x20000178                PROVIDE (__init_array_end, .)
                0x20000178                . = ALIGN (0x4)
                0x20000178                PROVIDE (__fini_array_start, .)
 *(SORT(.fini_array.*))
 *(.fini_array)
 .fini_array    0x20000178        0x4 c:/siliconlabs/simplicitystudio/v4/developer/toolchains/gnu_arm/4.9_2015q3/bin/../lib/gcc/arm-none-eabi/4.9.3/armv7e-m/softfp/crtbegin.o
                0x2000017c                PROVIDE (__fini_array_end, .)
 *(.jcr*)
 .jcr           0x2000017c        0x0 c:/siliconlabs/simplicitystudio/v4/developer/toolchains/gnu_arm/4.9_2015q3/bin/../lib/gcc/arm-none-eabi/4.9.3/armv7e-m/softfp/crtbegin.o
 .jcr           0x2000017c        0x4 c:/siliconlabs/simplicitystudio/v4/developer/toolchains/gnu_arm/4.9_2015q3/bin/../lib/gcc/arm-none-eabi/4.9.3/armv7e-m/softfp/crtend.o
                0x20000180                . = ALIGN (0x4)
                0x20000180                __data_end__ = .

.igot.plt       0x20000180        0x0 load address 0x00005dc8
 .igot.plt      0x00000000        0x0 c:/siliconlabs/simplicitystudio/v4/developer/toolchains/gnu_arm/4.9_2015q3/bin/../lib/gcc/arm-none-eabi/4.9.3/armv7e-m/softfp/crtbegin.o

.bss            0x20000200      0x600 load address 0x00005f00
                0x20000200                . = ALIGN (0x4)
                0x20000200                __bss_start__ = .
 *(.bss*)
 .bss           0x20000200       0x1c c:/siliconlabs/simplicitystudio/v4/developer/toolchains/gnu_arm/4.9_2015q3/bin/../lib/gcc/arm-none-eabi/4.9.3/armv7e-m/softfp/crtbegin.o
 .bss.initialized
                0x2000021c        0x1 ./emlib/dmadrv.o
 *fill*         0x2000021d        0x3 
 .bss.chTable   0x20000220       0xf0 ./emlib/dmadrv.o
 .bss.dmaCallBack
                0x20000310       0x90 ./emlib/dmadrv.o
 .bss.timer     0x200003a0       0xa0 ./emlib/rtcdriver.o
 .bss.lastStart
                0x20000440        0x4 ./emlib/rtcdriver.o
 .bss.startTimerNestingLevel
                0x20000444        0x4 ./emlib/rtcdriver.o
 .bss.inTimerIRQ
                0x20000448        0x1 ./emlib/rtcdriver.o
 .bss.rtcRunning
                0x20000449        0x1 ./emlib/rtcdriver.o
 .bss.rtcdrvIsInitialized
                0x2000044a        0x1 ./emlib/rtcdriver.o
 .bss.spidrvIsInitialized
                0x2000044b        0x1 ./emlib/spidrv.o
 .bss.uartdrvHandleIsInitialized
                0x2000044c        0x1 ./emlib/uartdrv.o
 *fill*         0x2000044d        0x3 
 .bss.uartdrvHandle
                0x20000450       0x10 ./emlib/uartdrv.o
 .bss.gpioCallbacks
                0x20000460       0x40 ./emlib/gpiointerrupt.o
 *(COMMON)
 COMMON         0x200004a0       0xec ./src/main.o
                0x200004a0                spi_handleData
                0x200004f8                rtc_id
                0x200004fc                spi_rx_buffer
                0x20000510                buffer
                0x20000550                spi_tx_buffer
                0x20000554                spi_tx_config_buffer
                0x20000558                uart_handleData
 *fill*         0x2000058c       0x74 
 COMMON         0x20000600      0x200 ./emlib/dmactrl.o
                0x20000600                dmaControlBlock
                0x20000800                . = ALIGN (0x4)
                0x20000800                __bss_end__ = .

.heap           0x20000800      0xc00
                0x20000800                __HeapBase = .
                0x20000800                __end__ = .
                0x20000800                end = __end__
                0x20000800                _end = __end__
 *(.heap*)
 .heap          0x20000800      0xc00 ./CMSIS/EFM32WG/startup_efm32wg.o
                0x20001400                __HeapLimit = .

.stack_dummy    0x20000800      0x400
 *(.stack*)
 .stack         0x20000800      0x400 ./CMSIS/EFM32WG/startup_efm32wg.o
                0x20008000                __StackTop = (ORIGIN (RAM) + 0x8000)
                0x20007c00                __StackLimit = (__StackTop - SIZEOF (.stack_dummy))
                0x20008000                PROVIDE (__stack, __StackTop)
                0x00000001                ASSERT ((__StackLimit >= __HeapLimit), region RAM overflowed with stack)
                0x00000001                ASSERT ((0x40000 >= (__etext + SIZEOF (.data))), FLASH memory overflowed !)
OUTPUT(WonderGecko_MAX35103.axf elf32-littlearm)

.ARM.attributes
                0x00000000       0x2e
 .ARM.attributes
                0x00000000       0x22 c:/siliconlabs/simplicitystudio/v4/developer/toolchains/gnu_arm/4.9_2015q3/bin/../lib/gcc/arm-none-eabi/4.9.3/armv7e-m/softfp/crti.o
 .ARM.attributes
                0x00000022       0x32 c:/siliconlabs/simplicitystudio/v4/developer/toolchains/gnu_arm/4.9_2015q3/bin/../lib/gcc/arm-none-eabi/4.9.3/armv7e-m/softfp/crtbegin.o
 .ARM.attributes
                0x00000054       0x20 c:/siliconlabs/simplicitystudio/v4/developer/toolchains/gnu_arm/4.9_2015q3/bin/../lib/gcc/arm-none-eabi/4.9.3/../../../../arm-none-eabi/lib/armv7e-m/softfp/crt0.o
 .ARM.attributes
                0x00000074       0x37 ./src/main.o
 .ARM.attributes
                0x000000ab       0x37 ./emlib/dmactrl.o
 .ARM.attributes
                0x000000e2       0x37 ./emlib/dmadrv.o
 .ARM.attributes
                0x00000119       0x37 ./emlib/em_cmu.o
 .ARM.attributes
                0x00000150       0x37 ./emlib/em_core.o
 .ARM.attributes
                0x00000187       0x37 ./emlib/em_dma.o
 .ARM.attributes
                0x000001be       0x37 ./emlib/em_gpio.o
 .ARM.attributes
                0x000001f5       0x37 ./emlib/em_rtc.o
 .ARM.attributes
                0x0000022c       0x37 ./emlib/em_usart.o
 .ARM.attributes
                0x00000263       0x37 ./emlib/rtcdriver.o
 .ARM.attributes
                0x0000029a       0x37 ./emlib/spidrv.o
 .ARM.attributes
                0x000002d1       0x37 ./emlib/uartdrv.o
 .ARM.attributes
                0x00000308       0x1b ./CMSIS/EFM32WG/startup_efm32wg.o
 .ARM.attributes
                0x00000323       0x37 ./CMSIS/EFM32WG/system_efm32wg.o
 .ARM.attributes
                0x0000035a       0x37 ./emlib/em_leuart.o
 .ARM.attributes
                0x00000391       0x37 ./emlib/gpiointerrupt.o
 .ARM.attributes
                0x000003c8       0x22 c:/siliconlabs/simplicitystudio/v4/developer/toolchains/gnu_arm/4.9_2015q3/bin/../lib/gcc/arm-none-eabi/4.9.3/armv7e-m/softfp\libgcc.a(_aeabi_uldivmod.o)
 .ARM.attributes
                0x000003ea       0x32 c:/siliconlabs/simplicitystudio/v4/developer/toolchains/gnu_arm/4.9_2015q3/bin/../lib/gcc/arm-none-eabi/4.9.3/armv7e-m/softfp\libgcc.a(bpabi.o)
 .ARM.attributes
                0x0000041c       0x22 c:/siliconlabs/simplicitystudio/v4/developer/toolchains/gnu_arm/4.9_2015q3/bin/../lib/gcc/arm-none-eabi/4.9.3/armv7e-m/softfp\libgcc.a(_dvmd_tls.o)
 .ARM.attributes
                0x0000043e       0x32 c:/siliconlabs/simplicitystudio/v4/developer/toolchains/gnu_arm/4.9_2015q3/bin/../lib/gcc/arm-none-eabi/4.9.3/armv7e-m/softfp\libgcc.a(_divdi3.o)
 .ARM.attributes
                0x00000470       0x32 c:/siliconlabs/simplicitystudio/v4/developer/toolchains/gnu_arm/4.9_2015q3/bin/../lib/gcc/arm-none-eabi/4.9.3/armv7e-m/softfp\libgcc.a(_udivdi3.o)
 .ARM.attributes
                0x000004a2       0x32 c:/siliconlabs/simplicitystudio/v4/developer/toolchains/gnu_arm/4.9_2015q3/bin/../lib/gcc/arm-none-eabi/4.9.3/../../../../arm-none-eabi/lib/armv7e-m/softfp\libc_nano.a(lib_a-exit.o)
 .ARM.attributes
                0x000004d4       0x32 c:/siliconlabs/simplicitystudio/v4/developer/toolchains/gnu_arm/4.9_2015q3/bin/../lib/gcc/arm-none-eabi/4.9.3/../../../../arm-none-eabi/lib/armv7e-m/softfp\libc_nano.a(lib_a-impure.o)
 .ARM.attributes
                0x00000506       0x32 c:/siliconlabs/simplicitystudio/v4/developer/toolchains/gnu_arm/4.9_2015q3/bin/../lib/gcc/arm-none-eabi/4.9.3/../../../../arm-none-eabi/lib/armv7e-m/softfp\libc_nano.a(lib_a-init.o)
 .ARM.attributes
                0x00000538       0x32 c:/siliconlabs/simplicitystudio/v4/developer/toolchains/gnu_arm/4.9_2015q3/bin/../lib/gcc/arm-none-eabi/4.9.3/../../../../arm-none-eabi/lib/armv7e-m/softfp\libc_nano.a(lib_a-memcpy.o)
 .ARM.attributes
                0x0000056a       0x32 c:/siliconlabs/simplicitystudio/v4/developer/toolchains/gnu_arm/4.9_2015q3/bin/../lib/gcc/arm-none-eabi/4.9.3/../../../../arm-none-eabi/lib/armv7e-m/softfp\libc_nano.a(lib_a-memset.o)
 .ARM.attributes
                0x0000059c       0x32 c:/siliconlabs/simplicitystudio/v4/developer/toolchains/gnu_arm/4.9_2015q3/bin/../lib/gcc/arm-none-eabi/4.9.3/../../../../arm-none-eabi/lib/armv7e-m/softfp\libnosys.a(_exit.o)
 .ARM.attributes
                0x000005ce       0x32 c:/siliconlabs/simplicitystudio/v4/developer/toolchains/gnu_arm/4.9_2015q3/bin/../lib/gcc/arm-none-eabi/4.9.3/armv7e-m/softfp/crtend.o
 .ARM.attributes
                0x00000600       0x22 c:/siliconlabs/simplicitystudio/v4/developer/toolchains/gnu_arm/4.9_2015q3/bin/../lib/gcc/arm-none-eabi/4.9.3/armv7e-m/softfp/crtn.o

.comment        0x00000000       0x70
 .comment       0x00000000       0x70 ./src/main.o
                                 0x71 (size before relaxing)
 .comment       0x00000000       0x71 ./emlib/dmactrl.o
 .comment       0x00000000       0x71 ./emlib/dmadrv.o
 .comment       0x00000000       0x71 ./emlib/em_cmu.o
 .comment       0x00000000       0x71 ./emlib/em_core.o
 .comment       0x00000000       0x71 ./emlib/em_dma.o
 .comment       0x00000000       0x71 ./emlib/em_gpio.o
 .comment       0x00000000       0x71 ./emlib/em_rtc.o
 .comment       0x00000000       0x71 ./emlib/em_usart.o
 .comment       0x00000000       0x71 ./emlib/rtcdriver.o
 .comment       0x00000000       0x71 ./emlib/spidrv.o
 .comment       0x00000000       0x71 ./emlib/uartdrv.o
 .comment       0x00000000       0x71 ./CMSIS/EFM32WG/system_efm32wg.o
 .comment       0x00000000       0x71 ./emlib/em_leuart.o
 .comment       0x00000000       0x71 ./emlib/gpiointerrupt.o

.debug_info     0x00000000     0xe192
 .debug_info    0x00000000     0x155e ./src/main.o
 .debug_info    0x0000155e      0x129 ./emlib/dmactrl.o
 .debug_info    0x00001687     0x170d ./emlib/dmadrv.o
 .debug_info    0x00002d94     0x1287 ./emlib/em_cmu.o
 .debug_info    0x0000401b      0xd04 ./emlib/em_core.o
 .debug_info    0x00004d1f     0x12f1 ./emlib/em_dma.o
 .debug_info    0x00006010      0x65f ./emlib/em_gpio.o
 .debug_info    0x0000666f      0x343 ./emlib/em_rtc.o
 .debug_info    0x000069b2      0xebf ./emlib/em_usart.o
 .debug_info    0x00007871      0xd84 ./emlib/rtcdriver.o
 .debug_info    0x000085f5     0x1ba6 ./emlib/spidrv.o
 .debug_info    0x0000a19b     0x27e4 ./emlib/uartdrv.o
 .debug_info    0x0000c97f       0xf6 ./CMSIS/EFM32WG/startup_efm32wg.o
 .debug_info    0x0000ca75      0x723 ./CMSIS/EFM32WG/system_efm32wg.o
 .debug_info    0x0000d198      0x851 ./emlib/em_leuart.o
 .debug_info    0x0000d9e9      0x7a9 ./emlib/gpiointerrupt.o

.debug_abbrev   0x00000000     0x1f91
 .debug_abbrev  0x00000000      0x248 ./src/main.o
 .debug_abbrev  0x00000248       0x98 ./emlib/dmactrl.o
 .debug_abbrev  0x000002e0      0x278 ./emlib/dmadrv.o
 .debug_abbrev  0x00000558      0x2b7 ./emlib/em_cmu.o
 .debug_abbrev  0x0000080f      0x239 ./emlib/em_core.o
 .debug_abbrev  0x00000a48      0x24d ./emlib/em_dma.o
 .debug_abbrev  0x00000c95      0x1c2 ./emlib/em_gpio.o
 .debug_abbrev  0x00000e57      0x198 ./emlib/em_rtc.o
 .debug_abbrev  0x00000fef      0x1c7 ./emlib/em_usart.o
 .debug_abbrev  0x000011b6      0x29e ./emlib/rtcdriver.o
 .debug_abbrev  0x00001454      0x25b ./emlib/spidrv.o
 .debug_abbrev  0x000016af      0x2fd ./emlib/uartdrv.o
 .debug_abbrev  0x000019ac       0x14 ./CMSIS/EFM32WG/startup_efm32wg.o
 .debug_abbrev  0x000019c0      0x1a3 ./CMSIS/EFM32WG/system_efm32wg.o
 .debug_abbrev  0x00001b63      0x1e2 ./emlib/em_leuart.o
 .debug_abbrev  0x00001d45      0x24c ./emlib/gpiointerrupt.o

.debug_loc      0x00000000     0x61f6
 .debug_loc     0x00000000      0x384 ./src/main.o
 .debug_loc     0x00000384      0x665 ./emlib/dmadrv.o
 .debug_loc     0x000009e9      0xd0c ./emlib/em_cmu.o
 .debug_loc     0x000016f5      0x88c ./emlib/em_core.o
 .debug_loc     0x00001f81      0x72c ./emlib/em_dma.o
 .debug_loc     0x000026ad      0x3d0 ./emlib/em_gpio.o
 .debug_loc     0x00002a7d      0x28c ./emlib/em_rtc.o
 .debug_loc     0x00002d09      0x6d2 ./emlib/em_usart.o
 .debug_loc     0x000033db      0x6e4 ./emlib/rtcdriver.o
 .debug_loc     0x00003abf      0xac7 ./emlib/spidrv.o
 .debug_loc     0x00004586     0x1180 ./emlib/uartdrv.o
 .debug_loc     0x00005706      0x31c ./CMSIS/EFM32WG/system_efm32wg.o
 .debug_loc     0x00005a22      0x49c ./emlib/em_leuart.o
 .debug_loc     0x00005ebe      0x338 ./emlib/gpiointerrupt.o

.debug_aranges  0x00000000      0xb00
 .debug_aranges
                0x00000000       0x78 ./src/main.o
 .debug_aranges
                0x00000078       0x18 ./emlib/dmactrl.o
 .debug_aranges
                0x00000090       0xb8 ./emlib/dmadrv.o
 .debug_aranges
                0x00000148      0x160 ./emlib/em_cmu.o
 .debug_aranges
                0x000002a8       0xe8 ./emlib/em_core.o
 .debug_aranges
                0x00000390       0xc0 ./emlib/em_dma.o
 .debug_aranges
                0x00000450       0x70 ./emlib/em_gpio.o
 .debug_aranges
                0x000004c0       0x58 ./emlib/em_rtc.o
 .debug_aranges
                0x00000518       0xb8 ./emlib/em_usart.o
 .debug_aranges
                0x000005d0       0xc8 ./emlib/rtcdriver.o
 .debug_aranges
                0x00000698      0x128 ./emlib/spidrv.o
 .debug_aranges
                0x000007c0      0x1c0 ./emlib/uartdrv.o
 .debug_aranges
                0x00000980       0x20 ./CMSIS/EFM32WG/startup_efm32wg.o
 .debug_aranges
                0x000009a0       0x70 ./CMSIS/EFM32WG/system_efm32wg.o
 .debug_aranges
                0x00000a10       0x88 ./emlib/em_leuart.o
 .debug_aranges
                0x00000a98       0x68 ./emlib/gpiointerrupt.o

.debug_ranges   0x00000000      0x9e8
 .debug_ranges  0x00000000       0x68 ./src/main.o
 .debug_ranges  0x00000068       0xa8 ./emlib/dmadrv.o
 .debug_ranges  0x00000110      0x150 ./emlib/em_cmu.o
 .debug_ranges  0x00000260       0xd8 ./emlib/em_core.o
 .debug_ranges  0x00000338       0xb0 ./emlib/em_dma.o
 .debug_ranges  0x000003e8       0x60 ./emlib/em_gpio.o
 .debug_ranges  0x00000448       0x48 ./emlib/em_rtc.o
 .debug_ranges  0x00000490       0xa8 ./emlib/em_usart.o
 .debug_ranges  0x00000538       0xb8 ./emlib/rtcdriver.o
 .debug_ranges  0x000005f0      0x118 ./emlib/spidrv.o
 .debug_ranges  0x00000708      0x1b0 ./emlib/uartdrv.o
 .debug_ranges  0x000008b8       0x60 ./CMSIS/EFM32WG/system_efm32wg.o
 .debug_ranges  0x00000918       0x78 ./emlib/em_leuart.o
 .debug_ranges  0x00000990       0x58 ./emlib/gpiointerrupt.o

.debug_line     0x00000000     0x660a
 .debug_line    0x00000000      0x6d1 ./src/main.o
 .debug_line    0x000006d1      0x21d ./emlib/dmactrl.o
 .debug_line    0x000008ee      0x6cb ./emlib/dmadrv.o
 .debug_line    0x00000fb9      0xa00 ./emlib/em_cmu.o
 .debug_line    0x000019b9      0x5ec ./emlib/em_core.o
 .debug_line    0x00001fa5      0x582 ./emlib/em_dma.o
 .debug_line    0x00002527      0x46b ./emlib/em_gpio.o
 .debug_line    0x00002992      0x34b ./emlib/em_rtc.o
 .debug_line    0x00002cdd      0x5c5 ./emlib/em_usart.o
 .debug_line    0x000032a2      0x689 ./emlib/rtcdriver.o
 .debug_line    0x0000392b      0xdeb ./emlib/spidrv.o
 .debug_line    0x00004716     0x1242 ./emlib/uartdrv.o
 .debug_line    0x00005958       0xd3 ./CMSIS/EFM32WG/startup_efm32wg.o
 .debug_line    0x00005a2b      0x38a ./CMSIS/EFM32WG/system_efm32wg.o
 .debug_line    0x00005db5      0x421 ./emlib/em_leuart.o
 .debug_line    0x000061d6      0x434 ./emlib/gpiointerrupt.o

.debug_str      0x00000000     0x49f3
 .debug_str     0x00000000     0x187d ./src/main.o
                               0x195c (size before relaxing)
 .debug_str     0x0000187d       0x4d ./emlib/dmactrl.o
                                0x24e (size before relaxing)
 .debug_str     0x000018ca      0x95b ./emlib/dmadrv.o
                               0x1714 (size before relaxing)
 .debug_str     0x00002225      0x8ac ./emlib/em_cmu.o
                                0xdbb (size before relaxing)
 .debug_str     0x00002ad1      0x30f ./emlib/em_core.o
                                0x875 (size before relaxing)
 .debug_str     0x00002de0      0x2dd ./emlib/em_dma.o
                                0xdae (size before relaxing)
 .debug_str     0x000030bd      0x16c ./emlib/em_gpio.o
                                0x61a (size before relaxing)
 .debug_str     0x00003229       0xbe ./emlib/em_rtc.o
                                0x300 (size before relaxing)
 .debug_str     0x000032e7      0x7d9 ./emlib/em_usart.o
                                0xe1c (size before relaxing)
 .debug_str     0x00003ac0      0x2e0 ./emlib/rtcdriver.o
                                0xbf4 (size before relaxing)
 .debug_str     0x00003da0      0x2f0 ./emlib/spidrv.o
                               0x1c79 (size before relaxing)
 .debug_str     0x00004090      0x63b ./emlib/uartdrv.o
                               0x22f2 (size before relaxing)
 .debug_str     0x000046cb      0x16d ./CMSIS/EFM32WG/system_efm32wg.o
                                0x542 (size before relaxing)
 .debug_str     0x00004838       0xf4 ./emlib/em_leuart.o
                                0x7a8 (size before relaxing)
 .debug_str     0x0000492c       0xc7 ./emlib/gpiointerrupt.o
                                0x6d6 (size before relaxing)

.debug_frame    0x00000000     0x2ee8
 .debug_frame   0x00000000      0x1c4 ./src/main.o
 .debug_frame   0x000001c4      0x2f0 ./emlib/dmadrv.o
 .debug_frame   0x000004b4      0x608 ./emlib/em_cmu.o
 .debug_frame   0x00000abc      0x3dc ./emlib/em_core.o
 .debug_frame   0x00000e98      0x340 ./emlib/em_dma.o
 .debug_frame   0x000011d8      0x1c0 ./emlib/em_gpio.o
 .debug_frame   0x00001398      0x138 ./emlib/em_rtc.o
 .debug_frame   0x000014d0      0x310 ./emlib/em_usart.o
 .debug_frame   0x000017e0      0x354 ./emlib/rtcdriver.o
 .debug_frame   0x00001b34      0x500 ./emlib/spidrv.o
 .debug_frame   0x00002034      0x7fc ./emlib/uartdrv.o
 .debug_frame   0x00002830      0x180 ./CMSIS/EFM32WG/system_efm32wg.o
 .debug_frame   0x000029b0      0x21c ./emlib/em_leuart.o
 .debug_frame   0x00002bcc      0x184 ./emlib/gpiointerrupt.o
 .debug_frame   0x00002d50       0x28 c:/siliconlabs/simplicitystudio/v4/developer/toolchains/gnu_arm/4.9_2015q3/bin/../lib/gcc/arm-none-eabi/4.9.3/armv7e-m/softfp\libgcc.a(_aeabi_uldivmod.o)
 .debug_frame   0x00002d78       0x50 c:/siliconlabs/simplicitystudio/v4/developer/toolchains/gnu_arm/4.9_2015q3/bin/../lib/gcc/arm-none-eabi/4.9.3/armv7e-m/softfp\libgcc.a(bpabi.o)
 .debug_frame   0x00002dc8       0x34 c:/siliconlabs/simplicitystudio/v4/developer/toolchains/gnu_arm/4.9_2015q3/bin/../lib/gcc/arm-none-eabi/4.9.3/armv7e-m/softfp\libgcc.a(_divdi3.o)
 .debug_frame   0x00002dfc       0x30 c:/siliconlabs/simplicitystudio/v4/developer/toolchains/gnu_arm/4.9_2015q3/bin/../lib/gcc/arm-none-eabi/4.9.3/armv7e-m/softfp\libgcc.a(_udivdi3.o)
 .debug_frame   0x00002e2c       0x28 c:/siliconlabs/simplicitystudio/v4/developer/toolchains/gnu_arm/4.9_2015q3/bin/../lib/gcc/arm-none-eabi/4.9.3/../../../../arm-none-eabi/lib/armv7e-m/softfp\libc_nano.a(lib_a-exit.o)
 .debug_frame   0x00002e54       0x2c c:/siliconlabs/simplicitystudio/v4/developer/toolchains/gnu_arm/4.9_2015q3/bin/../lib/gcc/arm-none-eabi/4.9.3/../../../../arm-none-eabi/lib/armv7e-m/softfp\libc_nano.a(lib_a-init.o)
 .debug_frame   0x00002e80       0x28 c:/siliconlabs/simplicitystudio/v4/developer/toolchains/gnu_arm/4.9_2015q3/bin/../lib/gcc/arm-none-eabi/4.9.3/../../../../arm-none-eabi/lib/armv7e-m/softfp\libc_nano.a(lib_a-memcpy.o)
 .debug_frame   0x00002ea8       0x20 c:/siliconlabs/simplicitystudio/v4/developer/toolchains/gnu_arm/4.9_2015q3/bin/../lib/gcc/arm-none-eabi/4.9.3/../../../../arm-none-eabi/lib/armv7e-m/softfp\libc_nano.a(lib_a-memset.o)
 .debug_frame   0x00002ec8       0x20 c:/siliconlabs/simplicitystudio/v4/developer/toolchains/gnu_arm/4.9_2015q3/bin/../lib/gcc/arm-none-eabi/4.9.3/../../../../arm-none-eabi/lib/armv7e-m/softfp\libnosys.a(_exit.o)
