Archive member included because of file (symbol)

c:/siliconlabs/simplicitystudio/v4/developer/toolchains/gnu_arm/4.9_2015q3/bin/../lib/gcc/arm-none-eabi/4.9.3/armv7e-m/softfp\libgcc.a(_arm_addsubdf3.o)
                              ./src/main.o (__aeabi_f2d)
c:/siliconlabs/simplicitystudio/v4/developer/toolchains/gnu_arm/4.9_2015q3/bin/../lib/gcc/arm-none-eabi/4.9.3/armv7e-m/softfp\libgcc.a(_aeabi_uldivmod.o)
                              ./emlib/em_usart.o (__aeabi_uldivmod)
c:/siliconlabs/simplicitystudio/v4/developer/toolchains/gnu_arm/4.9_2015q3/bin/../lib/gcc/arm-none-eabi/4.9.3/armv7e-m/softfp\libgcc.a(bpabi.o)
                              c:/siliconlabs/simplicitystudio/v4/developer/toolchains/gnu_arm/4.9_2015q3/bin/../lib/gcc/arm-none-eabi/4.9.3/armv7e-m/softfp\libgcc.a(_aeabi_uldivmod.o) (__gnu_uldivmod_helper)
c:/siliconlabs/simplicitystudio/v4/developer/toolchains/gnu_arm/4.9_2015q3/bin/../lib/gcc/arm-none-eabi/4.9.3/armv7e-m/softfp\libgcc.a(_dvmd_tls.o)
                              c:/siliconlabs/simplicitystudio/v4/developer/toolchains/gnu_arm/4.9_2015q3/bin/../lib/gcc/arm-none-eabi/4.9.3/armv7e-m/softfp\libgcc.a(_aeabi_uldivmod.o) (__aeabi_ldiv0)
c:/siliconlabs/simplicitystudio/v4/developer/toolchains/gnu_arm/4.9_2015q3/bin/../lib/gcc/arm-none-eabi/4.9.3/armv7e-m/softfp\libgcc.a(_divdi3.o)
                              c:/siliconlabs/simplicitystudio/v4/developer/toolchains/gnu_arm/4.9_2015q3/bin/../lib/gcc/arm-none-eabi/4.9.3/armv7e-m/softfp\libgcc.a(bpabi.o) (__divdi3)
c:/siliconlabs/simplicitystudio/v4/developer/toolchains/gnu_arm/4.9_2015q3/bin/../lib/gcc/arm-none-eabi/4.9.3/armv7e-m/softfp\libgcc.a(_udivdi3.o)
                              c:/siliconlabs/simplicitystudio/v4/developer/toolchains/gnu_arm/4.9_2015q3/bin/../lib/gcc/arm-none-eabi/4.9.3/armv7e-m/softfp\libgcc.a(bpabi.o) (__udivdi3)
c:/siliconlabs/simplicitystudio/v4/developer/toolchains/gnu_arm/4.9_2015q3/bin/../lib/gcc/arm-none-eabi/4.9.3/../../../../arm-none-eabi/lib/armv7e-m/softfp\libc_nano.a(lib_a-efgcvt.o)
                              ./src/main.o (gcvt)
c:/siliconlabs/simplicitystudio/v4/developer/toolchains/gnu_arm/4.9_2015q3/bin/../lib/gcc/arm-none-eabi/4.9.3/../../../../arm-none-eabi/lib/armv7e-m/softfp\libc_nano.a(lib_a-exit.o)
                              c:/siliconlabs/simplicitystudio/v4/developer/toolchains/gnu_arm/4.9_2015q3/bin/../lib/gcc/arm-none-eabi/4.9.3/../../../../arm-none-eabi/lib/armv7e-m/softfp/crt0.o (exit)
c:/siliconlabs/simplicitystudio/v4/developer/toolchains/gnu_arm/4.9_2015q3/bin/../lib/gcc/arm-none-eabi/4.9.3/../../../../arm-none-eabi/lib/armv7e-m/softfp\libc_nano.a(lib_a-impure.o)
                              c:/siliconlabs/simplicitystudio/v4/developer/toolchains/gnu_arm/4.9_2015q3/bin/../lib/gcc/arm-none-eabi/4.9.3/../../../../arm-none-eabi/lib/armv7e-m/softfp\libc_nano.a(lib_a-exit.o) (_global_impure_ptr)
c:/siliconlabs/simplicitystudio/v4/developer/toolchains/gnu_arm/4.9_2015q3/bin/../lib/gcc/arm-none-eabi/4.9.3/../../../../arm-none-eabi/lib/armv7e-m/softfp\libc_nano.a(lib_a-init.o)
                              c:/siliconlabs/simplicitystudio/v4/developer/toolchains/gnu_arm/4.9_2015q3/bin/../lib/gcc/arm-none-eabi/4.9.3/../../../../arm-none-eabi/lib/armv7e-m/softfp/crt0.o (__libc_init_array)
c:/siliconlabs/simplicitystudio/v4/developer/toolchains/gnu_arm/4.9_2015q3/bin/../lib/gcc/arm-none-eabi/4.9.3/../../../../arm-none-eabi/lib/armv7e-m/softfp\libc_nano.a(lib_a-memcpy.o)
                              ./emlib/uartdrv.o (memcpy)
c:/siliconlabs/simplicitystudio/v4/developer/toolchains/gnu_arm/4.9_2015q3/bin/../lib/gcc/arm-none-eabi/4.9.3/../../../../arm-none-eabi/lib/armv7e-m/softfp\libc_nano.a(lib_a-memset.o)
                              c:/siliconlabs/simplicitystudio/v4/developer/toolchains/gnu_arm/4.9_2015q3/bin/../lib/gcc/arm-none-eabi/4.9.3/../../../../arm-none-eabi/lib/armv7e-m/softfp/crt0.o (memset)
c:/siliconlabs/simplicitystudio/v4/developer/toolchains/gnu_arm/4.9_2015q3/bin/../lib/gcc/arm-none-eabi/4.9.3/../../../../arm-none-eabi/lib/armv7e-m/softfp\libc_nano.a(lib_a-sprintf.o)
                              ./src/main.o (sprintf)
c:/siliconlabs/simplicitystudio/v4/developer/toolchains/gnu_arm/4.9_2015q3/bin/../lib/gcc/arm-none-eabi/4.9.3/../../../../arm-none-eabi/lib/armv7e-m/softfp\libc_nano.a(lib_a-ecvtbuf.o)
                              c:/siliconlabs/simplicitystudio/v4/developer/toolchains/gnu_arm/4.9_2015q3/bin/../lib/gcc/arm-none-eabi/4.9.3/../../../../arm-none-eabi/lib/armv7e-m/softfp\libc_nano.a(lib_a-efgcvt.o) (fcvtbuf)
c:/siliconlabs/simplicitystudio/v4/developer/toolchains/gnu_arm/4.9_2015q3/bin/../lib/gcc/arm-none-eabi/4.9.3/../../../../arm-none-eabi/lib/armv7e-m/softfp\libc_nano.a(lib_a-mprec.o)
                              c:/siliconlabs/simplicitystudio/v4/developer/toolchains/gnu_arm/4.9_2015q3/bin/../lib/gcc/arm-none-eabi/4.9.3/../../../../arm-none-eabi/lib/armv7e-m/softfp\libc_nano.a(lib_a-ecvtbuf.o) (_mprec_log10)
[...]
Memory Configuration

Name             Origin             Length             Attributes
FLASH            0x00000000         0x00040000         xr
RAM              0x20000000         0x00008000         xrw
*default*        0x00000000         0xffffffff

Linker script and memory map

LOAD c:/siliconlabs/simplicitystudio/v4/developer/toolchains/gnu_arm/4.9_2015q3/bin/../lib/gcc/arm-none-eabi/4.9.3/armv7e-m/softfp/crti.o
LOAD c:/siliconlabs/simplicitystudio/v4/developer/toolchains/gnu_arm/4.9_2015q3/bin/../lib/gcc/arm-none-eabi/4.9.3/armv7e-m/softfp/crtbegin.o
LOAD c:/siliconlabs/simplicitystudio/v4/developer/toolchains/gnu_arm/4.9_2015q3/bin/../lib/gcc/arm-none-eabi/4.9.3/../../../../arm-none-eabi/lib/armv7e-m/softfp/crt0.o
LOAD ./src/main.o
LOAD ./emlib/dmactrl.o
LOAD ./emlib/dmadrv.o
LOAD ./emlib/em_cmu.o
LOAD ./emlib/em_core.o
LOAD ./emlib/em_dma.o
LOAD ./emlib/em_emu.o
LOAD ./emlib/em_gpio.o
LOAD ./emlib/em_rtc.o
LOAD ./emlib/em_system.o
LOAD ./emlib/em_usart.o
LOAD ./emlib/rtcdriver.o
LOAD ./emlib/spidrv.o
LOAD ./emlib/uartdrv.o
LOAD ./CMSIS/EFM32WG/startup_efm32wg.o
LOAD ./CMSIS/EFM32WG/system_efm32wg.o
LOAD ./emlib/em_leuart.o
LOAD ./emlib/gpiointerrupt.o
START GROUP
LOAD c:/siliconlabs/simplicitystudio/v4/developer/toolchains/gnu_arm/4.9_2015q3/bin/../lib/gcc/arm-none-eabi/4.9.3/armv7e-m/softfp\libgcc.a
LOAD c:/siliconlabs/simplicitystudio/v4/developer/toolchains/gnu_arm/4.9_2015q3/bin/../lib/gcc/arm-none-eabi/4.9.3/../../../../arm-none-eabi/lib/armv7e-m/softfp\libc_nano.a
LOAD c:/siliconlabs/simplicitystudio/v4/developer/toolchains/gnu_arm/4.9_2015q3/bin/../lib/gcc/arm-none-eabi/4.9.3/../../../../arm-none-eabi/lib/armv7e-m/softfp\libnosys.a
END GROUP
START GROUP
LOAD c:/siliconlabs/simplicitystudio/v4/developer/toolchains/gnu_arm/4.9_2015q3/bin/../lib/gcc/arm-none-eabi/4.9.3/armv7e-m/softfp\libgcc.a
LOAD c:/siliconlabs/simplicitystudio/v4/developer/toolchains/gnu_arm/4.9_2015q3/bin/../lib/gcc/arm-none-eabi/4.9.3/../../../../arm-none-eabi/lib/armv7e-m/softfp\libg_nano.a
LOAD c:/siliconlabs/simplicitystudio/v4/developer/toolchains/gnu_arm/4.9_2015q3/bin/../lib/gcc/arm-none-eabi/4.9.3/../../../../arm-none-eabi/lib/armv7e-m/softfp\libc_nano.a
END GROUP
START GROUP
LOAD c:/siliconlabs/simplicitystudio/v4/developer/toolchains/gnu_arm/4.9_2015q3/bin/../lib/gcc/arm-none-eabi/4.9.3/armv7e-m/softfp\libgcc.a
LOAD c:/siliconlabs/simplicitystudio/v4/developer/toolchains/gnu_arm/4.9_2015q3/bin/../lib/gcc/arm-none-eabi/4.9.3/../../../../arm-none-eabi/lib/armv7e-m/softfp\libc_nano.a
END GROUP
LOAD c:/siliconlabs/simplicitystudio/v4/developer/toolchains/gnu_arm/4.9_2015q3/bin/../lib/gcc/arm-none-eabi/4.9.3/armv7e-m/softfp/crtend.o
LOAD c:/siliconlabs/simplicitystudio/v4/developer/toolchains/gnu_arm/4.9_2015q3/bin/../lib/gcc/arm-none-eabi/4.9.3/armv7e-m/softfp/crtn.o

.text           0x00000000     0x8a6c
 *(.vectors)
 .vectors       0x00000000       0xe0 ./CMSIS/EFM32WG/startup_efm32wg.o
                0x00000000                __Vectors
                0x000000e0                __Vectors_End = .
                0x000000e0                __Vectors_Size = (__Vectors_End - __Vectors)
                0x000000e0                __end__ = .
 *(.text*)
 .text          0x000000e0       0x5c c:/siliconlabs/simplicitystudio/v4/developer/toolchains/gnu_arm/4.9_2015q3/bin/../lib/gcc/arm-none-eabi/4.9.3/armv7e-m/softfp/crtbegin.o
 .text          0x0000013c       0x74 c:/siliconlabs/simplicitystudio/v4/developer/toolchains/gnu_arm/4.9_2015q3/bin/../lib/gcc/arm-none-eabi/4.9.3/../../../../arm-none-eabi/lib/armv7e-m/softfp/crt0.o
                0x0000013c                _start
                0x0000013c                _mainCRTStartup
 .text.GPIO_IntClear
                0x000001b0       0x20 ./src/main.o
 .text.GPIO_IntDisable
                0x000001d0       0x28 ./src/main.o
 .text.GPIO_IntEnable
                0x000001f8       0x28 ./src/main.o
 .text.CHIP_Init
                0x00000220        0xc ./src/main.o
 .text.MAX_Init
                0x0000022c      0x15c ./src/main.o
                0x0000022c                MAX_Init
 .text.SPI_Init
                0x00000388       0x34 ./src/main.o
                0x00000388                SPI_Init
 .text.UART_Init
                0x000003bc       0x34 ./src/main.o
                0x000003bc                UART_Init
 .text.callback_UARTTX
                0x000003f0       0x18 ./src/main.o
                0x000003f0                callback_UARTTX
 .text.callback_RTC
                0x00000408       0x90 ./src/main.o
                0x00000408                callback_RTC
 .text.GPIOINT_callback
                0x00000498       0x34 ./src/main.o
                0x00000498                GPIOINT_callback
 .text.setupGPIOInt
                0x000004cc       0x40 ./src/main.o
                0x000004cc                setupGPIOInt
 .text.pollRTC  0x0000050c       0x78 ./src/main.o
                0x0000050c                pollRTC
 .text.pollTOF  0x00000584       0x44 ./src/main.o
                0x00000584                pollTOF
 .text.processRTC_ASCII
                0x000005c8      0x138 ./src/main.o
                0x000005c8                processRTC_ASCII
 .text.processTOF_ASCII
                0x00000700       0x94 ./src/main.o
                0x00000700                processTOF_ASCII
 .text.main     0x00000794       0xbc ./src/main.o
                0x00000794                main
 .text.NVIC_SetPriority
                0x00000850       0x54 ./emlib/dmadrv.o
 .text.DMADRV_AllocateChannel
                0x000008a4       0xb4 ./emlib/dmadrv.o
                0x000008a4                DMADRV_AllocateChannel
 .text.DMADRV_Init
                0x00000958       0x84 ./emlib/dmadrv.o
                0x00000958                DMADRV_Init
 .text.DMADRV_MemoryPeripheral
                0x000009dc       0x48 ./emlib/dmadrv.o
                0x000009dc                DMADRV_MemoryPeripheral
 .text.DMADRV_PeripheralMemory
                0x00000a24       0x48 ./emlib/dmadrv.o
                0x00000a24                DMADRV_PeripheralMemory
 .text.DMADRV_PauseTransfer
                0x00000a6c       0x6c ./emlib/dmadrv.o
                0x00000a6c                DMADRV_PauseTransfer
 .text.DMADRV_ResumeTransfer
                0x00000ad8       0x6c ./emlib/dmadrv.o
                0x00000ad8                DMADRV_ResumeTransfer
 .text.DMADRV_TransferActive
                0x00000b44       0x84 ./emlib/dmadrv.o
                0x00000b44                DMADRV_TransferActive
 .text.DmaBasicCallback
                0x00000bc8       0x4c ./emlib/dmadrv.o
 .text.DmaPingPongCallback
                0x00000c14       0x8c ./emlib/dmadrv.o
 .text.StartTransfer
                0x00000ca0      0x250 ./emlib/dmadrv.o
 .text.BUS_RegBitWrite
                0x00000ef0       0x2c ./emlib/em_cmu.o
 .text.BUS_RegBitRead
                0x00000f1c       0x2c ./emlib/em_cmu.o
 .text.CMU_DivToLog2
                0x00000f48       0x34 ./emlib/em_cmu.o
 .text.SYSTEM_GetProdRev
                0x00000f7c       0x1c ./emlib/em_cmu.o
 .text.setHfLeConfig
                0x00000f98       0x60 ./emlib/em_cmu.o
 .text.getHfLeConfig
                0x00000ff8       0x20 ./emlib/em_cmu.o
 .text.auxClkGet
                0x00001018       0xb0 ./emlib/em_cmu.o
 .text.dbgClkGet
                0x000010c8       0x40 ./emlib/em_cmu.o
 .text.flashWaitStateControl
                0x00001108       0xb8 ./emlib/em_cmu.o
 .text.flashWaitStateMax
                0x000011c0       0x14 ./emlib/em_cmu.o
 .text.CMU_UpdateWaitStates
                0x000011d4       0x18 ./emlib/em_cmu.o
                0x000011d4                CMU_UpdateWaitStates
 .text.lfClkGet
                0x000011ec       0xec ./emlib/em_cmu.o
 .text.syncReg  0x000012d8       0x34 ./emlib/em_cmu.o
 .text.usbCClkGet
                0x0000130c       0x4c ./emlib/em_cmu.o
 .text.CMU_ClockDivSet
                0x00001358      0x22c ./emlib/em_cmu.o
                0x00001358                CMU_ClockDivSet
 .text.CMU_ClockEnable
                0x00001584       0xd0 ./emlib/em_cmu.o
                0x00001584                CMU_ClockEnable
 .text.CMU_ClockFreqGet
                0x00001654      0x1d8 ./emlib/em_cmu.o
                0x00001654                CMU_ClockFreqGet
 .text.CMU_ClockSelectGet
                0x0000182c      0x15c ./emlib/em_cmu.o
                0x0000182c                CMU_ClockSelectGet
 .text.CMU_ClockSelectSet
                0x00001988      0x290 ./emlib/em_cmu.o
                0x00001988                CMU_ClockSelectSet
 .text.CMU_OscillatorEnable
                0x00001c18       0xbc ./emlib/em_cmu.o
                0x00001c18                CMU_OscillatorEnable
 .text.NVIC_GetPriority
                0x00001cd4       0x50 ./emlib/em_core.o
 .text.CORE_EnterAtomic
                0x00001d24       0x20 ./emlib/em_core.o
                0x00001d24                CORE_EnterAtomic
 .text.CORE_ExitAtomic
                0x00001d44       0x1c ./emlib/em_core.o
                0x00001d44                CORE_ExitAtomic
 .text.CORE_IrqIsBlocked
                0x00001d60       0xac ./emlib/em_core.o
                0x00001d60                CORE_IrqIsBlocked
 .text.CORE_NvicIRQDisabled
                0x00001e0c       0x58 ./emlib/em_core.o
                0x00001e0c                CORE_NvicIRQDisabled
 .text.NVIC_EnableIRQ
                0x00001e64       0x30 ./emlib/em_dma.o
 .text.NVIC_DisableIRQ
                0x00001e94       0x34 ./emlib/em_dma.o
 .text.NVIC_ClearPendingIRQ
                0x00001ec8       0x34 ./emlib/em_dma.o
 .text.BUS_RegBitWrite
                0x00001efc       0x2c ./emlib/em_dma.o
 .text.DMA_Prepare
                0x00001f28      0x114 ./emlib/em_dma.o
 .text.DMA_IRQHandler
                0x0000203c       0xd8 ./emlib/em_dma.o
                0x0000203c                DMA_IRQHandler
 .text.DMA_ActivateBasic
                0x00002114       0x44 ./emlib/em_dma.o
                0x00002114                DMA_ActivateBasic
 .text.DMA_ActivatePingPong
                0x00002158       0x5c ./emlib/em_dma.o
                0x00002158                DMA_ActivatePingPong
 .text.DMA_CfgChannel
                0x000021b4       0x90 ./emlib/em_dma.o
                0x000021b4                DMA_CfgChannel
 .text.DMA_CfgDescr
                0x00002244       0x70 ./emlib/em_dma.o
                0x00002244                DMA_CfgDescr
 .text.DMA_ChannelEnabled
                0x000022b4       0x30 ./emlib/em_dma.o
                0x000022b4                DMA_ChannelEnabled
 .text.DMA_ChannelRequestEnable
                0x000022e4       0x38 ./emlib/em_dma.o
                0x000022e4                DMA_ChannelRequestEnable
 .text.DMA_Init
                0x0000231c       0x54 ./emlib/em_dma.o
                0x0000231c                DMA_Init
 .text.DMA_RefreshPingPong
                0x00002370       0xf8 ./emlib/em_dma.o
                0x00002370                DMA_RefreshPingPong
 .text.DMA_Reset
                0x00002468       0x88 ./emlib/em_dma.o
                0x00002468                DMA_Reset
 .text.BUS_RegBitWrite
                0x000024f0       0x2c ./emlib/em_gpio.o
 .text.BUS_RegMaskedWrite
                0x0000251c       0x28 ./emlib/em_gpio.o
 .text.GPIO_PinOutClear
                0x00002544       0x58 ./emlib/em_gpio.o
 .text.GPIO_PinOutSet
                0x0000259c       0x58 ./emlib/em_gpio.o
 .text.GPIO_ExtIntConfig
                0x000025f4       0xd4 ./emlib/em_gpio.o
                0x000025f4                GPIO_ExtIntConfig
 .text.GPIO_PinModeSet
                0x000026c8      0x10c ./emlib/em_gpio.o
                0x000026c8                GPIO_PinModeSet
 .text.BUS_RegBitWrite
                0x000027d4       0x2c ./emlib/em_rtc.o
 .text.RTC_CompareGet
                0x00002800       0x3c ./emlib/em_rtc.o
                0x00002800                RTC_CompareGet
 .text.RTC_CompareSet
                0x0000283c       0x3c ./emlib/em_rtc.o
                0x0000283c                RTC_CompareSet
 .text.RTC_Enable
                0x00002878       0x20 ./emlib/em_rtc.o
                0x00002878                RTC_Enable
 .text.RTC_Init
                0x00002898       0x50 ./emlib/em_rtc.o
                0x00002898                RTC_Init
 .text.RTC_CounterReset
                0x000028e8       0x14 ./emlib/em_rtc.o
                0x000028e8                RTC_CounterReset
 .text.USART_BaudrateAsyncSet
                0x000028fc       0xb0 ./emlib/em_usart.o
                0x000028fc                USART_BaudrateAsyncSet
 .text.USART_BaudrateSyncSet
                0x000029ac       0x40 ./emlib/em_usart.o
                0x000029ac                USART_BaudrateSyncSet
 .text.USART_Enable
                0x000029ec       0x70 ./emlib/em_usart.o
                0x000029ec                USART_Enable
 .text.USART_InitAsync
                0x00002a5c       0xb4 ./emlib/em_usart.o
                0x00002a5c                USART_InitAsync
 .text.USART_InitSync
                0x00002b10       0xcc ./emlib/em_usart.o
                0x00002b10                USART_InitSync
 .text.USART_Reset
                0x00002bdc       0xb0 ./emlib/em_usart.o
                0x00002bdc                USART_Reset
 .text.USART_Tx
                0x00002c8c       0x2c ./emlib/em_usart.o
                0x00002c8c                USART_Tx
 .text.NVIC_EnableIRQ
                0x00002cb8       0x30 ./emlib/rtcdriver.o
 .text.NVIC_ClearPendingIRQ
                0x00002ce8       0x34 ./emlib/rtcdriver.o
 .text.RTC_CounterGet
                0x00002d1c       0x18 ./emlib/rtcdriver.o
 .text.RTC_IntClear
                0x00002d34       0x1c ./emlib/rtcdriver.o
 .text.RTC_IntDisable
                0x00002d50       0x24 ./emlib/rtcdriver.o
 .text.RTC_IntEnable
                0x00002d74       0x24 ./emlib/rtcdriver.o
 .text.RTC_IntGetEnabled
                0x00002d98       0x24 ./emlib/rtcdriver.o
 .text.RTCDRV_AllocateTimer
                0x00002dbc       0x8c ./emlib/rtcdriver.o
                0x00002dbc                RTCDRV_AllocateTimer
 .text.RTCDRV_Init
                0x00002e48       0xa0 ./emlib/rtcdriver.o
                0x00002e48                RTCDRV_Init
 .text.RTCDRV_StartTimer
                0x00002ee8      0x350 ./emlib/rtcdriver.o
                0x00002ee8                RTCDRV_StartTimer
 .text.RTCDRV_StopTimer
                0x00003238       0x70 ./emlib/rtcdriver.o
                0x00003238                RTCDRV_StopTimer
 .text.RTC_IRQHandler
                0x000032a8       0xb4 ./emlib/rtcdriver.o
                0x000032a8                RTC_IRQHandler
 .text.checkAllTimers
                0x0000335c      0x2c8 ./emlib/rtcdriver.o
 .text.executeTimerCallbacks
                0x00003624       0x64 ./emlib/rtcdriver.o
 .text.rescheduleRtc
                0x00003688      0x10c ./emlib/rtcdriver.o
 .text.SPIDRV_Init
                0x00003794      0x26c ./emlib/spidrv.o
                0x00003794                SPIDRV_Init
 .text.SPIDRV_MTransferB
                0x00003a00       0x68 ./emlib/spidrv.o
                0x00003a00                SPIDRV_MTransferB
 .text.SPIDRV_MTransmitB
                0x00003a68       0x54 ./emlib/spidrv.o
                0x00003a68                SPIDRV_MTransmitB
 .text.BlockingComplete
                0x00003abc       0x24 ./emlib/spidrv.o
 .text.ConfigGPIO
                0x00003ae0      0x5e0 ./emlib/spidrv.o
 .text.RxDMAComplete
                0x000040c0       0x64 ./emlib/spidrv.o
 .text.StartTransferDMA
                0x00004124       0xc4 ./emlib/spidrv.o
 .text.StartTransmitDMA
                0x000041e8       0xc4 ./emlib/spidrv.o
 .text.TransferApiBlockingPrologue
                0x000042ac       0x70 ./emlib/spidrv.o
 .text.WaitForTransferCompletion
                0x0000431c       0x48 ./emlib/spidrv.o
 .text.USART_IntClear
                0x00004364       0x1c ./emlib/uartdrv.o
 .text.BUS_RegBitRead
                0x00004380       0x2c ./emlib/uartdrv.o
 .text.GPIO_PinInGet
                0x000043ac       0x54 ./emlib/uartdrv.o
 .text.GPIO_PinOutClear
                0x00004400       0x58 ./emlib/uartdrv.o
 .text.GPIO_PinOutSet
                0x00004458       0x58 ./emlib/uartdrv.o
 .text.GPIO_IntConfig
                0x000044b0       0x38 ./emlib/uartdrv.o
 .text.HwFcCtsIrqGetDrvHandle
                0x000044e8       0x48 ./emlib/uartdrv.o
 .text.HwFcGetClearToSendPin
                0x00004530       0x34 ./emlib/uartdrv.o
 .text.HwFcManageClearToSend
                0x00004564       0xa0 ./emlib/uartdrv.o
 .text.FcApplyState
                0x00004604       0xcc ./emlib/uartdrv.o
 .text.EnqueueBuffer
                0x000046d0       0xa8 ./emlib/uartdrv.o
 .text.DequeueBuffer
                0x00004778       0x84 ./emlib/uartdrv.o
 .text.GetTailBuffer
                0x000047fc       0x58 ./emlib/uartdrv.o
 .text.EnableTransmitter
                0x00004854       0x88 ./emlib/uartdrv.o
 .text.DisableTransmitter
                0x000048dc       0x68 ./emlib/uartdrv.o
 .text.StartTransmitDma
                0x00004944       0x84 ./emlib/uartdrv.o
 .text.TransmitDmaComplete
                0x000049c8       0xb0 ./emlib/uartdrv.o
 .text.CheckParams
                0x00004a78       0x44 ./emlib/uartdrv.o
 .text.SetupGpioUart
                0x00004abc      0x49c ./emlib/uartdrv.o
 .text.ConfigGpio
                0x00004f58      0x16c ./emlib/uartdrv.o
 .text.SetHandleIndex
                0x000050c4       0xa4 ./emlib/uartdrv.o
 .text.InitializeQueues
                0x00005168       0x6c ./emlib/uartdrv.o
 .text.InitializeGpioFlowControl
                0x000051d4       0x3c ./emlib/uartdrv.o
 .text.InitializeDma
                0x00005210       0x48 ./emlib/uartdrv.o
 .text.UARTDRV_InitUart
                0x00005258      0x278 ./emlib/uartdrv.o
                0x00005258                UARTDRV_InitUart
 .text.UARTDRV_ForceTransmit
                0x000054d0      0x124 ./emlib/uartdrv.o
                0x000054d0                UARTDRV_ForceTransmit
 .text.UARTDRV_PauseTransmit
                0x000055f4       0x54 ./emlib/uartdrv.o
                0x000055f4                UARTDRV_PauseTransmit
 .text.UARTDRV_ResumeTransmit
                0x00005648       0x68 ./emlib/uartdrv.o
                0x00005648                UARTDRV_ResumeTransmit
 .text.UARTDRV_Transmit
                0x000056b0       0xa4 ./emlib/uartdrv.o
                0x000056b0                UARTDRV_Transmit
 .text          0x00005754       0x30 ./CMSIS/EFM32WG/startup_efm32wg.o
                0x00005754                Reset_Handler
                0x00005780                DebugMon_Handler
                0x00005780                USART0_TX_IRQHandler
                0x00005780                I2C0_IRQHandler
                0x00005780                HardFault_Handler
                0x00005780                LEUART1_IRQHandler
                0x00005780                SysTick_Handler
                0x00005780                USART1_RX_IRQHandler
                0x00005780                PendSV_Handler
                0x00005780                NMI_Handler
                0x00005780                I2C1_IRQHandler
                0x00005780                TIMER3_IRQHandler
                0x00005780                USART1_TX_IRQHandler
                0x00005780                MSC_IRQHandler
                0x00005780                ADC0_IRQHandler
                0x00005780                UsageFault_Handler
                0x00005780                LEUART0_IRQHandler
                0x00005780                FPUEH_IRQHandler
                0x00005780                UART0_TX_IRQHandler
                0x00005780                UART1_TX_IRQHandler
                0x00005780                TIMER0_IRQHandler
                0x00005780                TIMER2_IRQHandler
                0x00005780                LCD_IRQHandler
                0x00005780                PCNT2_IRQHandler
                0x00005780                UART0_RX_IRQHandler
                0x00005780                LETIMER0_IRQHandler
                0x00005780                TIMER1_IRQHandler
                0x00005780                USART2_RX_IRQHandler
                0x00005780                Default_Handler
                0x00005780                EMU_IRQHandler
                0x00005780                PCNT0_IRQHandler
                0x00005780                USB_IRQHandler
                0x00005780                BURTC_IRQHandler
                0x00005780                PCNT1_IRQHandler
                0x00005780                ACMP0_IRQHandler
                0x00005780                USART0_RX_IRQHandler
                0x00005780                MemManage_Handler
                0x00005780                SVC_Handler
                0x00005780                DAC0_IRQHandler
                0x00005780                UART1_RX_IRQHandler
                0x00005780                CMU_IRQHandler
                0x00005780                EBI_IRQHandler
                0x00005780                LESENSE_IRQHandler
                0x00005780                AES_IRQHandler
                0x00005780                VCMP_IRQHandler
                0x00005780                BusFault_Handler
                0x00005780                USART2_TX_IRQHandler
 .text.GetProdRev
                0x00005784       0x1c ./CMSIS/EFM32WG/system_efm32wg.o
 .text.SystemCoreClockGet
                0x000057a0       0x34 ./CMSIS/EFM32WG/system_efm32wg.o
                0x000057a0                SystemCoreClockGet
 .text.SystemMaxCoreClockGet
                0x000057d4       0x14 ./CMSIS/EFM32WG/system_efm32wg.o
                0x000057d4                SystemMaxCoreClockGet
 .text.SystemHFClockGet
                0x000057e8      0x100 ./CMSIS/EFM32WG/system_efm32wg.o
                0x000057e8                SystemHFClockGet
 .text.SystemHFXOClockGet
                0x000058e8       0x18 ./CMSIS/EFM32WG/system_efm32wg.o
                0x000058e8                SystemHFXOClockGet
 .text.SystemInit
                0x00005900       0x20 ./CMSIS/EFM32WG/system_efm32wg.o
                0x00005900                SystemInit
 .text.SystemLFRCOClockGet
                0x00005920       0x14 ./CMSIS/EFM32WG/system_efm32wg.o
                0x00005920                SystemLFRCOClockGet
 .text.SystemULFRCOClockGet
                0x00005934       0x14 ./CMSIS/EFM32WG/system_efm32wg.o
                0x00005934                SystemULFRCOClockGet
 .text.SystemLFXOClockGet
                0x00005948       0x18 ./CMSIS/EFM32WG/system_efm32wg.o
                0x00005948                SystemLFXOClockGet
 .text.LEUART_Sync
                0x00005960       0x30 ./emlib/em_leuart.o
 .text.LEUART_Tx
                0x00005990       0x30 ./emlib/em_leuart.o
                0x00005990                LEUART_Tx
 .text.NVIC_EnableIRQ
                0x000059c0       0x30 ./emlib/gpiointerrupt.o
 .text.NVIC_ClearPendingIRQ
                0x000059f0       0x34 ./emlib/gpiointerrupt.o
 .text.GPIO_IntClear
                0x00005a24       0x20 ./emlib/gpiointerrupt.o
 .text.GPIO_IntGetEnabled
                0x00005a44       0x28 ./emlib/gpiointerrupt.o
 .text.SL_CTZ   0x00005a6c       0x28 ./emlib/gpiointerrupt.o
 .text.GPIOINT_Init
                0x00005a94       0x20 ./emlib/gpiointerrupt.o
                0x00005a94                GPIOINT_Init
 .text.GPIOINT_CallbackRegister
                0x00005ab4       0x2c ./emlib/gpiointerrupt.o
                0x00005ab4                GPIOINT_CallbackRegister
 .text.GPIOINT_IRQDispatcher
                0x00005ae0       0x50 ./emlib/gpiointerrupt.o
 .text.GPIO_EVEN_IRQHandler
                0x00005b30       0x28 ./emlib/gpiointerrupt.o
                0x00005b30                GPIO_EVEN_IRQHandler
 .text.GPIO_ODD_IRQHandler
                0x00005b58       0x28 ./emlib/gpiointerrupt.o
                0x00005b58                GPIO_ODD_IRQHandler
 .text          0x00005b80      0x370 c:/siliconlabs/simplicitystudio/v4/developer/toolchains/gnu_arm/4.9_2015q3/bin/../lib/gcc/arm-none-eabi/4.9.3/armv7e-m/softfp\libgcc.a(_arm_addsubdf3.o)
                0x00005b80                __aeabi_drsub
                0x00005b88                __aeabi_dsub
                0x00005b88                __subdf3
                0x00005b8c                __aeabi_dadd
                0x00005b8c                __adddf3
                0x00005e04                __floatunsidf
                0x00005e04                __aeabi_ui2d
                0x00005e24                __floatsidf
                0x00005e24                __aeabi_i2d
                0x00005e48                __aeabi_f2d
                0x00005e48                __extendsfdf2
                0x00005e84                __floatundidf
                0x00005e84                __aeabi_ul2d
                0x00005e94                __floatdidf
                0x00005e94                __aeabi_l2d
 .text          0x00005ef0       0x30 c:/siliconlabs/simplicitystudio/v4/developer/toolchains/gnu_arm/4.9_2015q3/bin/../lib/gcc/arm-none-eabi/4.9.3/armv7e-m/softfp\libgcc.a(_aeabi_uldivmod.o)
                0x00005ef0                __aeabi_uldivmod
 .text          0x00005f20       0x60 c:/siliconlabs/simplicitystudio/v4/developer/toolchains/gnu_arm/4.9_2015q3/bin/../lib/gcc/arm-none-eabi/4.9.3/armv7e-m/softfp\libgcc.a(bpabi.o)
                0x00005f20                __gnu_ldivmod_helper
                0x00005f50                __gnu_uldivmod_helper
 .text          0x00005f80        0x4 c:/siliconlabs/simplicitystudio/v4/developer/toolchains/gnu_arm/4.9_2015q3/bin/../lib/gcc/arm-none-eabi/4.9.3/armv7e-m/softfp\libgcc.a(_dvmd_tls.o)
                0x00005f80                __aeabi_idiv0
                0x00005f80                __aeabi_ldiv0
 .text          0x00005f84      0x29c c:/siliconlabs/simplicitystudio/v4/developer/toolchains/gnu_arm/4.9_2015q3/bin/../lib/gcc/arm-none-eabi/4.9.3/armv7e-m/softfp\libgcc.a(_divdi3.o)
                0x00005f84                __divdi3
 .text          0x00006220      0x26c c:/siliconlabs/simplicitystudio/v4/developer/toolchains/gnu_arm/4.9_2015q3/bin/../lib/gcc/arm-none-eabi/4.9.3/armv7e-m/softfp\libgcc.a(_udivdi3.o)
                0x00006220                __udivdi3
 .text.gcvt     0x0000648c       0x48 c:/siliconlabs/simplicitystudio/v4/developer/toolchains/gnu_arm/4.9_2015q3/bin/../lib/gcc/arm-none-eabi/4.9.3/../../../../arm-none-eabi/lib/armv7e-m/softfp\libc_nano.a(lib_a-efgcvt.o)
                0x0000648c                gcvt
 .text.exit     0x000064d4       0x28 c:/siliconlabs/simplicitystudio/v4/developer/toolchains/gnu_arm/4.9_2015q3/bin/../lib/gcc/arm-none-eabi/4.9.3/../../../../arm-none-eabi/lib/armv7e-m/softfp\libc_nano.a(lib_a-exit.o)
                0x000064d4                exit
 .text.__libc_init_array
                0x000064fc       0x4c c:/siliconlabs/simplicitystudio/v4/developer/toolchains/gnu_arm/4.9_2015q3/bin/../lib/gcc/arm-none-eabi/4.9.3/../../../../arm-none-eabi/lib/armv7e-m/softfp\libc_nano.a(lib_a-init.o)
                0x000064fc                __libc_init_array
 .text.memcpy   0x00006548       0x16 c:/siliconlabs/simplicitystudio/v4/developer/toolchains/gnu_arm/4.9_2015q3/bin/../lib/gcc/arm-none-eabi/4.9.3/../../../../arm-none-eabi/lib/armv7e-m/softfp\libc_nano.a(lib_a-memcpy.o)
                0x00006548                memcpy
 .text.memset   0x0000655e       0x10 c:/siliconlabs/simplicitystudio/v4/developer/toolchains/gnu_arm/4.9_2015q3/bin/../lib/gcc/arm-none-eabi/4.9.3/../../../../arm-none-eabi/lib/armv7e-m/softfp\libc_nano.a(lib_a-memset.o)
                0x0000655e                memset
 *fill*         0x0000656e        0x2 
 .text.sprintf  0x00006570       0x48 c:/siliconlabs/simplicitystudio/v4/developer/toolchains/gnu_arm/4.9_2015q3/bin/../lib/gcc/arm-none-eabi/4.9.3/../../../../arm-none-eabi/lib/armv7e-m/softfp\libc_nano.a(lib_a-sprintf.o)
                0x00006570                siprintf
                0x00006570                sprintf
 .text.print_e  0x000065b8       0xea c:/siliconlabs/simplicitystudio/v4/developer/toolchains/gnu_arm/4.9_2015q3/bin/../lib/gcc/arm-none-eabi/4.9.3/../../../../arm-none-eabi/lib/armv7e-m/softfp\libc_nano.a(lib_a-ecvtbuf.o)
 *fill*         0x000066a2        0x6 
 .text._gcvt    0x000066a8      0x18c c:/siliconlabs/simplicitystudio/v4/developer/toolchains/gnu_arm/4.9_2015q3/bin/../lib/gcc/arm-none-eabi/4.9.3/../../../../arm-none-eabi/lib/armv7e-m/softfp\libc_nano.a(lib_a-ecvtbuf.o)
                0x000066a8                _gcvt
 .text._Balloc  0x00006834       0x6a c:/siliconlabs/simplicitystudio/v4/developer/toolchains/gnu_arm/4.9_2015q3/bin/../lib/gcc/arm-none-eabi/4.9.3/../../../../arm-none-eabi/lib/armv7e-m/softfp\libc_nano.a(lib_a-mprec.o)
                0x00006834                _Balloc
 .text._Bfree   0x0000689e       0x2e c:/siliconlabs/simplicitystudio/v4/developer/toolchains/gnu_arm/4.9_2015q3/bin/../lib/gcc/arm-none-eabi/4.9.3/../../../../arm-none-eabi/lib/armv7e-m/softfp\libc_nano.a(lib_a-mprec.o)
                0x0000689e                _Bfree
 .text.__multadd
                0x000068cc       0x7c c:/siliconlabs/simplicitystudio/v4/developer/toolchains/gnu_arm/4.9_2015q3/bin/../lib/gcc/arm-none-eabi/4.9.3/../../../../arm-none-eabi/lib/armv7e-m/softfp\libc_nano.a(lib_a-mprec.o)
                0x000068cc                __multadd
 .text.__hi0bits
                0x00006948       0x40 c:/siliconlabs/simplicitystudio/v4/developer/toolchains/gnu_arm/4.9_2015q3/bin/../lib/gcc/arm-none-eabi/4.9.3/../../../../arm-none-eabi/lib/armv7e-m/softfp\libc_nano.a(lib_a-mprec.o)
                0x00006948                __hi0bits
 .text.__lo0bits
                0x00006988       0x5a c:/siliconlabs/simplicitystudio/v4/developer/toolchains/gnu_arm/4.9_2015q3/bin/../lib/gcc/arm-none-eabi/4.9.3/../../../../arm-none-eabi/lib/armv7e-m/softfp\libc_nano.a(lib_a-mprec.o)
                0x00006988                __lo0bits
 .text.__i2b    0x000069e2       0x12 c:/siliconlabs/simplicitystudio/v4/developer/toolchains/gnu_arm/4.9_2015q3/bin/../lib/gcc/arm-none-eabi/4.9.3/../../../../arm-none-eabi/lib/armv7e-m/softfp\libc_nano.a(lib_a-mprec.o)
                0x000069e2                __i2b
 .text.__multiply
                0x000069f4      0x122 c:/siliconlabs/simplicitystudio/v4/developer/toolchains/gnu_arm/4.9_2015q3/bin/../lib/gcc/arm-none-eabi/4.9.3/../../../../arm-none-eabi/lib/armv7e-m/softfp\libc_nano.a(lib_a-mprec.o)
                0x000069f4                __multiply
 *fill*         0x00006b16        0x2 
 .text.__pow5mult
                0x00006b18       0x9c c:/siliconlabs/simplicitystudio/v4/developer/toolchains/gnu_arm/4.9_2015q3/bin/../lib/gcc/arm-none-eabi/4.9.3/../../../../arm-none-eabi/lib/armv7e-m/softfp\libc_nano.a(lib_a-mprec.o)
                0x00006b18                __pow5mult
 .text.__lshift
                0x00006bb4       0xa6 c:/siliconlabs/simplicitystudio/v4/developer/toolchains/gnu_arm/4.9_2015q3/bin/../lib/gcc/arm-none-eabi/4.9.3/../../../../arm-none-eabi/lib/armv7e-m/softfp\libc_nano.a(lib_a-mprec.o)
                0x00006bb4                __lshift
 .text.__mcmp   0x00006c5a       0x38 c:/siliconlabs/simplicitystudio/v4/developer/toolchains/gnu_arm/4.9_2015q3/bin/../lib/gcc/arm-none-eabi/4.9.3/../../../../arm-none-eabi/lib/armv7e-m/softfp\libc_nano.a(lib_a-mprec.o)
                0x00006c5a                __mcmp
 .text.__mdiff  0x00006c92       0xbe c:/siliconlabs/simplicitystudio/v4/developer/toolchains/gnu_arm/4.9_2015q3/bin/../lib/gcc/arm-none-eabi/4.9.3/../../../../arm-none-eabi/lib/armv7e-m/softfp\libc_nano.a(lib_a-mprec.o)
                0x00006c92                __mdiff
 .text.__d2b    0x00006d50       0xa4 c:/siliconlabs/simplicitystudio/v4/developer/toolchains/gnu_arm/4.9_2015q3/bin/../lib/gcc/arm-none-eabi/4.9.3/../../../../arm-none-eabi/lib/armv7e-m/softfp\libc_nano.a(lib_a-mprec.o)
                0x00006d50                __d2b
 .text._mprec_log10
                0x00006df4       0x34 c:/siliconlabs/simplicitystudio/v4/developer/toolchains/gnu_arm/4.9_2015q3/bin/../lib/gcc/arm-none-eabi/4.9.3/../../../../arm-none-eabi/lib/armv7e-m/softfp\libc_nano.a(lib_a-mprec.o)
                0x00006df4                _mprec_log10
 .text._calloc_r
                0x00006e28       0x1c c:/siliconlabs/simplicitystudio/v4/developer/toolchains/gnu_arm/4.9_2015q3/bin/../lib/gcc/arm-none-eabi/4.9.3/../../../../arm-none-eabi/lib/armv7e-m/softfp\libc_nano.a(lib_a-nano-callocr.o)
                0x00006e28                _calloc_r
 .text._malloc_r
                0x00006e44       0xac c:/siliconlabs/simplicitystudio/v4/developer/toolchains/gnu_arm/4.9_2015q3/bin/../lib/gcc/arm-none-eabi/4.9.3/../../../../arm-none-eabi/lib/armv7e-m/softfp\libc_nano.a(lib_a-nano-mallocr.o)
                0x00006e44                _malloc_r
 .text._realloc_r
                0x00006ef0       0x4c c:/siliconlabs/simplicitystudio/v4/developer/toolchains/gnu_arm/4.9_2015q3/bin/../lib/gcc/arm-none-eabi/4.9.3/../../../../arm-none-eabi/lib/armv7e-m/softfp\libc_nano.a(lib_a-nano-reallocr.o)
                0x00006ef0                _realloc_r
 .text.__ssputs_r
                0x00006f3c       0xb2 c:/siliconlabs/simplicitystudio/v4/developer/toolchains/gnu_arm/4.9_2015q3/bin/../lib/gcc/arm-none-eabi/4.9.3/../../../../arm-none-eabi/lib/armv7e-m/softfp\libc_nano.a(lib_a-nano-svfprintf.o)
                0x00006f3c                __ssputs_r
 *fill*         0x00006fee        0x2 
 .text._svfprintf_r
                0x00006ff0      0x1e4 c:/siliconlabs/simplicitystudio/v4/developer/toolchains/gnu_arm/4.9_2015q3/bin/../lib/gcc/arm-none-eabi/4.9.3/../../../../arm-none-eabi/lib/armv7e-m/softfp\libc_nano.a(lib_a-nano-svfprintf.o)
                0x00006ff0                _svfiprintf_r
                0x00006ff0                _svfprintf_r
 .text._printf_common
                0x000071d4       0xea c:/siliconlabs/simplicitystudio/v4/developer/toolchains/gnu_arm/4.9_2015q3/bin/../lib/gcc/arm-none-eabi/4.9.3/../../../../arm-none-eabi/lib/armv7e-m/softfp\libc_nano.a(lib_a-nano-vfprintf_i.o)
                0x000071d4                _printf_common
 *fill*         0x000072be        0x2 
 .text._printf_i
                0x000072c0      0x240 c:/siliconlabs/simplicitystudio/v4/developer/toolchains/gnu_arm/4.9_2015q3/bin/../lib/gcc/arm-none-eabi/4.9.3/../../../../arm-none-eabi/lib/armv7e-m/softfp\libc_nano.a(lib_a-nano-vfprintf_i.o)
                0x000072c0                _printf_i
 .text._sbrk_r  0x00007500       0x20 c:/siliconlabs/simplicitystudio/v4/developer/toolchains/gnu_arm/4.9_2015q3/bin/../lib/gcc/arm-none-eabi/4.9.3/../../../../arm-none-eabi/lib/armv7e-m/softfp\libc_nano.a(lib_a-sbrkr.o)
                0x00007500                _sbrk_r
 .text.strcpy   0x00007520       0x10 c:/siliconlabs/simplicitystudio/v4/developer/toolchains/gnu_arm/4.9_2015q3/bin/../lib/gcc/arm-none-eabi/4.9.3/../../../../arm-none-eabi/lib/armv7e-m/softfp\libc_nano.a(lib_a-strcpy.o)
                0x00007520                strcpy
 .text.quorem   0x00007530      0x11a c:/siliconlabs/simplicitystudio/v4/developer/toolchains/gnu_arm/4.9_2015q3/bin/../lib/gcc/arm-none-eabi/4.9.3/../../../../arm-none-eabi/lib/armv7e-m/softfp\libc_nano.a(lib_a-dtoa.o)
 *fill*         0x0000764a        0x6 
 .text._dtoa_r  0x00007650      0xb88 c:/siliconlabs/simplicitystudio/v4/developer/toolchains/gnu_arm/4.9_2015q3/bin/../lib/gcc/arm-none-eabi/4.9.3/../../../../arm-none-eabi/lib/armv7e-m/softfp\libc_nano.a(lib_a-dtoa.o)
                0x00007650                _dtoa_r
 .text.malloc   0x000081d8       0x10 c:/siliconlabs/simplicitystudio/v4/developer/toolchains/gnu_arm/4.9_2015q3/bin/../lib/gcc/arm-none-eabi/4.9.3/../../../../arm-none-eabi/lib/armv7e-m/softfp\libc_nano.a(lib_a-malloc.o)
                0x000081d8                malloc
 .text.memchr   0x000081e8       0x1e c:/siliconlabs/simplicitystudio/v4/developer/toolchains/gnu_arm/4.9_2015q3/bin/../lib/gcc/arm-none-eabi/4.9.3/../../../../arm-none-eabi/lib/armv7e-m/softfp\libc_nano.a(lib_a-memchr.o)
                0x000081e8                memchr
 .text.memmove  0x00008206       0x36 c:/siliconlabs/simplicitystudio/v4/developer/toolchains/gnu_arm/4.9_2015q3/bin/../lib/gcc/arm-none-eabi/4.9.3/../../../../arm-none-eabi/lib/armv7e-m/softfp\libc_nano.a(lib_a-memmove.o)
                0x00008206                memmove
 .text._free_r  0x0000823c       0x88 c:/siliconlabs/simplicitystudio/v4/developer/toolchains/gnu_arm/4.9_2015q3/bin/../lib/gcc/arm-none-eabi/4.9.3/../../../../arm-none-eabi/lib/armv7e-m/softfp\libc_nano.a(lib_a-nano-freer.o)
                0x0000823c                _free_r
 .text._malloc_usable_size_r
                0x000082c4       0x14 c:/siliconlabs/simplicitystudio/v4/developer/toolchains/gnu_arm/4.9_2015q3/bin/../lib/gcc/arm-none-eabi/4.9.3/../../../../arm-none-eabi/lib/armv7e-m/softfp\libc_nano.a(lib_a-nano-msizer.o)
                0x000082c4                _malloc_usable_size_r
 .text._sbrk    0x000082d8       0x1c c:/siliconlabs/simplicitystudio/v4/developer/toolchains/gnu_arm/4.9_2015q3/bin/../lib/gcc/arm-none-eabi/4.9.3/../../../../arm-none-eabi/lib/armv7e-m/softfp\libnosys.a(sbrk.o)
                0x000082d8                _sbrk
 .text._exit    0x000082f4        0x4 c:/siliconlabs/simplicitystudio/v4/developer/toolchains/gnu_arm/4.9_2015q3/bin/../lib/gcc/arm-none-eabi/4.9.3/../../../../arm-none-eabi/lib/armv7e-m/softfp\libnosys.a(_exit.o)
                0x000082f4                _exit
 .text          0x000082f8      0x424 c:/siliconlabs/simplicitystudio/v4/developer/toolchains/gnu_arm/4.9_2015q3/bin/../lib/gcc/arm-none-eabi/4.9.3/armv7e-m/softfp\libgcc.a(_arm_muldivdf3.o)
                0x000082f8                __aeabi_dmul
                0x000082f8                __muldf3
                0x0000854c                __divdf3
                0x0000854c                __aeabi_ddiv
 .text          0x0000871c      0x110 c:/siliconlabs/simplicitystudio/v4/developer/toolchains/gnu_arm/4.9_2015q3/bin/../lib/gcc/arm-none-eabi/4.9.3/armv7e-m/softfp\libgcc.a(_arm_cmpdf2.o)
                0x0000871c                __gtdf2
                0x0000871c                __gedf2
                0x00008724                __ltdf2
                0x00008724                __ledf2
                0x0000872c                __nedf2
                0x0000872c                __eqdf2
                0x0000872c                __cmpdf2
                0x000087a8                __aeabi_cdrcmple
                0x000087b8                __aeabi_cdcmpeq
                0x000087b8                __aeabi_cdcmple
                0x000087c8                __aeabi_dcmpeq
                0x000087dc                __aeabi_dcmplt
                0x000087f0                __aeabi_dcmple
                0x00008804                __aeabi_dcmpge
                0x00008818                __aeabi_dcmpgt
 .text          0x0000882c       0x50 c:/siliconlabs/simplicitystudio/v4/developer/toolchains/gnu_arm/4.9_2015q3/bin/../lib/gcc/arm-none-eabi/4.9.3/armv7e-m/softfp\libgcc.a(_arm_fixdfsi.o)
                0x0000882c                __aeabi_d2iz
                0x0000882c                __fixdfsi
 *(.init)
 .init          0x0000887c        0x4 c:/siliconlabs/simplicitystudio/v4/developer/toolchains/gnu_arm/4.9_2015q3/bin/../lib/gcc/arm-none-eabi/4.9.3/armv7e-m/softfp/crti.o
                0x0000887c                _init
 .init          0x00008880        0x8 c:/siliconlabs/simplicitystudio/v4/developer/toolchains/gnu_arm/4.9_2015q3/bin/../lib/gcc/arm-none-eabi/4.9.3/armv7e-m/softfp/crtn.o
 *(.fini)
 .fini          0x00008888        0x4 c:/siliconlabs/simplicitystudio/v4/developer/toolchains/gnu_arm/4.9_2015q3/bin/../lib/gcc/arm-none-eabi/4.9.3/armv7e-m/softfp/crti.o
                0x00008888                _fini
 .fini          0x0000888c        0x8 c:/siliconlabs/simplicitystudio/v4/developer/toolchains/gnu_arm/4.9_2015q3/bin/../lib/gcc/arm-none-eabi/4.9.3/armv7e-m/softfp/crtn.o
 *crtbegin.o(.ctors)
 *crtbegin?.o(.ctors)
 *(EXCLUDE_FILE(*crtend.o *crtend?.o) .ctors)
 *(SORT(.ctors.*))
 *(.ctors)
 *crtbegin.o(.dtors)
 *crtbegin?.o(.dtors)
 *(EXCLUDE_FILE(*crtend.o *crtend?.o) .dtors)
 *(SORT(.dtors.*))
 *(.dtors)
 *(.rodata*)
 .rodata        0x00008894       0x43 ./src/main.o
 *fill*         0x000088d7        0x1 
 .rodata.initRTC
                0x000088d8        0x3 ./emlib/rtcdriver.o
 *fill*         0x000088db        0x1 
 .rodata        0x000088dc       0x18 ./emlib/spidrv.o
 .rodata        0x000088f4       0x28 ./emlib/uartdrv.o
 .rodata.str1.1
                0x0000891c        0x2 c:/siliconlabs/simplicitystudio/v4/developer/toolchains/gnu_arm/4.9_2015q3/bin/../lib/gcc/arm-none-eabi/4.9.3/../../../../arm-none-eabi/lib/armv7e-m/softfp\libc_nano.a(lib_a-impure.o)
 *fill*         0x0000891e        0x2 
 .rodata._global_impure_ptr
                0x00008920        0x4 c:/siliconlabs/simplicitystudio/v4/developer/toolchains/gnu_arm/4.9_2015q3/bin/../lib/gcc/arm-none-eabi/4.9.3/../../../../arm-none-eabi/lib/armv7e-m/softfp\libc_nano.a(lib_a-impure.o)
                0x00008920                _global_impure_ptr
 *fill*         0x00008924        0x4 
 .rodata.__mprec_tens
                0x00008928       0xc8 c:/siliconlabs/simplicitystudio/v4/developer/toolchains/gnu_arm/4.9_2015q3/bin/../lib/gcc/arm-none-eabi/4.9.3/../../../../arm-none-eabi/lib/armv7e-m/softfp\libc_nano.a(lib_a-mprec.o)
                0x00008928                __mprec_tens
 .rodata.__mprec_bigtens
                0x000089f0       0x28 c:/siliconlabs/simplicitystudio/v4/developer/toolchains/gnu_arm/4.9_2015q3/bin/../lib/gcc/arm-none-eabi/4.9.3/../../../../arm-none-eabi/lib/armv7e-m/softfp\libc_nano.a(lib_a-mprec.o)
                0x000089f0                __mprec_bigtens
 .rodata.p05.5314
                0x00008a18        0xc c:/siliconlabs/simplicitystudio/v4/developer/toolchains/gnu_arm/4.9_2015q3/bin/../lib/gcc/arm-none-eabi/4.9.3/../../../../arm-none-eabi/lib/armv7e-m/softfp\libc_nano.a(lib_a-mprec.o)
 .rodata.str1.1
                0x00008a24       0x11 c:/siliconlabs/simplicitystudio/v4/developer/toolchains/gnu_arm/4.9_2015q3/bin/../lib/gcc/arm-none-eabi/4.9.3/../../../../arm-none-eabi/lib/armv7e-m/softfp\libc_nano.a(lib_a-nano-svfprintf.o)
 .rodata.str1.1
                0x00008a35       0x22 c:/siliconlabs/simplicitystudio/v4/developer/toolchains/gnu_arm/4.9_2015q3/bin/../lib/gcc/arm-none-eabi/4.9.3/../../../../arm-none-eabi/lib/armv7e-m/softfp\libc_nano.a(lib_a-nano-vfprintf_i.o)
 .rodata.str1.1
                0x00008a57        0xf c:/siliconlabs/simplicitystudio/v4/developer/toolchains/gnu_arm/4.9_2015q3/bin/../lib/gcc/arm-none-eabi/4.9.3/../../../../arm-none-eabi/lib/armv7e-m/softfp\libc_nano.a(lib_a-dtoa.o)
 *(.eh_frame*)
 *fill*         0x00008a66        0x2 
 .eh_frame      0x00008a68        0x0 c:/siliconlabs/simplicitystudio/v4/developer/toolchains/gnu_arm/4.9_2015q3/bin/../lib/gcc/arm-none-eabi/4.9.3/armv7e-m/softfp/crtbegin.o
 .eh_frame      0x00008a68        0x4 c:/siliconlabs/simplicitystudio/v4/developer/toolchains/gnu_arm/4.9_2015q3/bin/../lib/gcc/arm-none-eabi/4.9.3/armv7e-m/softfp/crtend.o

.glue_7         0x00008a6c        0x0
 .glue_7        0x00000000        0x0 linker stubs

.glue_7t        0x00008a6c        0x0
 .glue_7t       0x00000000        0x0 linker stubs

.vfp11_veneer   0x00008a6c        0x0
 .vfp11_veneer  0x00000000        0x0 linker stubs

.v4_bx          0x00008a6c        0x0
 .v4_bx         0x00000000        0x0 linker stubs

.iplt           0x00008a6c        0x0
 .iplt          0x00000000        0x0 c:/siliconlabs/simplicitystudio/v4/developer/toolchains/gnu_arm/4.9_2015q3/bin/../lib/gcc/arm-none-eabi/4.9.3/armv7e-m/softfp/crtbegin.o

.ARM.extab
 *(.ARM.extab* .gnu.linkonce.armextab.*)
                0x00008a6c                __exidx_start = .

.ARM.exidx      0x00008a6c        0x8
 *(.ARM.exidx* .gnu.linkonce.armexidx.*)
 .ARM.exidx     0x00008a6c        0x8 c:/siliconlabs/simplicitystudio/v4/developer/toolchains/gnu_arm/4.9_2015q3/bin/../lib/gcc/arm-none-eabi/4.9.3/../../../../arm-none-eabi/lib/armv7e-m/softfp/crt0.o
 .ARM.exidx     0x00008a74        0x0 c:/siliconlabs/simplicitystudio/v4/developer/toolchains/gnu_arm/4.9_2015q3/bin/../lib/gcc/arm-none-eabi/4.9.3/armv7e-m/softfp\libgcc.a(_divdi3.o)
                                  0x8 (size before relaxing)
 .ARM.exidx     0x00008a74        0x0 c:/siliconlabs/simplicitystudio/v4/developer/toolchains/gnu_arm/4.9_2015q3/bin/../lib/gcc/arm-none-eabi/4.9.3/armv7e-m/softfp\libgcc.a(_udivdi3.o)
                                  0x8 (size before relaxing)
                0x00008a74                __exidx_end = .
                0x00008a74                __etext = .

.rel.dyn        0x00008a74        0x0
 .rel.iplt      0x00000000        0x0 c:/siliconlabs/simplicitystudio/v4/developer/toolchains/gnu_arm/4.9_2015q3/bin/../lib/gcc/arm-none-eabi/4.9.3/armv7e-m/softfp/crtbegin.o

.data           0x20000000      0x184 load address 0x00008a74
                0x20000000                __data_start__ = .
 *(vtable)
 *(.data*)
 .data.spi_handle
                0x20000000        0x4 ./src/main.o
                0x20000000                spi_handle
 .data.rxBufferQueue
                0x20000004       0x80 ./src/main.o
 .data.txBufferQueue
                0x20000084       0x80 ./src/main.o
 .data.uart_handle
                0x20000104        0x4 ./src/main.o
                0x20000104                uart_handle
 .data.SystemHFXOClock
                0x20000108        0x4 ./CMSIS/EFM32WG/system_efm32wg.o
 .data.SystemLFXOClock
                0x2000010c        0x4 ./CMSIS/EFM32WG/system_efm32wg.o
 .data.SystemCoreClock
                0x20000110        0x4 ./CMSIS/EFM32WG/system_efm32wg.o
                0x20000110                SystemCoreClock
 .data.impure_data
                0x20000114       0x60 c:/siliconlabs/simplicitystudio/v4/developer/toolchains/gnu_arm/4.9_2015q3/bin/../lib/gcc/arm-none-eabi/4.9.3/../../../../arm-none-eabi/lib/armv7e-m/softfp\libc_nano.a(lib_a-impure.o)
 .data._impure_ptr
                0x20000174        0x4 c:/siliconlabs/simplicitystudio/v4/developer/toolchains/gnu_arm/4.9_2015q3/bin/../lib/gcc/arm-none-eabi/4.9.3/../../../../arm-none-eabi/lib/armv7e-m/softfp\libc_nano.a(lib_a-impure.o)
                0x20000174                _impure_ptr
                0x20000178                . = ALIGN (0x4)
 *(.ram)
                0x20000178                . = ALIGN (0x4)
                0x20000178                PROVIDE (__preinit_array_start, .)
 *(.preinit_array)
                0x20000178                PROVIDE (__preinit_array_end, .)
                0x20000178                . = ALIGN (0x4)
                0x20000178                PROVIDE (__init_array_start, .)
 *(SORT(.init_array.*))
 *(.init_array)
 .init_array    0x20000178        0x4 c:/siliconlabs/simplicitystudio/v4/developer/toolchains/gnu_arm/4.9_2015q3/bin/../lib/gcc/arm-none-eabi/4.9.3/armv7e-m/softfp/crtbegin.o
                0x2000017c                PROVIDE (__init_array_end, .)
                0x2000017c                . = ALIGN (0x4)
                0x2000017c                PROVIDE (__fini_array_start, .)
 *(SORT(.fini_array.*))
 *(.fini_array)
 .fini_array    0x2000017c        0x4 c:/siliconlabs/simplicitystudio/v4/developer/toolchains/gnu_arm/4.9_2015q3/bin/../lib/gcc/arm-none-eabi/4.9.3/armv7e-m/softfp/crtbegin.o
                0x20000180                PROVIDE (__fini_array_end, .)
 *(.jcr*)
 .jcr           0x20000180        0x0 c:/siliconlabs/simplicitystudio/v4/developer/toolchains/gnu_arm/4.9_2015q3/bin/../lib/gcc/arm-none-eabi/4.9.3/armv7e-m/softfp/crtbegin.o
 .jcr           0x20000180        0x4 c:/siliconlabs/simplicitystudio/v4/developer/toolchains/gnu_arm/4.9_2015q3/bin/../lib/gcc/arm-none-eabi/4.9.3/armv7e-m/softfp/crtend.o
                0x20000184                . = ALIGN (0x4)
                0x20000184                __data_end__ = .

.igot.plt       0x20000184        0x0 load address 0x00008bf8
 .igot.plt      0x00000000        0x0 c:/siliconlabs/simplicitystudio/v4/developer/toolchains/gnu_arm/4.9_2015q3/bin/../lib/gcc/arm-none-eabi/4.9.3/armv7e-m/softfp/crtbegin.o

.bss            0x20000200      0x604 load address 0x00008d00
                0x20000200                . = ALIGN (0x4)
                0x20000200                __bss_start__ = .
 *(.bss*)
 .bss           0x20000200       0x1c c:/siliconlabs/simplicitystudio/v4/developer/toolchains/gnu_arm/4.9_2015q3/bin/../lib/gcc/arm-none-eabi/4.9.3/armv7e-m/softfp/crtbegin.o
 .bss.initialized
                0x2000021c        0x1 ./emlib/dmadrv.o
 *fill*         0x2000021d        0x3 
 .bss.chTable   0x20000220       0xf0 ./emlib/dmadrv.o
 .bss.dmaCallBack
                0x20000310       0x90 ./emlib/dmadrv.o
 .bss.timer     0x200003a0       0xa0 ./emlib/rtcdriver.o
 .bss.lastStart
                0x20000440        0x4 ./emlib/rtcdriver.o
 .bss.startTimerNestingLevel
                0x20000444        0x4 ./emlib/rtcdriver.o
 .bss.inTimerIRQ
                0x20000448        0x1 ./emlib/rtcdriver.o
 .bss.rtcRunning
                0x20000449        0x1 ./emlib/rtcdriver.o
 .bss.rtcdrvIsInitialized
                0x2000044a        0x1 ./emlib/rtcdriver.o
 .bss.spidrvIsInitialized
                0x2000044b        0x1 ./emlib/spidrv.o
 .bss.uartdrvHandleIsInitialized
                0x2000044c        0x1 ./emlib/uartdrv.o
 *fill*         0x2000044d        0x3 
 .bss.uartdrvHandle
                0x20000450       0x10 ./emlib/uartdrv.o
 .bss.gpioCallbacks
                0x20000460       0x40 ./emlib/gpiointerrupt.o
 .bss.__malloc_sbrk_start
                0x200004a0        0x4 c:/siliconlabs/simplicitystudio/v4/developer/toolchains/gnu_arm/4.9_2015q3/bin/../lib/gcc/arm-none-eabi/4.9.3/../../../../arm-none-eabi/lib/armv7e-m/softfp\libc_nano.a(lib_a-nano-mallocr.o)
                0x200004a0                __malloc_sbrk_start
 .bss.__malloc_free_list
                0x200004a4        0x4 c:/siliconlabs/simplicitystudio/v4/developer/toolchains/gnu_arm/4.9_2015q3/bin/../lib/gcc/arm-none-eabi/4.9.3/../../../../arm-none-eabi/lib/armv7e-m/softfp\libc_nano.a(lib_a-nano-mallocr.o)
                0x200004a4                __malloc_free_list
 .bss.heap_end.4079
                0x200004a8        0x4 c:/siliconlabs/simplicitystudio/v4/developer/toolchains/gnu_arm/4.9_2015q3/bin/../lib/gcc/arm-none-eabi/4.9.3/../../../../arm-none-eabi/lib/armv7e-m/softfp\libnosys.a(sbrk.o)
 *(COMMON)
 COMMON         0x200004ac       0xd8 ./src/main.o
                0x200004ac                spi_handleData
                0x20000504                uart_tx_buffer
                0x2000052c                rtc_id
                0x20000530                spi_rx_buffer
                0x20000548                spi_tx_buffer
                0x2000054c                spi_tx_config_buffer
                0x20000550                uart_handleData
 *fill*         0x20000584       0x7c 
 COMMON         0x20000600      0x200 ./emlib/dmactrl.o
                0x20000600                dmaControlBlock
 COMMON         0x20000800        0x4 c:/siliconlabs/simplicitystudio/v4/developer/toolchains/gnu_arm/4.9_2015q3/bin/../lib/gcc/arm-none-eabi/4.9.3/../../../../arm-none-eabi/lib/armv7e-m/softfp\libc_nano.a(lib_a-reent.o)
                0x20000800                errno
                0x20000804                . = ALIGN (0x4)
                0x20000804                __bss_end__ = .

.heap           0x20000808      0xc00
                0x20000808                __HeapBase = .
                0x20000808                __end__ = .
                0x20000808                end = __end__
                0x20000808                _end = __end__
 *(.heap*)
 .heap          0x20000808      0xc00 ./CMSIS/EFM32WG/startup_efm32wg.o
                0x20001408                __HeapLimit = .

.stack_dummy    0x20000808      0x400
 *(.stack*)
 .stack         0x20000808      0x400 ./CMSIS/EFM32WG/startup_efm32wg.o
                0x20008000                __StackTop = (ORIGIN (RAM) + 0x8000)
                0x20007c00                __StackLimit = (__StackTop - SIZEOF (.stack_dummy))
                0x20008000                PROVIDE (__stack, __StackTop)
                0x00000001                ASSERT ((__StackLimit >= __HeapLimit), region RAM overflowed with stack)
                0x00000001                ASSERT ((0x40000 >= (__etext + SIZEOF (.data))), FLASH memory overflowed !)
OUTPUT(WonderGecko_MAX35103.axf elf32-littlearm)

.ARM.attributes
                0x00000000       0x2e
 .ARM.attributes
                0x00000000       0x22 c:/siliconlabs/simplicitystudio/v4/developer/toolchains/gnu_arm/4.9_2015q3/bin/../lib/gcc/arm-none-eabi/4.9.3/armv7e-m/softfp/crti.o
 .ARM.attributes
                0x00000022       0x32 c:/siliconlabs/simplicitystudio/v4/developer/toolchains/gnu_arm/4.9_2015q3/bin/../lib/gcc/arm-none-eabi/4.9.3/armv7e-m/softfp/crtbegin.o
 .ARM.attributes
                0x00000054       0x20 c:/siliconlabs/simplicitystudio/v4/developer/toolchains/gnu_arm/4.9_2015q3/bin/../lib/gcc/arm-none-eabi/4.9.3/../../../../arm-none-eabi/lib/armv7e-m/softfp/crt0.o
 .ARM.attributes
                0x00000074       0x37 ./src/main.o
 .ARM.attributes
                0x000000ab       0x37 ./emlib/dmactrl.o
 .ARM.attributes
                0x000000e2       0x37 ./emlib/dmadrv.o
 .ARM.attributes
                0x00000119       0x37 ./emlib/em_cmu.o
 .ARM.attributes
                0x00000150       0x37 ./emlib/em_core.o
 .ARM.attributes
                0x00000187       0x37 ./emlib/em_dma.o
 .ARM.attributes
                0x000001be       0x37 ./emlib/em_gpio.o
 .ARM.attributes
                0x000001f5       0x37 ./emlib/em_rtc.o
 .ARM.attributes
                0x0000022c       0x37 ./emlib/em_usart.o
 .ARM.attributes
                0x00000263       0x37 ./emlib/rtcdriver.o
 .ARM.attributes
                0x0000029a       0x37 ./emlib/spidrv.o
 .ARM.attributes
                0x000002d1       0x37 ./emlib/uartdrv.o
 .ARM.attributes
                0x00000308       0x1b ./CMSIS/EFM32WG/startup_efm32wg.o
 .ARM.attributes
                0x00000323       0x37 ./CMSIS/EFM32WG/system_efm32wg.o
 .ARM.attributes
                0x0000035a       0x37 ./emlib/em_leuart.o
 .ARM.attributes
                0x00000391       0x37 ./emlib/gpiointerrupt.o
 .ARM.attributes
                0x000003c8       0x22 c:/siliconlabs/simplicitystudio/v4/developer/toolchains/gnu_arm/4.9_2015q3/bin/../lib/gcc/arm-none-eabi/4.9.3/armv7e-m/softfp\libgcc.a(_arm_addsubdf3.o)
 .ARM.attributes
                0x000003ea       0x22 c:/siliconlabs/simplicitystudio/v4/developer/toolchains/gnu_arm/4.9_2015q3/bin/../lib/gcc/arm-none-eabi/4.9.3/armv7e-m/softfp\libgcc.a(_aeabi_uldivmod.o)
 .ARM.attributes
                0x0000040c       0x32 c:/siliconlabs/simplicitystudio/v4/developer/toolchains/gnu_arm/4.9_2015q3/bin/../lib/gcc/arm-none-eabi/4.9.3/armv7e-m/softfp\libgcc.a(bpabi.o)
 .ARM.attributes
                0x0000043e       0x22 c:/siliconlabs/simplicitystudio/v4/developer/toolchains/gnu_arm/4.9_2015q3/bin/../lib/gcc/arm-none-eabi/4.9.3/armv7e-m/softfp\libgcc.a(_dvmd_tls.o)
 .ARM.attributes
                0x00000460       0x32 c:/siliconlabs/simplicitystudio/v4/developer/toolchains/gnu_arm/4.9_2015q3/bin/../lib/gcc/arm-none-eabi/4.9.3/armv7e-m/softfp\libgcc.a(_divdi3.o)
 .ARM.attributes
                0x00000492       0x32 c:/siliconlabs/simplicitystudio/v4/developer/toolchains/gnu_arm/4.9_2015q3/bin/../lib/gcc/arm-none-eabi/4.9.3/armv7e-m/softfp\libgcc.a(_udivdi3.o)
 .ARM.attributes
                0x000004c4       0x32 c:/siliconlabs/simplicitystudio/v4/developer/toolchains/gnu_arm/4.9_2015q3/bin/../lib/gcc/arm-none-eabi/4.9.3/../../../../arm-none-eabi/lib/armv7e-m/softfp\libc_nano.a(lib_a-efgcvt.o)
 .ARM.attributes
                0x000004f6       0x32 c:/siliconlabs/simplicitystudio/v4/developer/toolchains/gnu_arm/4.9_2015q3/bin/../lib/gcc/arm-none-eabi/4.9.3/../../../../arm-none-eabi/lib/armv7e-m/softfp\libc_nano.a(lib_a-exit.o)
 .ARM.attributes
                0x00000528       0x32 c:/siliconlabs/simplicitystudio/v4/developer/toolchains/gnu_arm/4.9_2015q3/bin/../lib/gcc/arm-none-eabi/4.9.3/../../../../arm-none-eabi/lib/armv7e-m/softfp\libc_nano.a(lib_a-impure.o)
 .ARM.attributes
                0x0000055a       0x32 c:/siliconlabs/simplicitystudio/v4/developer/toolchains/gnu_arm/4.9_2015q3/bin/../lib/gcc/arm-none-eabi/4.9.3/../../../../arm-none-eabi/lib/armv7e-m/softfp\libc_nano.a(lib_a-init.o)
 .ARM.attributes
                0x0000058c       0x32 c:/siliconlabs/simplicitystudio/v4/developer/toolchains/gnu_arm/4.9_2015q3/bin/../lib/gcc/arm-none-eabi/4.9.3/../../../../arm-none-eabi/lib/armv7e-m/softfp\libc_nano.a(lib_a-memcpy.o)
 .ARM.attributes
                0x000005be       0x32 c:/siliconlabs/simplicitystudio/v4/developer/toolchains/gnu_arm/4.9_2015q3/bin/../lib/gcc/arm-none-eabi/4.9.3/../../../../arm-none-eabi/lib/armv7e-m/softfp\libc_nano.a(lib_a-memset.o)
 .ARM.attributes
                0x000005f0       0x32 c:/siliconlabs/simplicitystudio/v4/developer/toolchains/gnu_arm/4.9_2015q3/bin/../lib/gcc/arm-none-eabi/4.9.3/../../../../arm-none-eabi/lib/armv7e-m/softfp\libc_nano.a(lib_a-sprintf.o)
 .ARM.attributes
                0x00000622       0x32 c:/siliconlabs/simplicitystudio/v4/developer/toolchains/gnu_arm/4.9_2015q3/bin/../lib/gcc/arm-none-eabi/4.9.3/../../../../arm-none-eabi/lib/armv7e-m/softfp\libc_nano.a(lib_a-ecvtbuf.o)
 .ARM.attributes
                0x00000654       0x32 c:/siliconlabs/simplicitystudio/v4/developer/toolchains/gnu_arm/4.9_2015q3/bin/../lib/gcc/arm-none-eabi/4.9.3/../../../../arm-none-eabi/lib/armv7e-m/softfp\libc_nano.a(lib_a-mprec.o)
 .ARM.attributes
                0x00000686       0x32 c:/siliconlabs/simplicitystudio/v4/developer/toolchains/gnu_arm/4.9_2015q3/bin/../lib/gcc/arm-none-eabi/4.9.3/../../../../arm-none-eabi/lib/armv7e-m/softfp\libc_nano.a(lib_a-nano-callocr.o)
 .ARM.attributes
                0x000006b8       0x32 c:/siliconlabs/simplicitystudio/v4/developer/toolchains/gnu_arm/4.9_2015q3/bin/../lib/gcc/arm-none-eabi/4.9.3/../../../../arm-none-eabi/lib/armv7e-m/softfp\libc_nano.a(lib_a-nano-mallocr.o)
 .ARM.attributes
                0x000006ea       0x32 c:/siliconlabs/simplicitystudio/v4/developer/toolchains/gnu_arm/4.9_2015q3/bin/../lib/gcc/arm-none-eabi/4.9.3/../../../../arm-none-eabi/lib/armv7e-m/softfp\libc_nano.a(lib_a-nano-reallocr.o)
 .ARM.attributes
                0x0000071c       0x32 c:/siliconlabs/simplicitystudio/v4/developer/toolchains/gnu_arm/4.9_2015q3/bin/../lib/gcc/arm-none-eabi/4.9.3/../../../../arm-none-eabi/lib/armv7e-m/softfp\libc_nano.a(lib_a-nano-svfprintf.o)
 .ARM.attributes
                0x0000074e       0x32 c:/siliconlabs/simplicitystudio/v4/developer/toolchains/gnu_arm/4.9_2015q3/bin/../lib/gcc/arm-none-eabi/4.9.3/../../../../arm-none-eabi/lib/armv7e-m/softfp\libc_nano.a(lib_a-nano-vfprintf_i.o)
 .ARM.attributes
                0x00000780       0x32 c:/siliconlabs/simplicitystudio/v4/developer/toolchains/gnu_arm/4.9_2015q3/bin/../lib/gcc/arm-none-eabi/4.9.3/../../../../arm-none-eabi/lib/armv7e-m/softfp\libc_nano.a(lib_a-sbrkr.o)
 .ARM.attributes
                0x000007b2       0x32 c:/siliconlabs/simplicitystudio/v4/developer/toolchains/gnu_arm/4.9_2015q3/bin/../lib/gcc/arm-none-eabi/4.9.3/../../../../arm-none-eabi/lib/armv7e-m/softfp\libc_nano.a(lib_a-strcpy.o)
 .ARM.attributes
                0x000007e4       0x32 c:/siliconlabs/simplicitystudio/v4/developer/toolchains/gnu_arm/4.9_2015q3/bin/../lib/gcc/arm-none-eabi/4.9.3/../../../../arm-none-eabi/lib/armv7e-m/softfp\libc_nano.a(lib_a-dtoa.o)
 .ARM.attributes
                0x00000816       0x32 c:/siliconlabs/simplicitystudio/v4/developer/toolchains/gnu_arm/4.9_2015q3/bin/../lib/gcc/arm-none-eabi/4.9.3/../../../../arm-none-eabi/lib/armv7e-m/softfp\libc_nano.a(lib_a-malloc.o)
 .ARM.attributes
                0x00000848       0x32 c:/siliconlabs/simplicitystudio/v4/developer/toolchains/gnu_arm/4.9_2015q3/bin/../lib/gcc/arm-none-eabi/4.9.3/../../../../arm-none-eabi/lib/armv7e-m/softfp\libc_nano.a(lib_a-memchr.o)
 .ARM.attributes
                0x0000087a       0x32 c:/siliconlabs/simplicitystudio/v4/developer/toolchains/gnu_arm/4.9_2015q3/bin/../lib/gcc/arm-none-eabi/4.9.3/../../../../arm-none-eabi/lib/armv7e-m/softfp\libc_nano.a(lib_a-memmove.o)
 .ARM.attributes
                0x000008ac       0x32 c:/siliconlabs/simplicitystudio/v4/developer/toolchains/gnu_arm/4.9_2015q3/bin/../lib/gcc/arm-none-eabi/4.9.3/../../../../arm-none-eabi/lib/armv7e-m/softfp\libc_nano.a(lib_a-nano-freer.o)
 .ARM.attributes
                0x000008de       0x32 c:/siliconlabs/simplicitystudio/v4/developer/toolchains/gnu_arm/4.9_2015q3/bin/../lib/gcc/arm-none-eabi/4.9.3/../../../../arm-none-eabi/lib/armv7e-m/softfp\libc_nano.a(lib_a-nano-msizer.o)
 .ARM.attributes
                0x00000910       0x32 c:/siliconlabs/simplicitystudio/v4/developer/toolchains/gnu_arm/4.9_2015q3/bin/../lib/gcc/arm-none-eabi/4.9.3/../../../../arm-none-eabi/lib/armv7e-m/softfp\libc_nano.a(lib_a-reent.o)
 .ARM.attributes
                0x00000942       0x32 c:/siliconlabs/simplicitystudio/v4/developer/toolchains/gnu_arm/4.9_2015q3/bin/../lib/gcc/arm-none-eabi/4.9.3/../../../../arm-none-eabi/lib/armv7e-m/softfp\libnosys.a(sbrk.o)
 .ARM.attributes
                0x00000974       0x32 c:/siliconlabs/simplicitystudio/v4/developer/toolchains/gnu_arm/4.9_2015q3/bin/../lib/gcc/arm-none-eabi/4.9.3/../../../../arm-none-eabi/lib/armv7e-m/softfp\libnosys.a(_exit.o)
 .ARM.attributes
                0x000009a6       0x22 c:/siliconlabs/simplicitystudio/v4/developer/toolchains/gnu_arm/4.9_2015q3/bin/../lib/gcc/arm-none-eabi/4.9.3/armv7e-m/softfp\libgcc.a(_arm_muldivdf3.o)
 .ARM.attributes
                0x000009c8       0x22 c:/siliconlabs/simplicitystudio/v4/developer/toolchains/gnu_arm/4.9_2015q3/bin/../lib/gcc/arm-none-eabi/4.9.3/armv7e-m/softfp\libgcc.a(_arm_cmpdf2.o)
 .ARM.attributes
                0x000009ea       0x22 c:/siliconlabs/simplicitystudio/v4/developer/toolchains/gnu_arm/4.9_2015q3/bin/../lib/gcc/arm-none-eabi/4.9.3/armv7e-m/softfp\libgcc.a(_arm_fixdfsi.o)
 .ARM.attributes
                0x00000a0c       0x32 c:/siliconlabs/simplicitystudio/v4/developer/toolchains/gnu_arm/4.9_2015q3/bin/../lib/gcc/arm-none-eabi/4.9.3/armv7e-m/softfp/crtend.o
 .ARM.attributes
                0x00000a3e       0x22 c:/siliconlabs/simplicitystudio/v4/developer/toolchains/gnu_arm/4.9_2015q3/bin/../lib/gcc/arm-none-eabi/4.9.3/armv7e-m/softfp/crtn.o

.comment        0x00000000       0x70
 .comment       0x00000000       0x70 ./src/main.o
                                 0x71 (size before relaxing)
 .comment       0x00000000       0x71 ./emlib/dmactrl.o
 .comment       0x00000000       0x71 ./emlib/dmadrv.o
 .comment       0x00000000       0x71 ./emlib/em_cmu.o
 .comment       0x00000000       0x71 ./emlib/em_core.o
 .comment       0x00000000       0x71 ./emlib/em_dma.o
 .comment       0x00000000       0x71 ./emlib/em_gpio.o
 .comment       0x00000000       0x71 ./emlib/em_rtc.o
 .comment       0x00000000       0x71 ./emlib/em_usart.o
 .comment       0x00000000       0x71 ./emlib/rtcdriver.o
 .comment       0x00000000       0x71 ./emlib/spidrv.o
 .comment       0x00000000       0x71 ./emlib/uartdrv.o
 .comment       0x00000000       0x71 ./CMSIS/EFM32WG/system_efm32wg.o
 .comment       0x00000000       0x71 ./emlib/em_leuart.o
 .comment       0x00000000       0x71 ./emlib/gpiointerrupt.o

.debug_info     0x00000000     0xe4e3
 .debug_info    0x00000000     0x18af ./src/main.o
 .debug_info    0x000018af      0x129 ./emlib/dmactrl.o
 .debug_info    0x000019d8     0x170d ./emlib/dmadrv.o
 .debug_info    0x000030e5     0x1287 ./emlib/em_cmu.o
 .debug_info    0x0000436c      0xd04 ./emlib/em_core.o
 .debug_info    0x00005070     0x12f1 ./emlib/em_dma.o
 .debug_info    0x00006361      0x65f ./emlib/em_gpio.o
 .debug_info    0x000069c0      0x343 ./emlib/em_rtc.o
 .debug_info    0x00006d03      0xebf ./emlib/em_usart.o
 .debug_info    0x00007bc2      0xd84 ./emlib/rtcdriver.o
 .debug_info    0x00008946     0x1ba6 ./emlib/spidrv.o
 .debug_info    0x0000a4ec     0x27e4 ./emlib/uartdrv.o
 .debug_info    0x0000ccd0       0xf6 ./CMSIS/EFM32WG/startup_efm32wg.o
 .debug_info    0x0000cdc6      0x723 ./CMSIS/EFM32WG/system_efm32wg.o
 .debug_info    0x0000d4e9      0x851 ./emlib/em_leuart.o
 .debug_info    0x0000dd3a      0x7a9 ./emlib/gpiointerrupt.o

.debug_abbrev   0x00000000     0x204c
 .debug_abbrev  0x00000000      0x303 ./src/main.o
 .debug_abbrev  0x00000303       0x98 ./emlib/dmactrl.o
 .debug_abbrev  0x0000039b      0x278 ./emlib/dmadrv.o
 .debug_abbrev  0x00000613      0x2b7 ./emlib/em_cmu.o
 .debug_abbrev  0x000008ca      0x239 ./emlib/em_core.o
 .debug_abbrev  0x00000b03      0x24d ./emlib/em_dma.o
 .debug_abbrev  0x00000d50      0x1c2 ./emlib/em_gpio.o
 .debug_abbrev  0x00000f12      0x198 ./emlib/em_rtc.o
 .debug_abbrev  0x000010aa      0x1c7 ./emlib/em_usart.o
 .debug_abbrev  0x00001271      0x29e ./emlib/rtcdriver.o
 .debug_abbrev  0x0000150f      0x25b ./emlib/spidrv.o
 .debug_abbrev  0x0000176a      0x2fd ./emlib/uartdrv.o
 .debug_abbrev  0x00001a67       0x14 ./CMSIS/EFM32WG/startup_efm32wg.o
 .debug_abbrev  0x00001a7b      0x1a3 ./CMSIS/EFM32WG/system_efm32wg.o
 .debug_abbrev  0x00001c1e      0x1e2 ./emlib/em_leuart.o
 .debug_abbrev  0x00001e00      0x24c ./emlib/gpiointerrupt.o

.debug_loc      0x00000000     0x64b8
 .debug_loc     0x00000000      0x646 ./src/main.o
 .debug_loc     0x00000646      0x665 ./emlib/dmadrv.o
 .debug_loc     0x00000cab      0xd0c ./emlib/em_cmu.o
 .debug_loc     0x000019b7      0x88c ./emlib/em_core.o
 .debug_loc     0x00002243      0x72c ./emlib/em_dma.o
 .debug_loc     0x0000296f      0x3d0 ./emlib/em_gpio.o
 .debug_loc     0x00002d3f      0x28c ./emlib/em_rtc.o
 .debug_loc     0x00002fcb      0x6d2 ./emlib/em_usart.o
 .debug_loc     0x0000369d      0x6e4 ./emlib/rtcdriver.o
 .debug_loc     0x00003d81      0xac7 ./emlib/spidrv.o
 .debug_loc     0x00004848     0x1180 ./emlib/uartdrv.o
 .debug_loc     0x000059c8      0x31c ./CMSIS/EFM32WG/system_efm32wg.o
 .debug_loc     0x00005ce4      0x49c ./emlib/em_leuart.o
 .debug_loc     0x00006180      0x338 ./emlib/gpiointerrupt.o

.debug_aranges  0x00000000      0xb50
 .debug_aranges
                0x00000000       0xc8 ./src/main.o
 .debug_aranges
                0x000000c8       0x18 ./emlib/dmactrl.o
 .debug_aranges
                0x000000e0       0xb8 ./emlib/dmadrv.o
 .debug_aranges
                0x00000198      0x160 ./emlib/em_cmu.o
 .debug_aranges
                0x000002f8       0xe8 ./emlib/em_core.o
 .debug_aranges
                0x000003e0       0xc0 ./emlib/em_dma.o
 .debug_aranges
                0x000004a0       0x70 ./emlib/em_gpio.o
 .debug_aranges
                0x00000510       0x58 ./emlib/em_rtc.o
 .debug_aranges
                0x00000568       0xb8 ./emlib/em_usart.o
 .debug_aranges
                0x00000620       0xc8 ./emlib/rtcdriver.o
 .debug_aranges
                0x000006e8      0x128 ./emlib/spidrv.o
 .debug_aranges
                0x00000810      0x1c0 ./emlib/uartdrv.o
 .debug_aranges
                0x000009d0       0x20 ./CMSIS/EFM32WG/startup_efm32wg.o
 .debug_aranges
                0x000009f0       0x70 ./CMSIS/EFM32WG/system_efm32wg.o
 .debug_aranges
                0x00000a60       0x88 ./emlib/em_leuart.o
 .debug_aranges
                0x00000ae8       0x68 ./emlib/gpiointerrupt.o

.debug_ranges   0x00000000      0xa38
 .debug_ranges  0x00000000       0xb8 ./src/main.o
 .debug_ranges  0x000000b8       0xa8 ./emlib/dmadrv.o
 .debug_ranges  0x00000160      0x150 ./emlib/em_cmu.o
 .debug_ranges  0x000002b0       0xd8 ./emlib/em_core.o
 .debug_ranges  0x00000388       0xb0 ./emlib/em_dma.o
 .debug_ranges  0x00000438       0x60 ./emlib/em_gpio.o
 .debug_ranges  0x00000498       0x48 ./emlib/em_rtc.o
 .debug_ranges  0x000004e0       0xa8 ./emlib/em_usart.o
 .debug_ranges  0x00000588       0xb8 ./emlib/rtcdriver.o
 .debug_ranges  0x00000640      0x118 ./emlib/spidrv.o
 .debug_ranges  0x00000758      0x1b0 ./emlib/uartdrv.o
 .debug_ranges  0x00000908       0x60 ./CMSIS/EFM32WG/system_efm32wg.o
 .debug_ranges  0x00000968       0x78 ./emlib/em_leuart.o
 .debug_ranges  0x000009e0       0x58 ./emlib/gpiointerrupt.o

.debug_line     0x00000000     0x6734
 .debug_line    0x00000000      0x7fb ./src/main.o
 .debug_line    0x000007fb      0x21d ./emlib/dmactrl.o
 .debug_line    0x00000a18      0x6cb ./emlib/dmadrv.o
 .debug_line    0x000010e3      0xa00 ./emlib/em_cmu.o
 .debug_line    0x00001ae3      0x5ec ./emlib/em_core.o
 .debug_line    0x000020cf      0x582 ./emlib/em_dma.o
 .debug_line    0x00002651      0x46b ./emlib/em_gpio.o
 .debug_line    0x00002abc      0x34b ./emlib/em_rtc.o
 .debug_line    0x00002e07      0x5c5 ./emlib/em_usart.o
 .debug_line    0x000033cc      0x689 ./emlib/rtcdriver.o
 .debug_line    0x00003a55      0xdeb ./emlib/spidrv.o
 .debug_line    0x00004840     0x1242 ./emlib/uartdrv.o
 .debug_line    0x00005a82       0xd3 ./CMSIS/EFM32WG/startup_efm32wg.o
 .debug_line    0x00005b55      0x38a ./CMSIS/EFM32WG/system_efm32wg.o
 .debug_line    0x00005edf      0x421 ./emlib/em_leuart.o
 .debug_line    0x00006300      0x434 ./emlib/gpiointerrupt.o

.debug_str      0x00000000     0x4af6
 .debug_str     0x00000000     0x19bf ./src/main.o
                               0x1aae (size before relaxing)
 .debug_str     0x000019bf       0x4d ./emlib/dmactrl.o
                                0x24e (size before relaxing)
 .debug_str     0x00001a0c      0x956 ./emlib/dmadrv.o
                               0x1714 (size before relaxing)
 .debug_str     0x00002362      0x8ac ./emlib/em_cmu.o
                                0xdbb (size before relaxing)
 .debug_str     0x00002c0e      0x30f ./emlib/em_core.o
                                0x875 (size before relaxing)
 .debug_str     0x00002f1d      0x2dd ./emlib/em_dma.o
                                0xdae (size before relaxing)
 .debug_str     0x000031fa      0x16c ./emlib/em_gpio.o
                                0x61a (size before relaxing)
 .debug_str     0x00003366       0xbe ./emlib/em_rtc.o
                                0x300 (size before relaxing)
 .debug_str     0x00003424      0x7ce ./emlib/em_usart.o
                                0xe1c (size before relaxing)
 .debug_str     0x00003bf2      0x2b1 ./emlib/rtcdriver.o
                                0xbf4 (size before relaxing)
 .debug_str     0x00003ea3      0x2f0 ./emlib/spidrv.o
                               0x1c79 (size before relaxing)
 .debug_str     0x00004193      0x63b ./emlib/uartdrv.o
                               0x22f2 (size before relaxing)
 .debug_str     0x000047ce      0x16d ./CMSIS/EFM32WG/system_efm32wg.o
                                0x542 (size before relaxing)
 .debug_str     0x0000493b       0xf4 ./emlib/em_leuart.o
                                0x7a8 (size before relaxing)
 .debug_str     0x00004a2f       0xc7 ./emlib/gpiointerrupt.o
                                0x6d6 (size before relaxing)

.debug_frame    0x00000000     0x3810
 .debug_frame   0x00000000      0x32c ./src/main.o
 .debug_frame   0x0000032c      0x2f0 ./emlib/dmadrv.o
 .debug_frame   0x0000061c      0x608 ./emlib/em_cmu.o
 .debug_frame   0x00000c24      0x3dc ./emlib/em_core.o
 .debug_frame   0x00001000      0x340 ./emlib/em_dma.o
 .debug_frame   0x00001340      0x1c0 ./emlib/em_gpio.o
 .debug_frame   0x00001500      0x138 ./emlib/em_rtc.o
 .debug_frame   0x00001638      0x310 ./emlib/em_usart.o
 .debug_frame   0x00001948      0x354 ./emlib/rtcdriver.o
 .debug_frame   0x00001c9c      0x500 ./emlib/spidrv.o
 .debug_frame   0x0000219c      0x7fc ./emlib/uartdrv.o
 .debug_frame   0x00002998      0x180 ./CMSIS/EFM32WG/system_efm32wg.o
 .debug_frame   0x00002b18      0x21c ./emlib/em_leuart.o
 .debug_frame   0x00002d34      0x184 ./emlib/gpiointerrupt.o
 .debug_frame   0x00002eb8       0x28 c:/siliconlabs/simplicitystudio/v4/developer/toolchains/gnu_arm/4.9_2015q3/bin/../lib/gcc/arm-none-eabi/4.9.3/armv7e-m/softfp\libgcc.a(_aeabi_uldivmod.o)
 .debug_frame   0x00002ee0       0x50 c:/siliconlabs/simplicitystudio/v4/developer/toolchains/gnu_arm/4.9_2015q3/bin/../lib/gcc/arm-none-eabi/4.9.3/armv7e-m/softfp\libgcc.a(bpabi.o)
 .debug_frame   0x00002f30       0x34 c:/siliconlabs/simplicitystudio/v4/developer/toolchains/gnu_arm/4.9_2015q3/bin/../lib/gcc/arm-none-eabi/4.9.3/armv7e-m/softfp\libgcc.a(_divdi3.o)
 .debug_frame   0x00002f64       0x30 c:/siliconlabs/simplicitystudio/v4/developer/toolchains/gnu_arm/4.9_2015q3/bin/../lib/gcc/arm-none-eabi/4.9.3/armv7e-m/softfp\libgcc.a(_udivdi3.o)
 .debug_frame   0x00002f94       0xd0 c:/siliconlabs/simplicitystudio/v4/developer/toolchains/gnu_arm/4.9_2015q3/bin/../lib/gcc/arm-none-eabi/4.9.3/../../../../arm-none-eabi/lib/armv7e-m/softfp\libc_nano.a(lib_a-efgcvt.o)
 .debug_frame   0x00003064       0x28 c:/siliconlabs/simplicitystudio/v4/developer/toolchains/gnu_arm/4.9_2015q3/bin/../lib/gcc/arm-none-eabi/4.9.3/../../../../arm-none-eabi/lib/armv7e-m/softfp\libc_nano.a(lib_a-exit.o)
 .debug_frame   0x0000308c       0x2c c:/siliconlabs/simplicitystudio/v4/developer/toolchains/gnu_arm/4.9_2015q3/bin/../lib/gcc/arm-none-eabi/4.9.3/../../../../arm-none-eabi/lib/armv7e-m/softfp\libc_nano.a(lib_a-init.o)
 .debug_frame   0x000030b8       0x28 c:/siliconlabs/simplicitystudio/v4/developer/toolchains/gnu_arm/4.9_2015q3/bin/../lib/gcc/arm-none-eabi/4.9.3/../../../../arm-none-eabi/lib/armv7e-m/softfp\libc_nano.a(lib_a-memcpy.o)
 .debug_frame   0x000030e0       0x20 c:/siliconlabs/simplicitystudio/v4/developer/toolchains/gnu_arm/4.9_2015q3/bin/../lib/gcc/arm-none-eabi/4.9.3/../../../../arm-none-eabi/lib/armv7e-m/softfp\libc_nano.a(lib_a-memset.o)
 .debug_frame   0x00003100       0x70 c:/siliconlabs/simplicitystudio/v4/developer/toolchains/gnu_arm/4.9_2015q3/bin/../lib/gcc/arm-none-eabi/4.9.3/../../../../arm-none-eabi/lib/armv7e-m/softfp\libc_nano.a(lib_a-sprintf.o)
 .debug_frame   0x00003170       0xd8 c:/siliconlabs/simplicitystudio/v4/developer/toolchains/gnu_arm/4.9_2015q3/bin/../lib/gcc/arm-none-eabi/4.9.3/../../../../arm-none-eabi/lib/armv7e-m/softfp\libc_nano.a(lib_a-ecvtbuf.o)
 .debug_frame   0x00003248      0x230 c:/siliconlabs/simplicitystudio/v4/developer/toolchains/gnu_arm/4.9_2015q3/bin/../lib/gcc/arm-none-eabi/4.9.3/../../../../arm-none-eabi/lib/armv7e-m/softfp\libc_nano.a(lib_a-mprec.o)
 .debug_frame   0x00003478       0x2c c:/siliconlabs/simplicitystudio/v4/developer/toolchains/gnu_arm/4.9_2015q3/bin/../lib/gcc/arm-none-eabi/4.9.3/../../../../arm-none-eabi/lib/armv7e-m/softfp\libc_nano.a(lib_a-nano-callocr.o)
 .debug_frame   0x000034a4       0x2c c:/siliconlabs/simplicitystudio/v4/developer/toolchains/gnu_arm/4.9_2015q3/bin/../lib/gcc/arm-none-eabi/4.9.3/../../../../arm-none-eabi/lib/armv7e-m/softfp\libc_nano.a(lib_a-nano-mallocr.o)
 .debug_frame   0x000034d0       0x3c c:/siliconlabs/simplicitystudio/v4/developer/toolchains/gnu_arm/4.9_2015q3/bin/../lib/gcc/arm-none-eabi/4.9.3/../../../../arm-none-eabi/lib/armv7e-m/softfp\libc_nano.a(lib_a-nano-reallocr.o)
 .debug_frame   0x0000350c       0x8c c:/siliconlabs/simplicitystudio/v4/developer/toolchains/gnu_arm/4.9_2015q3/bin/../lib/gcc/arm-none-eabi/4.9.3/../../../../arm-none-eabi/lib/armv7e-m/softfp\libc_nano.a(lib_a-nano-svfprintf.o)
 .debug_frame   0x00003598       0x58 c:/siliconlabs/simplicitystudio/v4/developer/toolchains/gnu_arm/4.9_2015q3/bin/../lib/gcc/arm-none-eabi/4.9.3/../../../../arm-none-eabi/lib/armv7e-m/softfp\libc_nano.a(lib_a-nano-vfprintf_i.o)
 .debug_frame   0x000035f0       0x2c c:/siliconlabs/simplicitystudio/v4/developer/toolchains/gnu_arm/4.9_2015q3/bin/../lib/gcc/arm-none-eabi/4.9.3/../../../../arm-none-eabi/lib/armv7e-m/softfp\libc_nano.a(lib_a-sbrkr.o)
 .debug_frame   0x0000361c       0x20 c:/siliconlabs/simplicitystudio/v4/developer/toolchains/gnu_arm/4.9_2015q3/bin/../lib/gcc/arm-none-eabi/4.9.3/../../../../arm-none-eabi/lib/armv7e-m/softfp\libc_nano.a(lib_a-strcpy.o)
 .debug_frame   0x0000363c       0x6c c:/siliconlabs/simplicitystudio/v4/developer/toolchains/gnu_arm/4.9_2015q3/bin/../lib/gcc/arm-none-eabi/4.9.3/../../../../arm-none-eabi/lib/armv7e-m/softfp\libc_nano.a(lib_a-dtoa.o)
 .debug_frame   0x000036a8       0x30 c:/siliconlabs/simplicitystudio/v4/developer/toolchains/gnu_arm/4.9_2015q3/bin/../lib/gcc/arm-none-eabi/4.9.3/../../../../arm-none-eabi/lib/armv7e-m/softfp\libc_nano.a(lib_a-malloc.o)
 .debug_frame   0x000036d8       0x28 c:/siliconlabs/simplicitystudio/v4/developer/toolchains/gnu_arm/4.9_2015q3/bin/../lib/gcc/arm-none-eabi/4.9.3/../../../../arm-none-eabi/lib/armv7e-m/softfp\libc_nano.a(lib_a-memchr.o)
 .debug_frame   0x00003700       0x28 c:/siliconlabs/simplicitystudio/v4/developer/toolchains/gnu_arm/4.9_2015q3/bin/../lib/gcc/arm-none-eabi/4.9.3/../../../../arm-none-eabi/lib/armv7e-m/softfp\libc_nano.a(lib_a-memmove.o)
 .debug_frame   0x00003728       0x2c c:/siliconlabs/simplicitystudio/v4/developer/toolchains/gnu_arm/4.9_2015q3/bin/../lib/gcc/arm-none-eabi/4.9.3/../../../../arm-none-eabi/lib/armv7e-m/softfp\libc_nano.a(lib_a-nano-freer.o)
 .debug_frame   0x00003754       0x20 c:/siliconlabs/simplicitystudio/v4/developer/toolchains/gnu_arm/4.9_2015q3/bin/../lib/gcc/arm-none-eabi/4.9.3/../../../../arm-none-eabi/lib/armv7e-m/softfp\libc_nano.a(lib_a-nano-msizer.o)
 .debug_frame   0x00003774       0x5c c:/siliconlabs/simplicitystudio/v4/developer/toolchains/gnu_arm/4.9_2015q3/bin/../lib/gcc/arm-none-eabi/4.9.3/../../../../arm-none-eabi/lib/armv7e-m/softfp\libc_nano.a(lib_a-reent.o)
 .debug_frame   0x000037d0       0x20 c:/siliconlabs/simplicitystudio/v4/developer/toolchains/gnu_arm/4.9_2015q3/bin/../lib/gcc/arm-none-eabi/4.9.3/../../../../arm-none-eabi/lib/armv7e-m/softfp\libnosys.a(sbrk.o)
 .debug_frame   0x000037f0       0x20 c:/siliconlabs/simplicitystudio/v4/developer/toolchains/gnu_arm/4.9_2015q3/bin/../lib/gcc/arm-none-eabi/4.9.3/../../../../arm-none-eabi/lib/armv7e-m/softfp\libnosys.a(_exit.o)
