Archive member included because of file (symbol)

c:/siliconlabs/simplicitystudio/v4/developer/toolchains/gnu_arm/4.9_2015q3/bin/../lib/gcc/arm-none-eabi/4.9.3/armv7e-m/softfp\libgcc.a(_aeabi_uldivmod.o)
                              ./emlib/em_usart.o (__aeabi_uldivmod)
c:/siliconlabs/simplicitystudio/v4/developer/toolchains/gnu_arm/4.9_2015q3/bin/../lib/gcc/arm-none-eabi/4.9.3/armv7e-m/softfp\libgcc.a(bpabi.o)
                              c:/siliconlabs/simplicitystudio/v4/developer/toolchains/gnu_arm/4.9_2015q3/bin/../lib/gcc/arm-none-eabi/4.9.3/armv7e-m/softfp\libgcc.a(_aeabi_uldivmod.o) (__gnu_uldivmod_helper)
c:/siliconlabs/simplicitystudio/v4/developer/toolchains/gnu_arm/4.9_2015q3/bin/../lib/gcc/arm-none-eabi/4.9.3/armv7e-m/softfp\libgcc.a(_dvmd_tls.o)
                              c:/siliconlabs/simplicitystudio/v4/developer/toolchains/gnu_arm/4.9_2015q3/bin/../lib/gcc/arm-none-eabi/4.9.3/armv7e-m/softfp\libgcc.a(_aeabi_uldivmod.o) (__aeabi_ldiv0)
c:/siliconlabs/simplicitystudio/v4/developer/toolchains/gnu_arm/4.9_2015q3/bin/../lib/gcc/arm-none-eabi/4.9.3/armv7e-m/softfp\libgcc.a(_divdi3.o)
                              c:/siliconlabs/simplicitystudio/v4/developer/toolchains/gnu_arm/4.9_2015q3/bin/../lib/gcc/arm-none-eabi/4.9.3/armv7e-m/softfp\libgcc.a(bpabi.o) (__divdi3)
c:/siliconlabs/simplicitystudio/v4/developer/toolchains/gnu_arm/4.9_2015q3/bin/../lib/gcc/arm-none-eabi/4.9.3/armv7e-m/softfp\libgcc.a(_udivdi3.o)
                              c:/siliconlabs/simplicitystudio/v4/developer/toolchains/gnu_arm/4.9_2015q3/bin/../lib/gcc/arm-none-eabi/4.9.3/armv7e-m/softfp\libgcc.a(bpabi.o) (__udivdi3)
c:/siliconlabs/simplicitystudio/v4/developer/toolchains/gnu_arm/4.9_2015q3/bin/../lib/gcc/arm-none-eabi/4.9.3/../../../../arm-none-eabi/lib/armv7e-m/softfp\libc_nano.a(lib_a-exit.o)
                              c:/siliconlabs/simplicitystudio/v4/developer/toolchains/gnu_arm/4.9_2015q3/bin/../lib/gcc/arm-none-eabi/4.9.3/../../../../arm-none-eabi/lib/armv7e-m/softfp/crt0.o (exit)
c:/siliconlabs/simplicitystudio/v4/developer/toolchains/gnu_arm/4.9_2015q3/bin/../lib/gcc/arm-none-eabi/4.9.3/../../../../arm-none-eabi/lib/armv7e-m/softfp\libc_nano.a(lib_a-impure.o)
                              c:/siliconlabs/simplicitystudio/v4/developer/toolchains/gnu_arm/4.9_2015q3/bin/../lib/gcc/arm-none-eabi/4.9.3/../../../../arm-none-eabi/lib/armv7e-m/softfp\libc_nano.a(lib_a-exit.o) (_global_impure_ptr)
c:/siliconlabs/simplicitystudio/v4/developer/toolchains/gnu_arm/4.9_2015q3/bin/../lib/gcc/arm-none-eabi/4.9.3/../../../../arm-none-eabi/lib/armv7e-m/softfp\libc_nano.a(lib_a-init.o)
                              c:/siliconlabs/simplicitystudio/v4/developer/toolchains/gnu_arm/4.9_2015q3/bin/../lib/gcc/arm-none-eabi/4.9.3/../../../../arm-none-eabi/lib/armv7e-m/softfp/crt0.o (__libc_init_array)
c:/siliconlabs/simplicitystudio/v4/developer/toolchains/gnu_arm/4.9_2015q3/bin/../lib/gcc/arm-none-eabi/4.9.3/../../../../arm-none-eabi/lib/armv7e-m/softfp\libc_nano.a(lib_a-memcpy.o)
                              ./emlib/uartdrv.o (memcpy)
c:/siliconlabs/simplicitystudio/v4/developer/toolchains/gnu_arm/4.9_2015q3/bin/../lib/gcc/arm-none-eabi/4.9.3/../../../../arm-none-eabi/lib/armv7e-m/softfp\libc_nano.a(lib_a-memset.o)
                              c:/siliconlabs/simplicitystudio/v4/developer/toolchains/gnu_arm/4.9_2015q3/bin/../lib/gcc/arm-none-eabi/4.9.3/../../../../arm-none-eabi/lib/armv7e-m/softfp/crt0.o (memset)
c:/siliconlabs/simplicitystudio/v4/developer/toolchains/gnu_arm/4.9_2015q3/bin/../lib/gcc/arm-none-eabi/4.9.3/../../../../arm-none-eabi/lib/armv7e-m/softfp\libnosys.a(_exit.o)
                              c:/siliconlabs/simplicitystudio/v4/developer/toolchains/gnu_arm/4.9_2015q3/bin/../lib/gcc/arm-none-eabi/4.9.3/../../../../arm-none-eabi/lib/armv7e-m/softfp\libc_nano.a(lib_a-exit.o) (_exit)

Allocating common symbols
Common symbol       size              file

spi_handleData      0x58              ./src/main.o
spi_rx_buffer       0xa               ./src/main.o
dmaControlBlock     0x200             ./emlib/dmactrl.o
spi_tx_buffer       0x1               ./src/main.o
spi_tx_config_buffer
                    0x3               ./src/main.o

Discarded input sections

 .text          0x00000000        0x0 c:/siliconlabs/simplicitystudio/v4/developer/toolchains/gnu_arm/4.9_2015q3/bin/../lib/gcc/arm-none-eabi/4.9.3/armv7e-m/softfp/crti.o
 .data          0x00000000        0x0 c:/siliconlabs/simplicitystudio/v4/developer/toolchains/gnu_arm/4.9_2015q3/bin/../lib/gcc/arm-none-eabi/4.9.3/armv7e-m/softfp/crti.o
 .bss           0x00000000        0x0 c:/siliconlabs/simplicitystudio/v4/developer/toolchains/gnu_arm/4.9_2015q3/bin/../lib/gcc/arm-none-eabi/4.9.3/armv7e-m/softfp/crti.o
 .data          0x00000000        0x4 c:/siliconlabs/simplicitystudio/v4/developer/toolchains/gnu_arm/4.9_2015q3/bin/../lib/gcc/arm-none-eabi/4.9.3/armv7e-m/softfp/crtbegin.o
 .data          0x00000000        0x0 c:/siliconlabs/simplicitystudio/v4/developer/toolchains/gnu_arm/4.9_2015q3/bin/../lib/gcc/arm-none-eabi/4.9.3/../../../../arm-none-eabi/lib/armv7e-m/softfp/crt0.o
 .bss           0x00000000        0x0 c:/siliconlabs/simplicitystudio/v4/developer/toolchains/gnu_arm/4.9_2015q3/bin/../lib/gcc/arm-none-eabi/4.9.3/../../../../arm-none-eabi/lib/armv7e-m/softfp/crt0.o
 .ARM.extab     0x00000000        0x0 c:/siliconlabs/simplicitystudio/v4/developer/toolchains/gnu_arm/4.9_2015q3/bin/../lib/gcc/arm-none-eabi/4.9.3/../../../../arm-none-eabi/lib/armv7e-m/softfp/crt0.o
 .text          0x00000000        0x0 ./src/main.o
 .data          0x00000000        0x0 ./src/main.o
 .bss           0x00000000        0x0 ./src/main.o
 .text          0x00000000        0x0 ./emlib/dmactrl.o
 .data          0x00000000        0x0 ./emlib/dmactrl.o
 .bss           0x00000000        0x0 ./emlib/dmactrl.o
 .text          0x00000000        0x0 ./emlib/dmadrv.o
 .data          0x00000000        0x0 ./emlib/dmadrv.o
 .bss           0x00000000        0x0 ./emlib/dmadrv.o
 .text.NVIC_DisableIRQ
                0x00000000       0x34 ./emlib/dmadrv.o
 .text.DMADRV_DeInit
                0x00000000       0xa0 ./emlib/dmadrv.o
 .text.DMADRV_FreeChannel
                0x00000000       0x84 ./emlib/dmadrv.o
 .text.DMADRV_MemoryPeripheralPingPong
                0x00000000       0x48 ./emlib/dmadrv.o
 .text.DMADRV_PeripheralMemoryPingPong
                0x00000000       0x48 ./emlib/dmadrv.o
 .text.DMADRV_PauseTransfer
                0x00000000       0x6c ./emlib/dmadrv.o
 .text.DMADRV_ResumeTransfer
                0x00000000       0x6c ./emlib/dmadrv.o
 .text.DMADRV_StopTransfer
                0x00000000       0x6c ./emlib/dmadrv.o
 .text.DMADRV_TransferActive
                0x00000000       0x84 ./emlib/dmadrv.o
 .text.DMADRV_TransferCompletePending
                0x00000000       0x98 ./emlib/dmadrv.o
 .text.DMADRV_TransferDone
                0x00000000       0xc4 ./emlib/dmadrv.o
 .text.DMADRV_TransferRemainingCount
                0x00000000       0xc8 ./emlib/dmadrv.o
 .text          0x00000000        0x0 ./emlib/em_cmu.o
 .data          0x00000000        0x0 ./emlib/em_cmu.o
 .bss           0x00000000        0x0 ./emlib/em_cmu.o
 .text.BUS_RegMaskedWrite
                0x00000000       0x28 ./emlib/em_cmu.o
 .text.CMU_Log2ToDiv
                0x00000000       0x1c ./emlib/em_cmu.o
 .text.CMU_AUXHFRCOBandGet
                0x00000000       0x20 ./emlib/em_cmu.o
 .text.CMU_AUXHFRCOBandSet
                0x00000000       0xb0 ./emlib/em_cmu.o
 .text.CMU_Calibrate
                0x00000000       0x88 ./emlib/em_cmu.o
 .text.CMU_CalibrateConfig
                0x00000000       0xd8 ./emlib/em_cmu.o
 .text.CMU_CalibrateCountGet
                0x00000000       0x38 ./emlib/em_cmu.o
 .text.CMU_ClockDivGet
                0x00000000      0x174 ./emlib/em_cmu.o
 .text.CMU_FreezeEnable
                0x00000000       0x38 ./emlib/em_cmu.o
 .text.CMU_HFRCOBandGet
                0x00000000       0x20 ./emlib/em_cmu.o
 .text.CMU_HFRCOBandSet
                0x00000000       0xe0 ./emlib/em_cmu.o
 .text.CMU_HFRCOStartupDelayGet
                0x00000000       0x1c ./emlib/em_cmu.o
 .text.CMU_HFRCOStartupDelaySet
                0x00000000       0x30 ./emlib/em_cmu.o
 .text.CMU_HFXOInit
                0x00000000       0x58 ./emlib/em_cmu.o
 .text.CMU_LCDClkFDIVGet
                0x00000000       0x1c ./emlib/em_cmu.o
 .text.CMU_LCDClkFDIVSet
                0x00000000       0x3c ./emlib/em_cmu.o
 .text.CMU_LFXOInit
                0x00000000       0x58 ./emlib/em_cmu.o
 .text.CMU_OscillatorTuningGet
                0x00000000       0x50 ./emlib/em_cmu.o
 .text.CMU_OscillatorTuningSet
                0x00000000       0x74 ./emlib/em_cmu.o
 .text.CMU_PCNTClockExternalGet
                0x00000000       0x60 ./emlib/em_cmu.o
 .text.CMU_PCNTClockExternalSet
                0x00000000       0x34 ./emlib/em_cmu.o
 .text          0x00000000        0x0 ./emlib/em_core.o
 .data          0x00000000        0x0 ./emlib/em_core.o
 .bss           0x00000000        0x0 ./emlib/em_core.o
 .text.CORE_CriticalDisableIrq
                0x00000000       0x10 ./emlib/em_core.o
 .text.CORE_CriticalEnableIrq
                0x00000000       0x10 ./emlib/em_core.o
 .text.CORE_EnterCritical
                0x00000000       0x20 ./emlib/em_core.o
 .text.CORE_ExitCritical
                0x00000000       0x1c ./emlib/em_core.o
 .text.CORE_YieldCritical
                0x00000000       0x24 ./emlib/em_core.o
 .text.CORE_AtomicDisableIrq
                0x00000000       0x10 ./emlib/em_core.o
 .text.CORE_AtomicEnableIrq
                0x00000000       0x10 ./emlib/em_core.o
 .text.CORE_YieldAtomic
                0x00000000       0x24 ./emlib/em_core.o
 .text.CORE_EnterNvicMask
                0x00000000       0x38 ./emlib/em_core.o
 .text.CORE_NvicDisableMask
                0x00000000       0x2c ./emlib/em_core.o
 .text.CORE_NvicEnableMask
                0x00000000       0x2c ./emlib/em_core.o
 .text.CORE_YieldNvicMask
                0x00000000       0x88 ./emlib/em_core.o
 .text.CORE_NvicMaskSetIRQ
                0x00000000       0x58 ./emlib/em_core.o
 .text.CORE_NvicMaskClearIRQ
                0x00000000       0x58 ./emlib/em_core.o
 .text.CORE_InIrqContext
                0x00000000       0x24 ./emlib/em_core.o
 .text.CORE_IrqIsDisabled
                0x00000000       0x28 ./emlib/em_core.o
 .text.CORE_GetNvicEnabledMask
                0x00000000       0x2c ./emlib/em_core.o
 .text.CORE_GetNvicMaskDisableState
                0x00000000       0x54 ./emlib/em_core.o
 .text.CORE_GetNvicRamTableHandler
                0x00000000       0x40 ./emlib/em_core.o
 .text.CORE_SetNvicRamTableHandler
                0x00000000       0x44 ./emlib/em_core.o
 .text.CORE_InitNvicVectorTable
                0x00000000       0xc8 ./emlib/em_core.o
 .text          0x00000000        0x0 ./emlib/em_dma.o
 .data          0x00000000        0x0 ./emlib/em_dma.o
 .bss           0x00000000        0x0 ./emlib/em_dma.o
 .text.DMA_ActivateAuto
                0x00000000       0x48 ./emlib/em_dma.o
 .text.DMA_ActivateScatterGather
                0x00000000      0x14c ./emlib/em_dma.o
 .text.DMA_CfgLoop
                0x00000000       0x58 ./emlib/em_dma.o
 .text.DMA_CfgRect
                0x00000000       0x38 ./emlib/em_dma.o
 .text.DMA_CfgDescrScatterGather
                0x00000000       0xd4 ./emlib/em_dma.o
 .text.DMA_ChannelEnable
                0x00000000       0x3c ./emlib/em_dma.o
 .text.DMA_ChannelEnabled
                0x00000000       0x30 ./emlib/em_dma.o
 .text.DMA_ChannelRequestEnable
                0x00000000       0x38 ./emlib/em_dma.o
 .text          0x00000000        0x0 ./emlib/em_emu.o
 .data          0x00000000        0x0 ./emlib/em_emu.o
 .bss           0x00000000        0x0 ./emlib/em_emu.o
 .text.SystemCoreClockUpdate
                0x00000000        0xc ./emlib/em_emu.o
 .text.BUS_RegBitWrite
                0x00000000       0x2c ./emlib/em_emu.o
 .text.EMU_BUPinEnable
                0x00000000       0x20 ./emlib/em_emu.o
 .text.EMU_Unlock
                0x00000000       0x18 ./emlib/em_emu.o
 .text.CMU_Lock
                0x00000000       0x18 ./emlib/em_emu.o
 .text.CMU_Unlock
                0x00000000       0x1c ./emlib/em_emu.o
 .text.emState  0x00000000       0xd0 ./emlib/em_emu.o
 .text.getErrataFixEmuE107En
                0x00000000       0x58 ./emlib/em_emu.o
 .text.EMU_EnterEM2
                0x00000000       0x8c ./emlib/em_emu.o
 .text.EMU_EnterEM3
                0x00000000       0xb4 ./emlib/em_emu.o
 .text.EMU_Save
                0x00000000        0xc ./emlib/em_emu.o
 .text.EMU_Restore
                0x00000000        0xc ./emlib/em_emu.o
 .text.EMU_EnterEM4
                0x00000000       0x50 ./emlib/em_emu.o
 .text.EMU_MemPwrDown
                0x00000000       0x14 ./emlib/em_emu.o
 .text.EMU_RamPowerDown
                0x00000000       0x28 ./emlib/em_emu.o
 .text.EMU_UpdateOscConfig
                0x00000000        0xc ./emlib/em_emu.o
 .text.EMU_EM23Init
                0x00000000       0x34 ./emlib/em_emu.o
 .text.EMU_EM4Init
                0x00000000       0x50 ./emlib/em_emu.o
 .text.EMU_BUPDInit
                0x00000000       0xd4 ./emlib/em_emu.o
 .text.EMU_BUThresholdSet
                0x00000000       0x4c ./emlib/em_emu.o
 .text.EMU_BUThresRangeSet
                0x00000000       0x50 ./emlib/em_emu.o
 .bss.cmuStatus.5848
                0x00000000        0x4 ./emlib/em_emu.o
 .bss.hfClock.5849
                0x00000000        0x1 ./emlib/em_emu.o
 .debug_info    0x00000000     0x102c ./emlib/em_emu.o
 .debug_abbrev  0x00000000      0x270 ./emlib/em_emu.o
 .debug_loc     0x00000000      0x63c ./emlib/em_emu.o
 .debug_aranges
                0x00000000       0xc0 ./emlib/em_emu.o
 .debug_ranges  0x00000000       0xb0 ./emlib/em_emu.o
 .debug_line    0x00000000      0x54e ./emlib/em_emu.o
 .debug_str     0x00000000      0xc04 ./emlib/em_emu.o
 .comment       0x00000000       0x71 ./emlib/em_emu.o
 .debug_frame   0x00000000      0x2f8 ./emlib/em_emu.o
 .ARM.attributes
                0x00000000       0x37 ./emlib/em_emu.o
 .text          0x00000000        0x0 ./emlib/em_gpio.o
 .data          0x00000000        0x0 ./emlib/em_gpio.o
 .bss           0x00000000        0x0 ./emlib/em_gpio.o
 .text.GPIO_EM4SetPinRetention
                0x00000000       0x40 ./emlib/em_gpio.o
 .text.GPIO_DbgLocationSet
                0x00000000       0x2c ./emlib/em_gpio.o
 .text.GPIO_DriveModeSet
                0x00000000       0x70 ./emlib/em_gpio.o
 .text.GPIO_PinModeGet
                0x00000000       0x8c ./emlib/em_gpio.o
 .text.GPIO_EM4EnablePinWakeup
                0x00000000       0x58 ./emlib/em_gpio.o
 .text          0x00000000        0x0 ./emlib/em_rtc.o
 .data          0x00000000        0x0 ./emlib/em_rtc.o
 .bss           0x00000000        0x0 ./emlib/em_rtc.o
 .text.RTC_FreezeEnable
                0x00000000       0x2c ./emlib/em_rtc.o
 .text.RTC_Reset
                0x00000000       0x34 ./emlib/em_rtc.o
 .text          0x00000000        0x0 ./emlib/em_system.o
 .data          0x00000000        0x0 ./emlib/em_system.o
 .bss           0x00000000        0x0 ./emlib/em_system.o
 .text.SYSTEM_ChipRevisionGet
                0x00000000       0x74 ./emlib/em_system.o
 .text.SYSTEM_GetCalibrationValue
                0x00000000       0x5c ./emlib/em_system.o
 .debug_info    0x00000000      0x272 ./emlib/em_system.o
 .debug_abbrev  0x00000000      0x107 ./emlib/em_system.o
 .debug_loc     0x00000000       0xb8 ./emlib/em_system.o
 .debug_aranges
                0x00000000       0x28 ./emlib/em_system.o
 .debug_ranges  0x00000000       0x18 ./emlib/em_system.o
 .debug_line    0x00000000      0x310 ./emlib/em_system.o
 .debug_str     0x00000000      0x309 ./emlib/em_system.o
 .comment       0x00000000       0x71 ./emlib/em_system.o
 .debug_frame   0x00000000       0x60 ./emlib/em_system.o
 .ARM.attributes
                0x00000000       0x37 ./emlib/em_system.o
 .text          0x00000000        0x0 ./emlib/em_usart.o
 .data          0x00000000        0x0 ./emlib/em_usart.o
 .bss           0x00000000        0x0 ./emlib/em_usart.o
 .text.USART_BaudrateCalc
                0x00000000      0x124 ./emlib/em_usart.o
 .text.USART_BaudrateGet
                0x00000000       0x50 ./emlib/em_usart.o
 .text.USARTn_InitIrDA
                0x00000000       0x70 ./emlib/em_usart.o
 .text.USART_InitI2s
                0x00000000       0x94 ./emlib/em_usart.o
 .text.USART_InitPrsTrigger
                0x00000000       0x60 ./emlib/em_usart.o
 .text.USART_Rx
                0x00000000       0x28 ./emlib/em_usart.o
 .text.USART_RxDouble
                0x00000000       0x28 ./emlib/em_usart.o
 .text.USART_RxDoubleExt
                0x00000000       0x28 ./emlib/em_usart.o
 .text.USART_RxExt
                0x00000000       0x28 ./emlib/em_usart.o
 .text.USART_SpiTransfer
                0x00000000       0x40 ./emlib/em_usart.o
 .text.USART_TxDouble
                0x00000000       0x2c ./emlib/em_usart.o
 .text.USART_TxDoubleExt
                0x00000000       0x28 ./emlib/em_usart.o
 .text.USART_TxExt
                0x00000000       0x2c ./emlib/em_usart.o
 .text          0x00000000        0x0 ./emlib/rtcdriver.o
 .data          0x00000000        0x0 ./emlib/rtcdriver.o
 .bss           0x00000000        0x0 ./emlib/rtcdriver.o
 .text.NVIC_DisableIRQ
                0x00000000       0x34 ./emlib/rtcdriver.o
 .text.RTCDRV_Delay
                0x00000000       0x80 ./emlib/rtcdriver.o
 .text.RTCDRV_FreeTimer
                0x00000000       0x58 ./emlib/rtcdriver.o
 .text.RTCDRV_DeInit
                0x00000000       0x40 ./emlib/rtcdriver.o
 .text.RTCDRV_IsRunning
                0x00000000       0x80 ./emlib/rtcdriver.o
 .text.RTCDRV_StartTimer
                0x00000000      0x350 ./emlib/rtcdriver.o
 .text.RTCDRV_TimeRemaining
                0x00000000      0x164 ./emlib/rtcdriver.o
 .text.delayTicks
                0x00000000       0x34 ./emlib/rtcdriver.o
 .text          0x00000000        0x0 ./emlib/spidrv.o
 .data          0x00000000        0x0 ./emlib/spidrv.o
 .bss           0x00000000        0x0 ./emlib/spidrv.o
 .text.BUS_RegBitRead
                0x00000000       0x2c ./emlib/spidrv.o
 .text.GPIO_PinInGet
                0x00000000       0x54 ./emlib/spidrv.o
 .text.SPIDRV_DeInit
                0x00000000       0x88 ./emlib/spidrv.o
 .text.SPIDRV_AbortTransfer
                0x00000000       0xb8 ./emlib/spidrv.o
 .text.SPIDRV_GetBitrate
                0x00000000       0x40 ./emlib/spidrv.o
 .text.SPIDRV_GetFramelength
                0x00000000       0x3c ./emlib/spidrv.o
 .text.SPIDRV_GetTransferStatus
                0x00000000       0x7c ./emlib/spidrv.o
 .text.SPIDRV_MReceive
                0x00000000       0x4c ./emlib/spidrv.o
 .text.SPIDRV_MReceiveB
                0x00000000       0x54 ./emlib/spidrv.o
 .text.SPIDRV_MTransfer
                0x00000000       0x5c ./emlib/spidrv.o
 .text.SPIDRV_MTransferSingleItemB
                0x00000000       0x94 ./emlib/spidrv.o
 .text.SPIDRV_MTransmit
                0x00000000       0x4c ./emlib/spidrv.o
 .text.SPIDRV_SetBitrate
                0x00000000       0x5c ./emlib/spidrv.o
 .text.SPIDRV_SetFramelength
                0x00000000       0x80 ./emlib/spidrv.o
 .text.SPIDRV_SReceive
                0x00000000       0x84 ./emlib/spidrv.o
 .text.SPIDRV_SReceiveB
                0x00000000       0x90 ./emlib/spidrv.o
 .text.SPIDRV_STransfer
                0x00000000       0x94 ./emlib/spidrv.o
 .text.SPIDRV_STransferB
                0x00000000       0xa0 ./emlib/spidrv.o
 .text.SPIDRV_STransmit
                0x00000000       0x84 ./emlib/spidrv.o
 .text.SPIDRV_STransmitB
                0x00000000       0x90 ./emlib/spidrv.o
 .text.SlaveTimeout
                0x00000000       0xa8 ./emlib/spidrv.o
 .text.StartReceiveDMA
                0x00000000       0xc8 ./emlib/spidrv.o
 .text.TransferApiPrologue
                0x00000000       0x70 ./emlib/spidrv.o
 .text.WaitForIdleLine
                0x00000000       0x4c ./emlib/spidrv.o
 .text          0x00000000        0x0 ./emlib/uartdrv.o
 .data          0x00000000        0x0 ./emlib/uartdrv.o
 .bss           0x00000000        0x0 ./emlib/uartdrv.o
 .text.USART_IntClear
                0x00000000       0x1c ./emlib/uartdrv.o
 .text.LEUART_IntClear
                0x00000000       0x1c ./emlib/uartdrv.o
 .text.BUS_RegBitRead
                0x00000000       0x2c ./emlib/uartdrv.o
 .text.GPIO_PinInGet
                0x00000000       0x54 ./emlib/uartdrv.o
 .text.GPIO_PinOutClear
                0x00000000       0x58 ./emlib/uartdrv.o
 .text.GPIO_PinOutSet
                0x00000000       0x58 ./emlib/uartdrv.o
 .text.GPIO_IntConfig
                0x00000000       0x38 ./emlib/uartdrv.o
 .text.EMU_EnterEM1
                0x00000000       0x20 ./emlib/uartdrv.o
 .bss.uartdrvHandleIsInitialized
                0x00000000        0x1 ./emlib/uartdrv.o
 .bss.uartdrvHandle
                0x00000000       0x10 ./emlib/uartdrv.o
 .text.HwFcCtsIrqGetDrvHandle
                0x00000000       0x48 ./emlib/uartdrv.o
 .text.HwFcGetClearToSendPin
                0x00000000       0x34 ./emlib/uartdrv.o
 .text.HwFcManageClearToSend
                0x00000000       0xa0 ./emlib/uartdrv.o
 .text.FcApplyState
                0x00000000       0xcc ./emlib/uartdrv.o
 .text.EnqueueBuffer
                0x00000000       0xa8 ./emlib/uartdrv.o
 .text.DequeueBuffer
                0x00000000       0x84 ./emlib/uartdrv.o
 .text.GetTailBuffer
                0x00000000       0x58 ./emlib/uartdrv.o
 .text.EnableTransmitter
                0x00000000       0x88 ./emlib/uartdrv.o
 .text.DisableTransmitter
                0x00000000       0x68 ./emlib/uartdrv.o
 .text.EnableReceiver
                0x00000000       0x88 ./emlib/uartdrv.o
 .text.DisableReceiver
                0x00000000       0x68 ./emlib/uartdrv.o
 .text.StartReceiveDma
                0x00000000       0x7c ./emlib/uartdrv.o
 .text.StartTransmitDma
                0x00000000       0x84 ./emlib/uartdrv.o
 .text.ReceiveDmaComplete
                0x00000000      0x198 ./emlib/uartdrv.o
 .text.TransmitDmaComplete
                0x00000000       0xb0 ./emlib/uartdrv.o
 .text.CheckParams
                0x00000000       0x44 ./emlib/uartdrv.o
 .text.SetupGpioUart
                0x00000000      0x49c ./emlib/uartdrv.o
 .text.SetupGpioLeuart
                0x00000000      0x1e4 ./emlib/uartdrv.o
 .text.ConfigGpio
                0x00000000      0x16c ./emlib/uartdrv.o
 .text.SetHandleIndex
                0x00000000       0xa4 ./emlib/uartdrv.o
 .text.InitializeQueues
                0x00000000       0x6c ./emlib/uartdrv.o
 .text.InitializeGpioFlowControl
                0x00000000       0x3c ./emlib/uartdrv.o
 .text.InitializeDma
                0x00000000       0x48 ./emlib/uartdrv.o
 .rodata        0x00000000       0x28 ./emlib/uartdrv.o
 .text.UARTDRV_InitUart
                0x00000000      0x278 ./emlib/uartdrv.o
 .text.UARTDRV_InitLeuart
                0x00000000      0x274 ./emlib/uartdrv.o
 .text.UARTDRV_DeInit
                0x00000000       0xec ./emlib/uartdrv.o
 .text.UARTDRV_Abort
                0x00000000      0x1c8 ./emlib/uartdrv.o
 .text.UARTDRV_GetPeripheralStatus
                0x00000000       0xd0 ./emlib/uartdrv.o
 .text.UARTDRV_GetReceiveDepth
                0x00000000       0x20 ./emlib/uartdrv.o
 .text.UARTDRV_GetReceiveStatus
                0x00000000       0x94 ./emlib/uartdrv.o
 .text.UARTDRV_GetTransmitDepth
                0x00000000       0x20 ./emlib/uartdrv.o
 .text.UARTDRV_GetTransmitStatus
                0x00000000       0x94 ./emlib/uartdrv.o
 .text.UARTDRV_FlowControlSet
                0x00000000       0x40 ./emlib/uartdrv.o
 .text.UARTDRV_FlowControlSetPeerStatus
                0x00000000       0x58 ./emlib/uartdrv.o
 .text.UARTDRV_FlowControlGetPeerStatus
                0x00000000       0x18 ./emlib/uartdrv.o
 .text.UARTDRV_FlowControlGetSelfStatus
                0x00000000       0x18 ./emlib/uartdrv.o
 .text.UARTDRV_FlowControlIgnoreRestrain
                0x00000000       0x20 ./emlib/uartdrv.o
 .text.UARTDRV_ForceReceive
                0x00000000      0x110 ./emlib/uartdrv.o
 .text.UARTDRV_ForceTransmit
                0x00000000      0x124 ./emlib/uartdrv.o
 .text.UARTDRV_PauseTransmit
                0x00000000       0x54 ./emlib/uartdrv.o
 .text.UARTDRV_Receive
                0x00000000       0xa0 ./emlib/uartdrv.o
 .text.UARTDRV_ReceiveB
                0x00000000       0xb4 ./emlib/uartdrv.o
 .text.UARTDRV_ResumeTransmit
                0x00000000       0x68 ./emlib/uartdrv.o
 .text.UARTDRV_Transmit
                0x00000000       0xa4 ./emlib/uartdrv.o
 .text.UARTDRV_TransmitB
                0x00000000       0xa0 ./emlib/uartdrv.o
 .debug_info    0x00000000     0x27e4 ./emlib/uartdrv.o
 .debug_abbrev  0x00000000      0x2fd ./emlib/uartdrv.o
 .debug_loc     0x00000000     0x1180 ./emlib/uartdrv.o
 .debug_aranges
                0x00000000      0x1c0 ./emlib/uartdrv.o
 .debug_ranges  0x00000000      0x1b0 ./emlib/uartdrv.o
 .debug_line    0x00000000     0x1242 ./emlib/uartdrv.o
 .debug_str     0x00000000     0x22f2 ./emlib/uartdrv.o
 .comment       0x00000000       0x71 ./emlib/uartdrv.o
 .debug_frame   0x00000000      0x7fc ./emlib/uartdrv.o
 .ARM.attributes
                0x00000000       0x37 ./emlib/uartdrv.o
 .data          0x00000000        0x0 ./CMSIS/EFM32WG/startup_efm32wg.o
 .bss           0x00000000        0x0 ./CMSIS/EFM32WG/startup_efm32wg.o
 .text          0x00000000        0x0 ./CMSIS/EFM32WG/system_efm32wg.o
 .data          0x00000000        0x0 ./CMSIS/EFM32WG/system_efm32wg.o
 .bss           0x00000000        0x0 ./CMSIS/EFM32WG/system_efm32wg.o
 .text.SystemHFXOClockSet
                0x00000000       0x2c ./CMSIS/EFM32WG/system_efm32wg.o
 .text.SystemLFXOClockSet
                0x00000000       0x2c ./CMSIS/EFM32WG/system_efm32wg.o
 .data          0x00000000        0x0 c:/siliconlabs/simplicitystudio/v4/developer/toolchains/gnu_arm/4.9_2015q3/bin/../lib/gcc/arm-none-eabi/4.9.3/armv7e-m/softfp\libgcc.a(_aeabi_uldivmod.o)
 .bss           0x00000000        0x0 c:/siliconlabs/simplicitystudio/v4/developer/toolchains/gnu_arm/4.9_2015q3/bin/../lib/gcc/arm-none-eabi/4.9.3/armv7e-m/softfp\libgcc.a(_aeabi_uldivmod.o)
 .data          0x00000000        0x0 c:/siliconlabs/simplicitystudio/v4/developer/toolchains/gnu_arm/4.9_2015q3/bin/../lib/gcc/arm-none-eabi/4.9.3/armv7e-m/softfp\libgcc.a(bpabi.o)
 .bss           0x00000000        0x0 c:/siliconlabs/simplicitystudio/v4/developer/toolchains/gnu_arm/4.9_2015q3/bin/../lib/gcc/arm-none-eabi/4.9.3/armv7e-m/softfp\libgcc.a(bpabi.o)
 .data          0x00000000        0x0 c:/siliconlabs/simplicitystudio/v4/developer/toolchains/gnu_arm/4.9_2015q3/bin/../lib/gcc/arm-none-eabi/4.9.3/armv7e-m/softfp\libgcc.a(_dvmd_tls.o)
 .bss           0x00000000        0x0 c:/siliconlabs/simplicitystudio/v4/developer/toolchains/gnu_arm/4.9_2015q3/bin/../lib/gcc/arm-none-eabi/4.9.3/armv7e-m/softfp\libgcc.a(_dvmd_tls.o)
 .data          0x00000000        0x0 c:/siliconlabs/simplicitystudio/v4/developer/toolchains/gnu_arm/4.9_2015q3/bin/../lib/gcc/arm-none-eabi/4.9.3/armv7e-m/softfp\libgcc.a(_divdi3.o)
 .bss           0x00000000        0x0 c:/siliconlabs/simplicitystudio/v4/developer/toolchains/gnu_arm/4.9_2015q3/bin/../lib/gcc/arm-none-eabi/4.9.3/armv7e-m/softfp\libgcc.a(_divdi3.o)
 .ARM.extab     0x00000000        0x0 c:/siliconlabs/simplicitystudio/v4/developer/toolchains/gnu_arm/4.9_2015q3/bin/../lib/gcc/arm-none-eabi/4.9.3/armv7e-m/softfp\libgcc.a(_divdi3.o)
 .data          0x00000000        0x0 c:/siliconlabs/simplicitystudio/v4/developer/toolchains/gnu_arm/4.9_2015q3/bin/../lib/gcc/arm-none-eabi/4.9.3/armv7e-m/softfp\libgcc.a(_udivdi3.o)
 .bss           0x00000000        0x0 c:/siliconlabs/simplicitystudio/v4/developer/toolchains/gnu_arm/4.9_2015q3/bin/../lib/gcc/arm-none-eabi/4.9.3/armv7e-m/softfp\libgcc.a(_udivdi3.o)
 .ARM.extab     0x00000000        0x0 c:/siliconlabs/simplicitystudio/v4/developer/toolchains/gnu_arm/4.9_2015q3/bin/../lib/gcc/arm-none-eabi/4.9.3/armv7e-m/softfp\libgcc.a(_udivdi3.o)
 .text          0x00000000        0x0 c:/siliconlabs/simplicitystudio/v4/developer/toolchains/gnu_arm/4.9_2015q3/bin/../lib/gcc/arm-none-eabi/4.9.3/../../../../arm-none-eabi/lib/armv7e-m/softfp\libc_nano.a(lib_a-exit.o)
 .data          0x00000000        0x0 c:/siliconlabs/simplicitystudio/v4/developer/toolchains/gnu_arm/4.9_2015q3/bin/../lib/gcc/arm-none-eabi/4.9.3/../../../../arm-none-eabi/lib/armv7e-m/softfp\libc_nano.a(lib_a-exit.o)
 .bss           0x00000000        0x0 c:/siliconlabs/simplicitystudio/v4/developer/toolchains/gnu_arm/4.9_2015q3/bin/../lib/gcc/arm-none-eabi/4.9.3/../../../../arm-none-eabi/lib/armv7e-m/softfp\libc_nano.a(lib_a-exit.o)
 .text          0x00000000        0x0 c:/siliconlabs/simplicitystudio/v4/developer/toolchains/gnu_arm/4.9_2015q3/bin/../lib/gcc/arm-none-eabi/4.9.3/../../../../arm-none-eabi/lib/armv7e-m/softfp\libc_nano.a(lib_a-impure.o)
 .data          0x00000000        0x0 c:/siliconlabs/simplicitystudio/v4/developer/toolchains/gnu_arm/4.9_2015q3/bin/../lib/gcc/arm-none-eabi/4.9.3/../../../../arm-none-eabi/lib/armv7e-m/softfp\libc_nano.a(lib_a-impure.o)
 .bss           0x00000000        0x0 c:/siliconlabs/simplicitystudio/v4/developer/toolchains/gnu_arm/4.9_2015q3/bin/../lib/gcc/arm-none-eabi/4.9.3/../../../../arm-none-eabi/lib/armv7e-m/softfp\libc_nano.a(lib_a-impure.o)
 .data._impure_ptr
                0x00000000        0x4 c:/siliconlabs/simplicitystudio/v4/developer/toolchains/gnu_arm/4.9_2015q3/bin/../lib/gcc/arm-none-eabi/4.9.3/../../../../arm-none-eabi/lib/armv7e-m/softfp\libc_nano.a(lib_a-impure.o)
 .text          0x00000000        0x0 c:/siliconlabs/simplicitystudio/v4/developer/toolchains/gnu_arm/4.9_2015q3/bin/../lib/gcc/arm-none-eabi/4.9.3/../../../../arm-none-eabi/lib/armv7e-m/softfp\libc_nano.a(lib_a-init.o)
 .data          0x00000000        0x0 c:/siliconlabs/simplicitystudio/v4/developer/toolchains/gnu_arm/4.9_2015q3/bin/../lib/gcc/arm-none-eabi/4.9.3/../../../../arm-none-eabi/lib/armv7e-m/softfp\libc_nano.a(lib_a-init.o)
 .bss           0x00000000        0x0 c:/siliconlabs/simplicitystudio/v4/developer/toolchains/gnu_arm/4.9_2015q3/bin/../lib/gcc/arm-none-eabi/4.9.3/../../../../arm-none-eabi/lib/armv7e-m/softfp\libc_nano.a(lib_a-init.o)
 .text          0x00000000        0x0 c:/siliconlabs/simplicitystudio/v4/developer/toolchains/gnu_arm/4.9_2015q3/bin/../lib/gcc/arm-none-eabi/4.9.3/../../../../arm-none-eabi/lib/armv7e-m/softfp\libc_nano.a(lib_a-memcpy.o)
 .data          0x00000000        0x0 c:/siliconlabs/simplicitystudio/v4/developer/toolchains/gnu_arm/4.9_2015q3/bin/../lib/gcc/arm-none-eabi/4.9.3/../../../../arm-none-eabi/lib/armv7e-m/softfp\libc_nano.a(lib_a-memcpy.o)
 .bss           0x00000000        0x0 c:/siliconlabs/simplicitystudio/v4/developer/toolchains/gnu_arm/4.9_2015q3/bin/../lib/gcc/arm-none-eabi/4.9.3/../../../../arm-none-eabi/lib/armv7e-m/softfp\libc_nano.a(lib_a-memcpy.o)
 .text.memcpy   0x00000000       0x16 c:/siliconlabs/simplicitystudio/v4/developer/toolchains/gnu_arm/4.9_2015q3/bin/../lib/gcc/arm-none-eabi/4.9.3/../../../../arm-none-eabi/lib/armv7e-m/softfp\libc_nano.a(lib_a-memcpy.o)
 .debug_frame   0x00000000       0x28 c:/siliconlabs/simplicitystudio/v4/developer/toolchains/gnu_arm/4.9_2015q3/bin/../lib/gcc/arm-none-eabi/4.9.3/../../../../arm-none-eabi/lib/armv7e-m/softfp\libc_nano.a(lib_a-memcpy.o)
 .ARM.attributes
                0x00000000       0x32 c:/siliconlabs/simplicitystudio/v4/developer/toolchains/gnu_arm/4.9_2015q3/bin/../lib/gcc/arm-none-eabi/4.9.3/../../../../arm-none-eabi/lib/armv7e-m/softfp\libc_nano.a(lib_a-memcpy.o)
 .text          0x00000000        0x0 c:/siliconlabs/simplicitystudio/v4/developer/toolchains/gnu_arm/4.9_2015q3/bin/../lib/gcc/arm-none-eabi/4.9.3/../../../../arm-none-eabi/lib/armv7e-m/softfp\libc_nano.a(lib_a-memset.o)
 .data          0x00000000        0x0 c:/siliconlabs/simplicitystudio/v4/developer/toolchains/gnu_arm/4.9_2015q3/bin/../lib/gcc/arm-none-eabi/4.9.3/../../../../arm-none-eabi/lib/armv7e-m/softfp\libc_nano.a(lib_a-memset.o)
 .bss           0x00000000        0x0 c:/siliconlabs/simplicitystudio/v4/developer/toolchains/gnu_arm/4.9_2015q3/bin/../lib/gcc/arm-none-eabi/4.9.3/../../../../arm-none-eabi/lib/armv7e-m/softfp\libc_nano.a(lib_a-memset.o)
 .text          0x00000000        0x0 c:/siliconlabs/simplicitystudio/v4/developer/toolchains/gnu_arm/4.9_2015q3/bin/../lib/gcc/arm-none-eabi/4.9.3/../../../../arm-none-eabi/lib/armv7e-m/softfp\libnosys.a(_exit.o)
 .data          0x00000000        0x0 c:/siliconlabs/simplicitystudio/v4/developer/toolchains/gnu_arm/4.9_2015q3/bin/../lib/gcc/arm-none-eabi/4.9.3/../../../../arm-none-eabi/lib/armv7e-m/softfp\libnosys.a(_exit.o)
 .bss           0x00000000        0x0 c:/siliconlabs/simplicitystudio/v4/developer/toolchains/gnu_arm/4.9_2015q3/bin/../lib/gcc/arm-none-eabi/4.9.3/../../../../arm-none-eabi/lib/armv7e-m/softfp\libnosys.a(_exit.o)
 .text          0x00000000        0x0 c:/siliconlabs/simplicitystudio/v4/developer/toolchains/gnu_arm/4.9_2015q3/bin/../lib/gcc/arm-none-eabi/4.9.3/armv7e-m/softfp/crtend.o
 .data          0x00000000        0x0 c:/siliconlabs/simplicitystudio/v4/developer/toolchains/gnu_arm/4.9_2015q3/bin/../lib/gcc/arm-none-eabi/4.9.3/armv7e-m/softfp/crtend.o
 .bss           0x00000000        0x0 c:/siliconlabs/simplicitystudio/v4/developer/toolchains/gnu_arm/4.9_2015q3/bin/../lib/gcc/arm-none-eabi/4.9.3/armv7e-m/softfp/crtend.o
 .text          0x00000000        0x0 c:/siliconlabs/simplicitystudio/v4/developer/toolchains/gnu_arm/4.9_2015q3/bin/../lib/gcc/arm-none-eabi/4.9.3/armv7e-m/softfp/crtn.o
 .data          0x00000000        0x0 c:/siliconlabs/simplicitystudio/v4/developer/toolchains/gnu_arm/4.9_2015q3/bin/../lib/gcc/arm-none-eabi/4.9.3/armv7e-m/softfp/crtn.o
 .bss           0x00000000        0x0 c:/siliconlabs/simplicitystudio/v4/developer/toolchains/gnu_arm/4.9_2015q3/bin/../lib/gcc/arm-none-eabi/4.9.3/armv7e-m/softfp/crtn.o

Memory Configuration

Name             Origin             Length             Attributes
FLASH            0x00000000         0x00040000         xr
RAM              0x20000000         0x00008000         xrw
*default*        0x00000000         0xffffffff

Linker script and memory map

LOAD c:/siliconlabs/simplicitystudio/v4/developer/toolchains/gnu_arm/4.9_2015q3/bin/../lib/gcc/arm-none-eabi/4.9.3/armv7e-m/softfp/crti.o
LOAD c:/siliconlabs/simplicitystudio/v4/developer/toolchains/gnu_arm/4.9_2015q3/bin/../lib/gcc/arm-none-eabi/4.9.3/armv7e-m/softfp/crtbegin.o
LOAD c:/siliconlabs/simplicitystudio/v4/developer/toolchains/gnu_arm/4.9_2015q3/bin/../lib/gcc/arm-none-eabi/4.9.3/../../../../arm-none-eabi/lib/armv7e-m/softfp/crt0.o
LOAD ./src/main.o
LOAD ./emlib/dmactrl.o
LOAD ./emlib/dmadrv.o
LOAD ./emlib/em_cmu.o
LOAD ./emlib/em_core.o
LOAD ./emlib/em_dma.o
LOAD ./emlib/em_emu.o
LOAD ./emlib/em_gpio.o
LOAD ./emlib/em_rtc.o
LOAD ./emlib/em_system.o
LOAD ./emlib/em_usart.o
LOAD ./emlib/rtcdriver.o
LOAD ./emlib/spidrv.o
LOAD ./emlib/uartdrv.o
LOAD ./CMSIS/EFM32WG/startup_efm32wg.o
LOAD ./CMSIS/EFM32WG/system_efm32wg.o
START GROUP
LOAD c:/siliconlabs/simplicitystudio/v4/developer/toolchains/gnu_arm/4.9_2015q3/bin/../lib/gcc/arm-none-eabi/4.9.3/armv7e-m/softfp\libgcc.a
LOAD c:/siliconlabs/simplicitystudio/v4/developer/toolchains/gnu_arm/4.9_2015q3/bin/../lib/gcc/arm-none-eabi/4.9.3/../../../../arm-none-eabi/lib/armv7e-m/softfp\libc_nano.a
LOAD c:/siliconlabs/simplicitystudio/v4/developer/toolchains/gnu_arm/4.9_2015q3/bin/../lib/gcc/arm-none-eabi/4.9.3/../../../../arm-none-eabi/lib/armv7e-m/softfp\libnosys.a
END GROUP
START GROUP
LOAD c:/siliconlabs/simplicitystudio/v4/developer/toolchains/gnu_arm/4.9_2015q3/bin/../lib/gcc/arm-none-eabi/4.9.3/armv7e-m/softfp\libgcc.a
LOAD c:/siliconlabs/simplicitystudio/v4/developer/toolchains/gnu_arm/4.9_2015q3/bin/../lib/gcc/arm-none-eabi/4.9.3/../../../../arm-none-eabi/lib/armv7e-m/softfp\libg_nano.a
LOAD c:/siliconlabs/simplicitystudio/v4/developer/toolchains/gnu_arm/4.9_2015q3/bin/../lib/gcc/arm-none-eabi/4.9.3/../../../../arm-none-eabi/lib/armv7e-m/softfp\libc_nano.a
END GROUP
START GROUP
LOAD c:/siliconlabs/simplicitystudio/v4/developer/toolchains/gnu_arm/4.9_2015q3/bin/../lib/gcc/arm-none-eabi/4.9.3/armv7e-m/softfp\libgcc.a
LOAD c:/siliconlabs/simplicitystudio/v4/developer/toolchains/gnu_arm/4.9_2015q3/bin/../lib/gcc/arm-none-eabi/4.9.3/../../../../arm-none-eabi/lib/armv7e-m/softfp\libc_nano.a
END GROUP
LOAD c:/siliconlabs/simplicitystudio/v4/developer/toolchains/gnu_arm/4.9_2015q3/bin/../lib/gcc/arm-none-eabi/4.9.3/armv7e-m/softfp/crtend.o
LOAD c:/siliconlabs/simplicitystudio/v4/developer/toolchains/gnu_arm/4.9_2015q3/bin/../lib/gcc/arm-none-eabi/4.9.3/armv7e-m/softfp/crtn.o

.text           0x00000000     0x454c
 *(.vectors)
 .vectors       0x00000000       0xe0 ./CMSIS/EFM32WG/startup_efm32wg.o
                0x00000000                __Vectors
                0x000000e0                __Vectors_End = .
                0x000000e0                __Vectors_Size = (__Vectors_End - __Vectors)
                0x000000e0                __end__ = .
 *(.text*)
 .text          0x000000e0       0x5c c:/siliconlabs/simplicitystudio/v4/developer/toolchains/gnu_arm/4.9_2015q3/bin/../lib/gcc/arm-none-eabi/4.9.3/armv7e-m/softfp/crtbegin.o
 .text          0x0000013c       0x74 c:/siliconlabs/simplicitystudio/v4/developer/toolchains/gnu_arm/4.9_2015q3/bin/../lib/gcc/arm-none-eabi/4.9.3/../../../../arm-none-eabi/lib/armv7e-m/softfp/crt0.o
                0x0000013c                _start
                0x0000013c                _mainCRTStartup
 .text.NVIC_EnableIRQ
                0x000001b0       0x30 ./src/main.o
 .text.NVIC_ClearPendingIRQ
                0x000001e0       0x34 ./src/main.o
 .text.NVIC_SetPriority
                0x00000214       0x54 ./src/main.o
 .text.GPIO_IntClear
                0x00000268       0x20 ./src/main.o
 .text.GPIO_IntDisable
                0x00000288       0x28 ./src/main.o
 .text.GPIO_IntEnable
                0x000002b0       0x28 ./src/main.o
 .text.GPIO_IntConfig
                0x000002d8       0x38 ./src/main.o
 .text.CHIP_Init
                0x00000310        0xc ./src/main.o
 .text.MAX_Init
                0x0000031c      0x15c ./src/main.o
                0x0000031c                MAX_Init
 .text.SPI_Init
                0x00000478       0x34 ./src/main.o
                0x00000478                SPI_Init
 .text.UART_Init
                0x000004ac       0xb0 ./src/main.o
                0x000004ac                UART_Init
 .text.setupGPIOInt
                0x0000055c       0x34 ./src/main.o
                0x0000055c                setupGPIOInt
 .text.GPIO_EVEN_IRQHandler
                0x00000590       0x34 ./src/main.o
                0x00000590                GPIO_EVEN_IRQHandler
 .text.main     0x000005c4       0xfc ./src/main.o
                0x000005c4                main
 .text.NVIC_SetPriority
                0x000006c0       0x54 ./emlib/dmadrv.o
 .text.DMADRV_AllocateChannel
                0x00000714       0xb4 ./emlib/dmadrv.o
                0x00000714                DMADRV_AllocateChannel
 .text.DMADRV_Init
                0x000007c8       0x84 ./emlib/dmadrv.o
                0x000007c8                DMADRV_Init
 .text.DMADRV_MemoryPeripheral
                0x0000084c       0x48 ./emlib/dmadrv.o
                0x0000084c                DMADRV_MemoryPeripheral
 .text.DMADRV_PeripheralMemory
                0x00000894       0x48 ./emlib/dmadrv.o
                0x00000894                DMADRV_PeripheralMemory
 .text.DmaBasicCallback
                0x000008dc       0x4c ./emlib/dmadrv.o
 .text.DmaPingPongCallback
                0x00000928       0x8c ./emlib/dmadrv.o
 .text.StartTransfer
                0x000009b4      0x250 ./emlib/dmadrv.o
 .text.BUS_RegBitWrite
                0x00000c04       0x2c ./emlib/em_cmu.o
 .text.BUS_RegBitRead
                0x00000c30       0x2c ./emlib/em_cmu.o
 .text.CMU_DivToLog2
                0x00000c5c       0x34 ./emlib/em_cmu.o
 .text.SYSTEM_GetProdRev
                0x00000c90       0x1c ./emlib/em_cmu.o
 .text.setHfLeConfig
                0x00000cac       0x60 ./emlib/em_cmu.o
 .text.getHfLeConfig
                0x00000d0c       0x20 ./emlib/em_cmu.o
 .text.auxClkGet
                0x00000d2c       0xb0 ./emlib/em_cmu.o
 .text.dbgClkGet
                0x00000ddc       0x40 ./emlib/em_cmu.o
 .text.flashWaitStateControl
                0x00000e1c       0xb8 ./emlib/em_cmu.o
 .text.flashWaitStateMax
                0x00000ed4       0x14 ./emlib/em_cmu.o
 .text.CMU_UpdateWaitStates
                0x00000ee8       0x18 ./emlib/em_cmu.o
                0x00000ee8                CMU_UpdateWaitStates
 .text.lfClkGet
                0x00000f00       0xec ./emlib/em_cmu.o
 .text.syncReg  0x00000fec       0x34 ./emlib/em_cmu.o
 .text.usbCClkGet
                0x00001020       0x4c ./emlib/em_cmu.o
 .text.CMU_ClockDivSet
                0x0000106c      0x22c ./emlib/em_cmu.o
                0x0000106c                CMU_ClockDivSet
 .text.CMU_ClockEnable
                0x00001298       0xd0 ./emlib/em_cmu.o
                0x00001298                CMU_ClockEnable
 .text.CMU_ClockFreqGet
                0x00001368      0x1d8 ./emlib/em_cmu.o
                0x00001368                CMU_ClockFreqGet
 .text.CMU_ClockSelectGet
                0x00001540      0x15c ./emlib/em_cmu.o
                0x00001540                CMU_ClockSelectGet
 .text.CMU_ClockSelectSet
                0x0000169c      0x290 ./emlib/em_cmu.o
                0x0000169c                CMU_ClockSelectSet
 .text.CMU_OscillatorEnable
                0x0000192c       0xbc ./emlib/em_cmu.o
                0x0000192c                CMU_OscillatorEnable
 .text.NVIC_GetPriority
                0x000019e8       0x50 ./emlib/em_core.o
 .text.CORE_EnterAtomic
                0x00001a38       0x20 ./emlib/em_core.o
                0x00001a38                CORE_EnterAtomic
 .text.CORE_ExitAtomic
                0x00001a58       0x1c ./emlib/em_core.o
                0x00001a58                CORE_ExitAtomic
 .text.CORE_IrqIsBlocked
                0x00001a74       0xac ./emlib/em_core.o
                0x00001a74                CORE_IrqIsBlocked
 .text.CORE_NvicIRQDisabled
                0x00001b20       0x58 ./emlib/em_core.o
                0x00001b20                CORE_NvicIRQDisabled
 .text.NVIC_EnableIRQ
                0x00001b78       0x30 ./emlib/em_dma.o
 .text.NVIC_DisableIRQ
                0x00001ba8       0x34 ./emlib/em_dma.o
 .text.NVIC_ClearPendingIRQ
                0x00001bdc       0x34 ./emlib/em_dma.o
 .text.BUS_RegBitWrite
                0x00001c10       0x2c ./emlib/em_dma.o
 .text.DMA_Prepare
                0x00001c3c      0x114 ./emlib/em_dma.o
 .text.DMA_IRQHandler
                0x00001d50       0xd8 ./emlib/em_dma.o
                0x00001d50                DMA_IRQHandler
 .text.DMA_ActivateBasic
                0x00001e28       0x44 ./emlib/em_dma.o
                0x00001e28                DMA_ActivateBasic
 .text.DMA_ActivatePingPong
                0x00001e6c       0x5c ./emlib/em_dma.o
                0x00001e6c                DMA_ActivatePingPong
 .text.DMA_CfgChannel
                0x00001ec8       0x90 ./emlib/em_dma.o
                0x00001ec8                DMA_CfgChannel
 .text.DMA_CfgDescr
                0x00001f58       0x70 ./emlib/em_dma.o
                0x00001f58                DMA_CfgDescr
 .text.DMA_Init
                0x00001fc8       0x54 ./emlib/em_dma.o
                0x00001fc8                DMA_Init
 .text.DMA_RefreshPingPong
                0x0000201c       0xf8 ./emlib/em_dma.o
                0x0000201c                DMA_RefreshPingPong
 .text.DMA_Reset
                0x00002114       0x88 ./emlib/em_dma.o
                0x00002114                DMA_Reset
 .text.BUS_RegBitWrite
                0x0000219c       0x2c ./emlib/em_gpio.o
 .text.BUS_RegMaskedWrite
                0x000021c8       0x28 ./emlib/em_gpio.o
 .text.GPIO_PinOutClear
                0x000021f0       0x58 ./emlib/em_gpio.o
 .text.GPIO_PinOutSet
                0x00002248       0x58 ./emlib/em_gpio.o
 .text.GPIO_ExtIntConfig
                0x000022a0       0xd4 ./emlib/em_gpio.o
                0x000022a0                GPIO_ExtIntConfig
 .text.GPIO_PinModeSet
                0x00002374      0x10c ./emlib/em_gpio.o
                0x00002374                GPIO_PinModeSet
 .text.BUS_RegBitWrite
                0x00002480       0x2c ./emlib/em_rtc.o
 .text.RTC_CompareGet
                0x000024ac       0x3c ./emlib/em_rtc.o
                0x000024ac                RTC_CompareGet
 .text.RTC_CompareSet
                0x000024e8       0x3c ./emlib/em_rtc.o
                0x000024e8                RTC_CompareSet
 .text.RTC_Enable
                0x00002524       0x20 ./emlib/em_rtc.o
                0x00002524                RTC_Enable
 .text.RTC_Init
                0x00002544       0x50 ./emlib/em_rtc.o
                0x00002544                RTC_Init
 .text.RTC_CounterReset
                0x00002594       0x14 ./emlib/em_rtc.o
                0x00002594                RTC_CounterReset
 .text.USART_BaudrateAsyncSet
                0x000025a8       0xb0 ./emlib/em_usart.o
                0x000025a8                USART_BaudrateAsyncSet
 .text.USART_BaudrateSyncSet
                0x00002658       0x40 ./emlib/em_usart.o
                0x00002658                USART_BaudrateSyncSet
 .text.USART_Enable
                0x00002698       0x70 ./emlib/em_usart.o
                0x00002698                USART_Enable
 .text.USART_InitAsync
                0x00002708       0xb4 ./emlib/em_usart.o
                0x00002708                USART_InitAsync
 .text.USART_InitSync
                0x000027bc       0xcc ./emlib/em_usart.o
                0x000027bc                USART_InitSync
 .text.USART_Reset
                0x00002888       0xb0 ./emlib/em_usart.o
                0x00002888                USART_Reset
 .text.USART_Tx
                0x00002938       0x2c ./emlib/em_usart.o
                0x00002938                USART_Tx
 .text.NVIC_EnableIRQ
                0x00002964       0x30 ./emlib/rtcdriver.o
 .text.NVIC_ClearPendingIRQ
                0x00002994       0x34 ./emlib/rtcdriver.o
 .text.RTC_CounterGet
                0x000029c8       0x18 ./emlib/rtcdriver.o
 .text.RTC_IntClear
                0x000029e0       0x1c ./emlib/rtcdriver.o
 .text.RTC_IntDisable
                0x000029fc       0x24 ./emlib/rtcdriver.o
 .text.RTC_IntEnable
                0x00002a20       0x24 ./emlib/rtcdriver.o
 .text.RTC_IntGetEnabled
                0x00002a44       0x24 ./emlib/rtcdriver.o
 .text.RTCDRV_AllocateTimer
                0x00002a68       0x8c ./emlib/rtcdriver.o
                0x00002a68                RTCDRV_AllocateTimer
 .text.RTCDRV_Init
                0x00002af4       0xa0 ./emlib/rtcdriver.o
                0x00002af4                RTCDRV_Init
 .text.RTCDRV_StopTimer
                0x00002b94       0x70 ./emlib/rtcdriver.o
                0x00002b94                RTCDRV_StopTimer
 .text.RTC_IRQHandler
                0x00002c04       0xb4 ./emlib/rtcdriver.o
                0x00002c04                RTC_IRQHandler
 .text.checkAllTimers
                0x00002cb8      0x2c8 ./emlib/rtcdriver.o
 .text.executeTimerCallbacks
                0x00002f80       0x64 ./emlib/rtcdriver.o
 .text.rescheduleRtc
                0x00002fe4      0x10c ./emlib/rtcdriver.o
 .text.SPIDRV_Init
                0x000030f0      0x26c ./emlib/spidrv.o
                0x000030f0                SPIDRV_Init
 .text.SPIDRV_MTransferB
                0x0000335c       0x68 ./emlib/spidrv.o
                0x0000335c                SPIDRV_MTransferB
 .text.SPIDRV_MTransmitB
                0x000033c4       0x54 ./emlib/spidrv.o
                0x000033c4                SPIDRV_MTransmitB
 .text.BlockingComplete
                0x00003418       0x24 ./emlib/spidrv.o
 .text.ConfigGPIO
                0x0000343c      0x5e0 ./emlib/spidrv.o
 .text.RxDMAComplete
                0x00003a1c       0x64 ./emlib/spidrv.o
 .text.StartTransferDMA
                0x00003a80       0xc4 ./emlib/spidrv.o
 .text.StartTransmitDMA
                0x00003b44       0xc4 ./emlib/spidrv.o
 .text.TransferApiBlockingPrologue
                0x00003c08       0x70 ./emlib/spidrv.o
 .text.WaitForTransferCompletion
                0x00003c78       0x48 ./emlib/spidrv.o
 .text          0x00003cc0       0x30 ./CMSIS/EFM32WG/startup_efm32wg.o
                0x00003cc0                Reset_Handler
                0x00003cec                DebugMon_Handler
                0x00003cec                USART0_TX_IRQHandler
                0x00003cec                I2C0_IRQHandler
                0x00003cec                HardFault_Handler
                0x00003cec                LEUART1_IRQHandler
                0x00003cec                SysTick_Handler
                0x00003cec                USART1_RX_IRQHandler
                0x00003cec                PendSV_Handler
                0x00003cec                NMI_Handler
                0x00003cec                I2C1_IRQHandler
                0x00003cec                TIMER3_IRQHandler
                0x00003cec                USART1_TX_IRQHandler
                0x00003cec                MSC_IRQHandler
                0x00003cec                ADC0_IRQHandler
                0x00003cec                UsageFault_Handler
                0x00003cec                LEUART0_IRQHandler
                0x00003cec                FPUEH_IRQHandler
                0x00003cec                UART0_TX_IRQHandler
                0x00003cec                UART1_TX_IRQHandler
                0x00003cec                TIMER0_IRQHandler
                0x00003cec                TIMER2_IRQHandler
                0x00003cec                LCD_IRQHandler
                0x00003cec                PCNT2_IRQHandler
                0x00003cec                UART0_RX_IRQHandler
                0x00003cec                LETIMER0_IRQHandler
                0x00003cec                TIMER1_IRQHandler
                0x00003cec                USART2_RX_IRQHandler
                0x00003cec                Default_Handler
                0x00003cec                EMU_IRQHandler
                0x00003cec                PCNT0_IRQHandler
                0x00003cec                USB_IRQHandler
                0x00003cec                BURTC_IRQHandler
                0x00003cec                PCNT1_IRQHandler
                0x00003cec                ACMP0_IRQHandler
                0x00003cec                USART0_RX_IRQHandler
                0x00003cec                MemManage_Handler
                0x00003cec                SVC_Handler
                0x00003cec                DAC0_IRQHandler
                0x00003cec                UART1_RX_IRQHandler
                0x00003cec                CMU_IRQHandler
                0x00003cec                EBI_IRQHandler
                0x00003cec                LESENSE_IRQHandler
                0x00003cec                GPIO_ODD_IRQHandler
                0x00003cec                AES_IRQHandler
                0x00003cec                VCMP_IRQHandler
                0x00003cec                BusFault_Handler
                0x00003cec                USART2_TX_IRQHandler
 .text.GetProdRev
                0x00003cf0       0x1c ./CMSIS/EFM32WG/system_efm32wg.o
 .text.SystemCoreClockGet
                0x00003d0c       0x34 ./CMSIS/EFM32WG/system_efm32wg.o
                0x00003d0c                SystemCoreClockGet
 .text.SystemMaxCoreClockGet
                0x00003d40       0x14 ./CMSIS/EFM32WG/system_efm32wg.o
                0x00003d40                SystemMaxCoreClockGet
 .text.SystemHFClockGet
                0x00003d54      0x100 ./CMSIS/EFM32WG/system_efm32wg.o
                0x00003d54                SystemHFClockGet
 .text.SystemHFXOClockGet
                0x00003e54       0x18 ./CMSIS/EFM32WG/system_efm32wg.o
                0x00003e54                SystemHFXOClockGet
 .text.SystemInit
                0x00003e6c       0x20 ./CMSIS/EFM32WG/system_efm32wg.o
                0x00003e6c                SystemInit
 .text.SystemLFRCOClockGet
                0x00003e8c       0x14 ./CMSIS/EFM32WG/system_efm32wg.o
                0x00003e8c                SystemLFRCOClockGet
 .text.SystemULFRCOClockGet
                0x00003ea0       0x14 ./CMSIS/EFM32WG/system_efm32wg.o
                0x00003ea0                SystemULFRCOClockGet
 .text.SystemLFXOClockGet
                0x00003eb4       0x18 ./CMSIS/EFM32WG/system_efm32wg.o
                0x00003eb4                SystemLFXOClockGet
 .text          0x00003ecc       0x30 c:/siliconlabs/simplicitystudio/v4/developer/toolchains/gnu_arm/4.9_2015q3/bin/../lib/gcc/arm-none-eabi/4.9.3/armv7e-m/softfp\libgcc.a(_aeabi_uldivmod.o)
                0x00003ecc                __aeabi_uldivmod
 .text          0x00003efc       0x60 c:/siliconlabs/simplicitystudio/v4/developer/toolchains/gnu_arm/4.9_2015q3/bin/../lib/gcc/arm-none-eabi/4.9.3/armv7e-m/softfp\libgcc.a(bpabi.o)
                0x00003efc                __gnu_ldivmod_helper
                0x00003f2c                __gnu_uldivmod_helper
 .text          0x00003f5c        0x4 c:/siliconlabs/simplicitystudio/v4/developer/toolchains/gnu_arm/4.9_2015q3/bin/../lib/gcc/arm-none-eabi/4.9.3/armv7e-m/softfp\libgcc.a(_dvmd_tls.o)
                0x00003f5c                __aeabi_idiv0
                0x00003f5c                __aeabi_ldiv0
 .text          0x00003f60      0x29c c:/siliconlabs/simplicitystudio/v4/developer/toolchains/gnu_arm/4.9_2015q3/bin/../lib/gcc/arm-none-eabi/4.9.3/armv7e-m/softfp\libgcc.a(_divdi3.o)
                0x00003f60                __divdi3
 .text          0x000041fc      0x26c c:/siliconlabs/simplicitystudio/v4/developer/toolchains/gnu_arm/4.9_2015q3/bin/../lib/gcc/arm-none-eabi/4.9.3/armv7e-m/softfp\libgcc.a(_udivdi3.o)
                0x000041fc                __udivdi3
 .text.exit     0x00004468       0x28 c:/siliconlabs/simplicitystudio/v4/developer/toolchains/gnu_arm/4.9_2015q3/bin/../lib/gcc/arm-none-eabi/4.9.3/../../../../arm-none-eabi/lib/armv7e-m/softfp\libc_nano.a(lib_a-exit.o)
                0x00004468                exit
 .text.__libc_init_array
                0x00004490       0x4c c:/siliconlabs/simplicitystudio/v4/developer/toolchains/gnu_arm/4.9_2015q3/bin/../lib/gcc/arm-none-eabi/4.9.3/../../../../arm-none-eabi/lib/armv7e-m/softfp\libc_nano.a(lib_a-init.o)
                0x00004490                __libc_init_array
 .text.memset   0x000044dc       0x10 c:/siliconlabs/simplicitystudio/v4/developer/toolchains/gnu_arm/4.9_2015q3/bin/../lib/gcc/arm-none-eabi/4.9.3/../../../../arm-none-eabi/lib/armv7e-m/softfp\libc_nano.a(lib_a-memset.o)
                0x000044dc                memset
 .text._exit    0x000044ec        0x4 c:/siliconlabs/simplicitystudio/v4/developer/toolchains/gnu_arm/4.9_2015q3/bin/../lib/gcc/arm-none-eabi/4.9.3/../../../../arm-none-eabi/lib/armv7e-m/softfp\libnosys.a(_exit.o)
                0x000044ec                _exit
 *(.init)
 .init          0x000044f0        0x4 c:/siliconlabs/simplicitystudio/v4/developer/toolchains/gnu_arm/4.9_2015q3/bin/../lib/gcc/arm-none-eabi/4.9.3/armv7e-m/softfp/crti.o
                0x000044f0                _init
 .init          0x000044f4        0x8 c:/siliconlabs/simplicitystudio/v4/developer/toolchains/gnu_arm/4.9_2015q3/bin/../lib/gcc/arm-none-eabi/4.9.3/armv7e-m/softfp/crtn.o
 *(.fini)
 .fini          0x000044fc        0x4 c:/siliconlabs/simplicitystudio/v4/developer/toolchains/gnu_arm/4.9_2015q3/bin/../lib/gcc/arm-none-eabi/4.9.3/armv7e-m/softfp/crti.o
                0x000044fc                _fini
 .fini          0x00004500        0x8 c:/siliconlabs/simplicitystudio/v4/developer/toolchains/gnu_arm/4.9_2015q3/bin/../lib/gcc/arm-none-eabi/4.9.3/armv7e-m/softfp/crtn.o
 *crtbegin.o(.ctors)
 *crtbegin?.o(.ctors)
 *(EXCLUDE_FILE(*crtend.o *crtend?.o) .ctors)
 *(SORT(.ctors.*))
 *(.ctors)
 *crtbegin.o(.dtors)
 *crtbegin?.o(.dtors)
 *(EXCLUDE_FILE(*crtend.o *crtend?.o) .dtors)
 *(SORT(.dtors.*))
 *(.dtors)
 *(.rodata*)
 .rodata        0x00004508       0x1c ./src/main.o
 .rodata.initRTC
                0x00004524        0x3 ./emlib/rtcdriver.o
 *fill*         0x00004527        0x1 
 .rodata        0x00004528       0x18 ./emlib/spidrv.o
 .rodata.str1.1
                0x00004540        0x2 c:/siliconlabs/simplicitystudio/v4/developer/toolchains/gnu_arm/4.9_2015q3/bin/../lib/gcc/arm-none-eabi/4.9.3/../../../../arm-none-eabi/lib/armv7e-m/softfp\libc_nano.a(lib_a-impure.o)
 *fill*         0x00004542        0x2 
 .rodata._global_impure_ptr
                0x00004544        0x4 c:/siliconlabs/simplicitystudio/v4/developer/toolchains/gnu_arm/4.9_2015q3/bin/../lib/gcc/arm-none-eabi/4.9.3/../../../../arm-none-eabi/lib/armv7e-m/softfp\libc_nano.a(lib_a-impure.o)
                0x00004544                _global_impure_ptr
 *(.eh_frame*)
 .eh_frame      0x00004548        0x0 c:/siliconlabs/simplicitystudio/v4/developer/toolchains/gnu_arm/4.9_2015q3/bin/../lib/gcc/arm-none-eabi/4.9.3/armv7e-m/softfp/crtbegin.o
 .eh_frame      0x00004548        0x4 c:/siliconlabs/simplicitystudio/v4/developer/toolchains/gnu_arm/4.9_2015q3/bin/../lib/gcc/arm-none-eabi/4.9.3/armv7e-m/softfp/crtend.o

.glue_7         0x0000454c        0x0
 .glue_7        0x00000000        0x0 linker stubs

.glue_7t        0x0000454c        0x0
 .glue_7t       0x00000000        0x0 linker stubs

.vfp11_veneer   0x0000454c        0x0
 .vfp11_veneer  0x00000000        0x0 linker stubs

.v4_bx          0x0000454c        0x0
 .v4_bx         0x00000000        0x0 linker stubs

.iplt           0x0000454c        0x0
 .iplt          0x00000000        0x0 c:/siliconlabs/simplicitystudio/v4/developer/toolchains/gnu_arm/4.9_2015q3/bin/../lib/gcc/arm-none-eabi/4.9.3/armv7e-m/softfp/crtbegin.o

.ARM.extab
 *(.ARM.extab* .gnu.linkonce.armextab.*)
                0x0000454c                __exidx_start = .

.ARM.exidx      0x0000454c        0x8
 *(.ARM.exidx* .gnu.linkonce.armexidx.*)
 .ARM.exidx     0x0000454c        0x8 c:/siliconlabs/simplicitystudio/v4/developer/toolchains/gnu_arm/4.9_2015q3/bin/../lib/gcc/arm-none-eabi/4.9.3/../../../../arm-none-eabi/lib/armv7e-m/softfp/crt0.o
 .ARM.exidx     0x00004554        0x0 c:/siliconlabs/simplicitystudio/v4/developer/toolchains/gnu_arm/4.9_2015q3/bin/../lib/gcc/arm-none-eabi/4.9.3/armv7e-m/softfp\libgcc.a(_divdi3.o)
                                  0x8 (size before relaxing)
 .ARM.exidx     0x00004554        0x0 c:/siliconlabs/simplicitystudio/v4/developer/toolchains/gnu_arm/4.9_2015q3/bin/../lib/gcc/arm-none-eabi/4.9.3/armv7e-m/softfp\libgcc.a(_udivdi3.o)
                                  0x8 (size before relaxing)
                0x00004554                __exidx_end = .
                0x00004554                __etext = .

.rel.dyn        0x00004554        0x0
 .rel.iplt      0x00000000        0x0 c:/siliconlabs/simplicitystudio/v4/developer/toolchains/gnu_arm/4.9_2015q3/bin/../lib/gcc/arm-none-eabi/4.9.3/armv7e-m/softfp/crtbegin.o

.data           0x20000000       0x7c load address 0x00004554
                0x20000000                __data_start__ = .
 *(vtable)
 *(.data*)
 .data.spi_handle
                0x20000000        0x4 ./src/main.o
                0x20000000                spi_handle
 .data.SystemHFXOClock
                0x20000004        0x4 ./CMSIS/EFM32WG/system_efm32wg.o
 .data.SystemLFXOClock
                0x20000008        0x4 ./CMSIS/EFM32WG/system_efm32wg.o
 .data.SystemCoreClock
                0x2000000c        0x4 ./CMSIS/EFM32WG/system_efm32wg.o
                0x2000000c                SystemCoreClock
 .data.impure_data
                0x20000010       0x60 c:/siliconlabs/simplicitystudio/v4/developer/toolchains/gnu_arm/4.9_2015q3/bin/../lib/gcc/arm-none-eabi/4.9.3/../../../../arm-none-eabi/lib/armv7e-m/softfp\libc_nano.a(lib_a-impure.o)
                0x20000070                . = ALIGN (0x4)
 *(.ram)
                0x20000070                . = ALIGN (0x4)
                0x20000070                PROVIDE (__preinit_array_start, .)
 *(.preinit_array)
                0x20000070                PROVIDE (__preinit_array_end, .)
                0x20000070                . = ALIGN (0x4)
                0x20000070                PROVIDE (__init_array_start, .)
 *(SORT(.init_array.*))
 *(.init_array)
 .init_array    0x20000070        0x4 c:/siliconlabs/simplicitystudio/v4/developer/toolchains/gnu_arm/4.9_2015q3/bin/../lib/gcc/arm-none-eabi/4.9.3/armv7e-m/softfp/crtbegin.o
                0x20000074                PROVIDE (__init_array_end, .)
                0x20000074                . = ALIGN (0x4)
                0x20000074                PROVIDE (__fini_array_start, .)
 *(SORT(.fini_array.*))
 *(.fini_array)
 .fini_array    0x20000074        0x4 c:/siliconlabs/simplicitystudio/v4/developer/toolchains/gnu_arm/4.9_2015q3/bin/../lib/gcc/arm-none-eabi/4.9.3/armv7e-m/softfp/crtbegin.o
                0x20000078                PROVIDE (__fini_array_end, .)
 *(.jcr*)
 .jcr           0x20000078        0x0 c:/siliconlabs/simplicitystudio/v4/developer/toolchains/gnu_arm/4.9_2015q3/bin/../lib/gcc/arm-none-eabi/4.9.3/armv7e-m/softfp/crtbegin.o
 .jcr           0x20000078        0x4 c:/siliconlabs/simplicitystudio/v4/developer/toolchains/gnu_arm/4.9_2015q3/bin/../lib/gcc/arm-none-eabi/4.9.3/armv7e-m/softfp/crtend.o
                0x2000007c                . = ALIGN (0x4)
                0x2000007c                __data_end__ = .

.igot.plt       0x2000007c        0x0 load address 0x000045d0
 .igot.plt      0x00000000        0x0 c:/siliconlabs/simplicitystudio/v4/developer/toolchains/gnu_arm/4.9_2015q3/bin/../lib/gcc/arm-none-eabi/4.9.3/armv7e-m/softfp/crtbegin.o

.bss            0x20000100      0x500 load address 0x00004700
                0x20000100                . = ALIGN (0x4)
                0x20000100                __bss_start__ = .
 *(.bss*)
 .bss           0x20000100       0x1c c:/siliconlabs/simplicitystudio/v4/developer/toolchains/gnu_arm/4.9_2015q3/bin/../lib/gcc/arm-none-eabi/4.9.3/armv7e-m/softfp/crtbegin.o
 .bss.initialized
                0x2000011c        0x1 ./emlib/dmadrv.o
 *fill*         0x2000011d        0x3 
 .bss.chTable   0x20000120       0xf0 ./emlib/dmadrv.o
 .bss.dmaCallBack
                0x20000210       0x90 ./emlib/dmadrv.o
 .bss.timer     0x200002a0       0xa0 ./emlib/rtcdriver.o
 .bss.lastStart
                0x20000340        0x4 ./emlib/rtcdriver.o
 .bss.startTimerNestingLevel
                0x20000344        0x4 ./emlib/rtcdriver.o
 .bss.inTimerIRQ
                0x20000348        0x1 ./emlib/rtcdriver.o
 .bss.rtcRunning
                0x20000349        0x1 ./emlib/rtcdriver.o
 .bss.rtcdrvIsInitialized
                0x2000034a        0x1 ./emlib/rtcdriver.o
 .bss.spidrvIsInitialized
                0x2000034b        0x1 ./emlib/spidrv.o
 *(COMMON)
 COMMON         0x2000034c       0x6b ./src/main.o
                0x2000034c                spi_handleData
                0x200003a4                spi_rx_buffer
                0x200003b0                spi_tx_buffer
                0x200003b4                spi_tx_config_buffer
 *fill*         0x200003b7       0x49 
 COMMON         0x20000400      0x200 ./emlib/dmactrl.o
                0x20000400                dmaControlBlock
                0x20000600                . = ALIGN (0x4)
                0x20000600                __bss_end__ = .

.heap           0x20000600      0xc00
                0x20000600                __HeapBase = .
                0x20000600                __end__ = .
                0x20000600                end = __end__
                0x20000600                _end = __end__
 *(.heap*)
 .heap          0x20000600      0xc00 ./CMSIS/EFM32WG/startup_efm32wg.o
                0x20001200                __HeapLimit = .

.stack_dummy    0x20000600      0x400
 *(.stack*)
 .stack         0x20000600      0x400 ./CMSIS/EFM32WG/startup_efm32wg.o
                0x20008000                __StackTop = (ORIGIN (RAM) + 0x8000)
                0x20007c00                __StackLimit = (__StackTop - SIZEOF (.stack_dummy))
                0x20008000                PROVIDE (__stack, __StackTop)
                0x00000001                ASSERT ((__StackLimit >= __HeapLimit), region RAM overflowed with stack)
                0x00000001                ASSERT ((0x40000 >= (__etext + SIZEOF (.data))), FLASH memory overflowed !)
OUTPUT(WonderGecko_MAX35103.axf elf32-littlearm)

.ARM.attributes
                0x00000000       0x2e
 .ARM.attributes
                0x00000000       0x22 c:/siliconlabs/simplicitystudio/v4/developer/toolchains/gnu_arm/4.9_2015q3/bin/../lib/gcc/arm-none-eabi/4.9.3/armv7e-m/softfp/crti.o
 .ARM.attributes
                0x00000022       0x32 c:/siliconlabs/simplicitystudio/v4/developer/toolchains/gnu_arm/4.9_2015q3/bin/../lib/gcc/arm-none-eabi/4.9.3/armv7e-m/softfp/crtbegin.o
 .ARM.attributes
                0x00000054       0x20 c:/siliconlabs/simplicitystudio/v4/developer/toolchains/gnu_arm/4.9_2015q3/bin/../lib/gcc/arm-none-eabi/4.9.3/../../../../arm-none-eabi/lib/armv7e-m/softfp/crt0.o
 .ARM.attributes
                0x00000074       0x37 ./src/main.o
 .ARM.attributes
                0x000000ab       0x37 ./emlib/dmactrl.o
 .ARM.attributes
                0x000000e2       0x37 ./emlib/dmadrv.o
 .ARM.attributes
                0x00000119       0x37 ./emlib/em_cmu.o
 .ARM.attributes
                0x00000150       0x37 ./emlib/em_core.o
 .ARM.attributes
                0x00000187       0x37 ./emlib/em_dma.o
 .ARM.attributes
                0x000001be       0x37 ./emlib/em_gpio.o
 .ARM.attributes
                0x000001f5       0x37 ./emlib/em_rtc.o
 .ARM.attributes
                0x0000022c       0x37 ./emlib/em_usart.o
 .ARM.attributes
                0x00000263       0x37 ./emlib/rtcdriver.o
 .ARM.attributes
                0x0000029a       0x37 ./emlib/spidrv.o
 .ARM.attributes
                0x000002d1       0x1b ./CMSIS/EFM32WG/startup_efm32wg.o
 .ARM.attributes
                0x000002ec       0x37 ./CMSIS/EFM32WG/system_efm32wg.o
 .ARM.attributes
                0x00000323       0x22 c:/siliconlabs/simplicitystudio/v4/developer/toolchains/gnu_arm/4.9_2015q3/bin/../lib/gcc/arm-none-eabi/4.9.3/armv7e-m/softfp\libgcc.a(_aeabi_uldivmod.o)
 .ARM.attributes
                0x00000345       0x32 c:/siliconlabs/simplicitystudio/v4/developer/toolchains/gnu_arm/4.9_2015q3/bin/../lib/gcc/arm-none-eabi/4.9.3/armv7e-m/softfp\libgcc.a(bpabi.o)
 .ARM.attributes
                0x00000377       0x22 c:/siliconlabs/simplicitystudio/v4/developer/toolchains/gnu_arm/4.9_2015q3/bin/../lib/gcc/arm-none-eabi/4.9.3/armv7e-m/softfp\libgcc.a(_dvmd_tls.o)
 .ARM.attributes
                0x00000399       0x32 c:/siliconlabs/simplicitystudio/v4/developer/toolchains/gnu_arm/4.9_2015q3/bin/../lib/gcc/arm-none-eabi/4.9.3/armv7e-m/softfp\libgcc.a(_divdi3.o)
 .ARM.attributes
                0x000003cb       0x32 c:/siliconlabs/simplicitystudio/v4/developer/toolchains/gnu_arm/4.9_2015q3/bin/../lib/gcc/arm-none-eabi/4.9.3/armv7e-m/softfp\libgcc.a(_udivdi3.o)
 .ARM.attributes
                0x000003fd       0x32 c:/siliconlabs/simplicitystudio/v4/developer/toolchains/gnu_arm/4.9_2015q3/bin/../lib/gcc/arm-none-eabi/4.9.3/../../../../arm-none-eabi/lib/armv7e-m/softfp\libc_nano.a(lib_a-exit.o)
 .ARM.attributes
                0x0000042f       0x32 c:/siliconlabs/simplicitystudio/v4/developer/toolchains/gnu_arm/4.9_2015q3/bin/../lib/gcc/arm-none-eabi/4.9.3/../../../../arm-none-eabi/lib/armv7e-m/softfp\libc_nano.a(lib_a-impure.o)
 .ARM.attributes
                0x00000461       0x32 c:/siliconlabs/simplicitystudio/v4/developer/toolchains/gnu_arm/4.9_2015q3/bin/../lib/gcc/arm-none-eabi/4.9.3/../../../../arm-none-eabi/lib/armv7e-m/softfp\libc_nano.a(lib_a-init.o)
 .ARM.attributes
                0x00000493       0x32 c:/siliconlabs/simplicitystudio/v4/developer/toolchains/gnu_arm/4.9_2015q3/bin/../lib/gcc/arm-none-eabi/4.9.3/../../../../arm-none-eabi/lib/armv7e-m/softfp\libc_nano.a(lib_a-memset.o)
 .ARM.attributes
                0x000004c5       0x32 c:/siliconlabs/simplicitystudio/v4/developer/toolchains/gnu_arm/4.9_2015q3/bin/../lib/gcc/arm-none-eabi/4.9.3/../../../../arm-none-eabi/lib/armv7e-m/softfp\libnosys.a(_exit.o)
 .ARM.attributes
                0x000004f7       0x32 c:/siliconlabs/simplicitystudio/v4/developer/toolchains/gnu_arm/4.9_2015q3/bin/../lib/gcc/arm-none-eabi/4.9.3/armv7e-m/softfp/crtend.o
 .ARM.attributes
                0x00000529       0x22 c:/siliconlabs/simplicitystudio/v4/developer/toolchains/gnu_arm/4.9_2015q3/bin/../lib/gcc/arm-none-eabi/4.9.3/armv7e-m/softfp/crtn.o

.comment        0x00000000       0x70
 .comment       0x00000000       0x70 ./src/main.o
                                 0x71 (size before relaxing)
 .comment       0x00000000       0x71 ./emlib/dmactrl.o
 .comment       0x00000000       0x71 ./emlib/dmadrv.o
 .comment       0x00000000       0x71 ./emlib/em_cmu.o
 .comment       0x00000000       0x71 ./emlib/em_core.o
 .comment       0x00000000       0x71 ./emlib/em_dma.o
 .comment       0x00000000       0x71 ./emlib/em_gpio.o
 .comment       0x00000000       0x71 ./emlib/em_rtc.o
 .comment       0x00000000       0x71 ./emlib/em_usart.o
 .comment       0x00000000       0x71 ./emlib/rtcdriver.o
 .comment       0x00000000       0x71 ./emlib/spidrv.o
 .comment       0x00000000       0x71 ./CMSIS/EFM32WG/system_efm32wg.o

.debug_info     0x00000000     0xa8b9
 .debug_info    0x00000000     0x1463 ./src/main.o
 .debug_info    0x00001463      0x129 ./emlib/dmactrl.o
 .debug_info    0x0000158c     0x170d ./emlib/dmadrv.o
 .debug_info    0x00002c99     0x1287 ./emlib/em_cmu.o
 .debug_info    0x00003f20      0xd04 ./emlib/em_core.o
 .debug_info    0x00004c24     0x12f1 ./emlib/em_dma.o
 .debug_info    0x00005f15      0x65f ./emlib/em_gpio.o
 .debug_info    0x00006574      0x343 ./emlib/em_rtc.o
 .debug_info    0x000068b7      0xebf ./emlib/em_usart.o
 .debug_info    0x00007776      0xd84 ./emlib/rtcdriver.o
 .debug_info    0x000084fa     0x1ba6 ./emlib/spidrv.o
 .debug_info    0x0000a0a0       0xf6 ./CMSIS/EFM32WG/startup_efm32wg.o
 .debug_info    0x0000a196      0x723 ./CMSIS/EFM32WG/system_efm32wg.o

.debug_abbrev   0x00000000     0x185d
 .debug_abbrev  0x00000000      0x23f ./src/main.o
 .debug_abbrev  0x0000023f       0x98 ./emlib/dmactrl.o
 .debug_abbrev  0x000002d7      0x278 ./emlib/dmadrv.o
 .debug_abbrev  0x0000054f      0x2b7 ./emlib/em_cmu.o
 .debug_abbrev  0x00000806      0x239 ./emlib/em_core.o
 .debug_abbrev  0x00000a3f      0x24d ./emlib/em_dma.o
 .debug_abbrev  0x00000c8c      0x1c2 ./emlib/em_gpio.o
 .debug_abbrev  0x00000e4e      0x198 ./emlib/em_rtc.o
 .debug_abbrev  0x00000fe6      0x1c7 ./emlib/em_usart.o
 .debug_abbrev  0x000011ad      0x29e ./emlib/rtcdriver.o
 .debug_abbrev  0x0000144b      0x25b ./emlib/spidrv.o
 .debug_abbrev  0x000016a6       0x14 ./CMSIS/EFM32WG/startup_efm32wg.o
 .debug_abbrev  0x000016ba      0x1a3 ./CMSIS/EFM32WG/system_efm32wg.o

.debug_loc      0x00000000     0x494e
 .debug_loc     0x00000000      0x430 ./src/main.o
 .debug_loc     0x00000430      0x665 ./emlib/dmadrv.o
 .debug_loc     0x00000a95      0xd0c ./emlib/em_cmu.o
 .debug_loc     0x000017a1      0x88c ./emlib/em_core.o
 .debug_loc     0x0000202d      0x72c ./emlib/em_dma.o
 .debug_loc     0x00002759      0x3d0 ./emlib/em_gpio.o
 .debug_loc     0x00002b29      0x28c ./emlib/em_rtc.o
 .debug_loc     0x00002db5      0x6d2 ./emlib/em_usart.o
 .debug_loc     0x00003487      0x6e4 ./emlib/rtcdriver.o
 .debug_loc     0x00003b6b      0xac7 ./emlib/spidrv.o
 .debug_loc     0x00004632      0x31c ./CMSIS/EFM32WG/system_efm32wg.o

.debug_aranges  0x00000000      0x860
 .debug_aranges
                0x00000000       0x88 ./src/main.o
 .debug_aranges
                0x00000088       0x18 ./emlib/dmactrl.o
 .debug_aranges
                0x000000a0       0xb8 ./emlib/dmadrv.o
 .debug_aranges
                0x00000158      0x160 ./emlib/em_cmu.o
 .debug_aranges
                0x000002b8       0xe8 ./emlib/em_core.o
 .debug_aranges
                0x000003a0       0xc0 ./emlib/em_dma.o
 .debug_aranges
                0x00000460       0x70 ./emlib/em_gpio.o
 .debug_aranges
                0x000004d0       0x58 ./emlib/em_rtc.o
 .debug_aranges
                0x00000528       0xb8 ./emlib/em_usart.o
 .debug_aranges
                0x000005e0       0xc8 ./emlib/rtcdriver.o
 .debug_aranges
                0x000006a8      0x128 ./emlib/spidrv.o
 .debug_aranges
                0x000007d0       0x20 ./CMSIS/EFM32WG/startup_efm32wg.o
 .debug_aranges
                0x000007f0       0x70 ./CMSIS/EFM32WG/system_efm32wg.o

.debug_ranges   0x00000000      0x778
 .debug_ranges  0x00000000       0x78 ./src/main.o
 .debug_ranges  0x00000078       0xa8 ./emlib/dmadrv.o
 .debug_ranges  0x00000120      0x150 ./emlib/em_cmu.o
 .debug_ranges  0x00000270       0xd8 ./emlib/em_core.o
 .debug_ranges  0x00000348       0xb0 ./emlib/em_dma.o
 .debug_ranges  0x000003f8       0x60 ./emlib/em_gpio.o
 .debug_ranges  0x00000458       0x48 ./emlib/em_rtc.o
 .debug_ranges  0x000004a0       0xa8 ./emlib/em_usart.o
 .debug_ranges  0x00000548       0xb8 ./emlib/rtcdriver.o
 .debug_ranges  0x00000600      0x118 ./emlib/spidrv.o
 .debug_ranges  0x00000718       0x60 ./CMSIS/EFM32WG/system_efm32wg.o

.debug_line     0x00000000     0x4abc
 .debug_line    0x00000000      0x61a ./src/main.o
 .debug_line    0x0000061a      0x21d ./emlib/dmactrl.o
 .debug_line    0x00000837      0x6cb ./emlib/dmadrv.o
 .debug_line    0x00000f02      0xa00 ./emlib/em_cmu.o
 .debug_line    0x00001902      0x5ec ./emlib/em_core.o
 .debug_line    0x00001eee      0x582 ./emlib/em_dma.o
 .debug_line    0x00002470      0x46b ./emlib/em_gpio.o
 .debug_line    0x000028db      0x34b ./emlib/em_rtc.o
 .debug_line    0x00002c26      0x5c5 ./emlib/em_usart.o
 .debug_line    0x000031eb      0x689 ./emlib/rtcdriver.o
 .debug_line    0x00003874      0xdeb ./emlib/spidrv.o
 .debug_line    0x0000465f       0xd3 ./CMSIS/EFM32WG/startup_efm32wg.o
 .debug_line    0x00004732      0x38a ./CMSIS/EFM32WG/system_efm32wg.o

.debug_str      0x00000000     0x3eb0
 .debug_str     0x00000000     0x1a6f ./src/main.o
                               0x1afd (size before relaxing)
 .debug_str     0x00001a6f       0x4d ./emlib/dmactrl.o
                                0x24e (size before relaxing)
 .debug_str     0x00001abc      0x650 ./emlib/dmadrv.o
                               0x1714 (size before relaxing)
 .debug_str     0x0000210c      0x8b5 ./emlib/em_cmu.o
                                0xdbb (size before relaxing)
 .debug_str     0x000029c1      0x30f ./emlib/em_core.o
                                0x875 (size before relaxing)
 .debug_str     0x00002cd0      0x2cf ./emlib/em_dma.o
                                0xdae (size before relaxing)
 .debug_str     0x00002f9f      0x155 ./emlib/em_gpio.o
                                0x61a (size before relaxing)
 .debug_str     0x000030f4       0xbe ./emlib/em_rtc.o
                                0x300 (size before relaxing)
 .debug_str     0x000031b2      0x5a4 ./emlib/em_usart.o
                                0xe1c (size before relaxing)
 .debug_str     0x00003756      0x2e0 ./emlib/rtcdriver.o
                                0xbf4 (size before relaxing)
 .debug_str     0x00003a36      0x30d ./emlib/spidrv.o
                               0x1c79 (size before relaxing)
 .debug_str     0x00003d43      0x16d ./CMSIS/EFM32WG/system_efm32wg.o
                                0x542 (size before relaxing)

.debug_frame    0x00000000     0x2370
 .debug_frame   0x00000000      0x210 ./src/main.o
 .debug_frame   0x00000210      0x2f0 ./emlib/dmadrv.o
 .debug_frame   0x00000500      0x608 ./emlib/em_cmu.o
 .debug_frame   0x00000b08      0x3dc ./emlib/em_core.o
 .debug_frame   0x00000ee4      0x340 ./emlib/em_dma.o
 .debug_frame   0x00001224      0x1c0 ./emlib/em_gpio.o
 .debug_frame   0x000013e4      0x138 ./emlib/em_rtc.o
 .debug_frame   0x0000151c      0x310 ./emlib/em_usart.o
 .debug_frame   0x0000182c      0x354 ./emlib/rtcdriver.o
 .debug_frame   0x00001b80      0x500 ./emlib/spidrv.o
 .debug_frame   0x00002080      0x180 ./CMSIS/EFM32WG/system_efm32wg.o
 .debug_frame   0x00002200       0x28 c:/siliconlabs/simplicitystudio/v4/developer/toolchains/gnu_arm/4.9_2015q3/bin/../lib/gcc/arm-none-eabi/4.9.3/armv7e-m/softfp\libgcc.a(_aeabi_uldivmod.o)
 .debug_frame   0x00002228       0x50 c:/siliconlabs/simplicitystudio/v4/developer/toolchains/gnu_arm/4.9_2015q3/bin/../lib/gcc/arm-none-eabi/4.9.3/armv7e-m/softfp\libgcc.a(bpabi.o)
 .debug_frame   0x00002278       0x34 c:/siliconlabs/simplicitystudio/v4/developer/toolchains/gnu_arm/4.9_2015q3/bin/../lib/gcc/arm-none-eabi/4.9.3/armv7e-m/softfp\libgcc.a(_divdi3.o)
 .debug_frame   0x000022ac       0x30 c:/siliconlabs/simplicitystudio/v4/developer/toolchains/gnu_arm/4.9_2015q3/bin/../lib/gcc/arm-none-eabi/4.9.3/armv7e-m/softfp\libgcc.a(_udivdi3.o)
 .debug_frame   0x000022dc       0x28 c:/siliconlabs/simplicitystudio/v4/developer/toolchains/gnu_arm/4.9_2015q3/bin/../lib/gcc/arm-none-eabi/4.9.3/../../../../arm-none-eabi/lib/armv7e-m/softfp\libc_nano.a(lib_a-exit.o)
 .debug_frame   0x00002304       0x2c c:/siliconlabs/simplicitystudio/v4/developer/toolchains/gnu_arm/4.9_2015q3/bin/../lib/gcc/arm-none-eabi/4.9.3/../../../../arm-none-eabi/lib/armv7e-m/softfp\libc_nano.a(lib_a-init.o)
 .debug_frame   0x00002330       0x20 c:/siliconlabs/simplicitystudio/v4/developer/toolchains/gnu_arm/4.9_2015q3/bin/../lib/gcc/arm-none-eabi/4.9.3/../../../../arm-none-eabi/lib/armv7e-m/softfp\libc_nano.a(lib_a-memset.o)
 .debug_frame   0x00002350       0x20 c:/siliconlabs/simplicitystudio/v4/developer/toolchains/gnu_arm/4.9_2015q3/bin/../lib/gcc/arm-none-eabi/4.9.3/../../../../arm-none-eabi/lib/armv7e-m/softfp\libnosys.a(_exit.o)
