Archive member included because of file (symbol)

c:/siliconlabs/simplicitystudio/v4/developer/toolchains/gnu_arm/4.9_2015q3/bin/../lib/gcc/arm-none-eabi/4.9.3/armv7e-m/softfp\libgcc.a(_aeabi_uldivmod.o)
                              ./emlib/em_usart.o (__aeabi_uldivmod)
c:/siliconlabs/simplicitystudio/v4/developer/toolchains/gnu_arm/4.9_2015q3/bin/../lib/gcc/arm-none-eabi/4.9.3/armv7e-m/softfp\libgcc.a(bpabi.o)
                              c:/siliconlabs/simplicitystudio/v4/developer/toolchains/gnu_arm/4.9_2015q3/bin/../lib/gcc/arm-none-eabi/4.9.3/armv7e-m/softfp\libgcc.a(_aeabi_uldivmod.o) (__gnu_uldivmod_helper)
c:/siliconlabs/simplicitystudio/v4/developer/toolchains/gnu_arm/4.9_2015q3/bin/../lib/gcc/arm-none-eabi/4.9.3/armv7e-m/softfp\libgcc.a(_dvmd_tls.o)
                              c:/siliconlabs/simplicitystudio/v4/developer/toolchains/gnu_arm/4.9_2015q3/bin/../lib/gcc/arm-none-eabi/4.9.3/armv7e-m/softfp\libgcc.a(_aeabi_uldivmod.o) (__aeabi_ldiv0)
c:/siliconlabs/simplicitystudio/v4/developer/toolchains/gnu_arm/4.9_2015q3/bin/../lib/gcc/arm-none-eabi/4.9.3/armv7e-m/softfp\libgcc.a(_divdi3.o)
                              c:/siliconlabs/simplicitystudio/v4/developer/toolchains/gnu_arm/4.9_2015q3/bin/../lib/gcc/arm-none-eabi/4.9.3/armv7e-m/softfp\libgcc.a(bpabi.o) (__divdi3)
c:/siliconlabs/simplicitystudio/v4/developer/toolchains/gnu_arm/4.9_2015q3/bin/../lib/gcc/arm-none-eabi/4.9.3/armv7e-m/softfp\libgcc.a(_udivdi3.o)
                              c:/siliconlabs/simplicitystudio/v4/developer/toolchains/gnu_arm/4.9_2015q3/bin/../lib/gcc/arm-none-eabi/4.9.3/armv7e-m/softfp\libgcc.a(bpabi.o) (__udivdi3)
c:/siliconlabs/simplicitystudio/v4/developer/toolchains/gnu_arm/4.9_2015q3/bin/../lib/gcc/arm-none-eabi/4.9.3/../../../../arm-none-eabi/lib/armv7e-m/softfp\libc_nano.a(lib_a-exit.o)
                              c:/siliconlabs/simplicitystudio/v4/developer/toolchains/gnu_arm/4.9_2015q3/bin/../lib/gcc/arm-none-eabi/4.9.3/../../../../arm-none-eabi/lib/armv7e-m/softfp/crt0.o (exit)
c:/siliconlabs/simplicitystudio/v4/developer/toolchains/gnu_arm/4.9_2015q3/bin/../lib/gcc/arm-none-eabi/4.9.3/../../../../arm-none-eabi/lib/armv7e-m/softfp\libc_nano.a(lib_a-impure.o)
                              c:/siliconlabs/simplicitystudio/v4/developer/toolchains/gnu_arm/4.9_2015q3/bin/../lib/gcc/arm-none-eabi/4.9.3/../../../../arm-none-eabi/lib/armv7e-m/softfp\libc_nano.a(lib_a-exit.o) (_global_impure_ptr)
c:/siliconlabs/simplicitystudio/v4/developer/toolchains/gnu_arm/4.9_2015q3/bin/../lib/gcc/arm-none-eabi/4.9.3/../../../../arm-none-eabi/lib/armv7e-m/softfp\libc_nano.a(lib_a-init.o)
                              c:/siliconlabs/simplicitystudio/v4/developer/toolchains/gnu_arm/4.9_2015q3/bin/../lib/gcc/arm-none-eabi/4.9.3/../../../../arm-none-eabi/lib/armv7e-m/softfp/crt0.o (__libc_init_array)
c:/siliconlabs/simplicitystudio/v4/developer/toolchains/gnu_arm/4.9_2015q3/bin/../lib/gcc/arm-none-eabi/4.9.3/../../../../arm-none-eabi/lib/armv7e-m/softfp\libc_nano.a(lib_a-memcpy.o)
                              ./emlib/uartdrv.o (memcpy)
c:/siliconlabs/simplicitystudio/v4/developer/toolchains/gnu_arm/4.9_2015q3/bin/../lib/gcc/arm-none-eabi/4.9.3/../../../../arm-none-eabi/lib/armv7e-m/softfp\libc_nano.a(lib_a-memset.o)
                              c:/siliconlabs/simplicitystudio/v4/developer/toolchains/gnu_arm/4.9_2015q3/bin/../lib/gcc/arm-none-eabi/4.9.3/../../../../arm-none-eabi/lib/armv7e-m/softfp/crt0.o (memset)
c:/siliconlabs/simplicitystudio/v4/developer/toolchains/gnu_arm/4.9_2015q3/bin/../lib/gcc/arm-none-eabi/4.9.3/../../../../arm-none-eabi/lib/armv7e-m/softfp\libnosys.a(_exit.o)
                              c:/siliconlabs/simplicitystudio/v4/developer/toolchains/gnu_arm/4.9_2015q3/bin/../lib/gcc/arm-none-eabi/4.9.3/../../../../arm-none-eabi/lib/armv7e-m/softfp\libc_nano.a(lib_a-exit.o) (_exit)

Allocating common symbols
Common symbol       size              file

spi_handleData      0x58              ./src/main.o
rtc_id              0x4               ./src/main.o
max_reg_buffer      0x30              ./src/main.o
spi_rx_buffer       0x15              ./src/main.o
dmaControlBlock     0x200             ./emlib/dmactrl.o
spi_tx_buffer       0x1               ./src/main.o
spi_tx_config_buffer
                    0x3               ./src/main.o
uart_handleData     0x34              ./src/main.o

Discarded input sections

 .text          0x00000000        0x0 c:/siliconlabs/simplicitystudio/v4/developer/toolchains/gnu_arm/4.9_2015q3/bin/../lib/gcc/arm-none-eabi/4.9.3/armv7e-m/softfp/crti.o
 .data          0x00000000        0x0 c:/siliconlabs/simplicitystudio/v4/developer/toolchains/gnu_arm/4.9_2015q3/bin/../lib/gcc/arm-none-eabi/4.9.3/armv7e-m/softfp/crti.o
 .bss           0x00000000        0x0 c:/siliconlabs/simplicitystudio/v4/developer/toolchains/gnu_arm/4.9_2015q3/bin/../lib/gcc/arm-none-eabi/4.9.3/armv7e-m/softfp/crti.o
 .data          0x00000000        0x4 c:/siliconlabs/simplicitystudio/v4/developer/toolchains/gnu_arm/4.9_2015q3/bin/../lib/gcc/arm-none-eabi/4.9.3/armv7e-m/softfp/crtbegin.o
 .data          0x00000000        0x0 c:/siliconlabs/simplicitystudio/v4/developer/toolchains/gnu_arm/4.9_2015q3/bin/../lib/gcc/arm-none-eabi/4.9.3/../../../../arm-none-eabi/lib/armv7e-m/softfp/crt0.o
 .bss           0x00000000        0x0 c:/siliconlabs/simplicitystudio/v4/developer/toolchains/gnu_arm/4.9_2015q3/bin/../lib/gcc/arm-none-eabi/4.9.3/../../../../arm-none-eabi/lib/armv7e-m/softfp/crt0.o
 .ARM.extab     0x00000000        0x0 c:/siliconlabs/simplicitystudio/v4/developer/toolchains/gnu_arm/4.9_2015q3/bin/../lib/gcc/arm-none-eabi/4.9.3/../../../../arm-none-eabi/lib/armv7e-m/softfp/crt0.o
 .text          0x00000000        0x0 ./src/main.o
 .data          0x00000000        0x0 ./src/main.o
 .bss           0x00000000        0x0 ./src/main.o
 .text.int32_2hex
                0x00000000      0x1ac ./src/main.o
 .text.lutHexString
                0x00000000       0x88 ./src/main.o
 .text.callback_UARTRX
                0x00000000       0x18 ./src/main.o
 .rodata.digitsLowerAlpha.7940
                0x00000000      0x201 ./src/main.o
 .rodata.digits.7939
                0x00000000      0x201 ./src/main.o
 .text          0x00000000        0x0 ./emlib/dmactrl.o
 .data          0x00000000        0x0 ./emlib/dmactrl.o
 .bss           0x00000000        0x0 ./emlib/dmactrl.o
 .text          0x00000000        0x0 ./emlib/dmadrv.o
 .data          0x00000000        0x0 ./emlib/dmadrv.o
 .bss           0x00000000        0x0 ./emlib/dmadrv.o
 .text.NVIC_DisableIRQ
                0x00000000       0x34 ./emlib/dmadrv.o
 .text.DMADRV_DeInit
                0x00000000       0xa0 ./emlib/dmadrv.o
 .text.DMADRV_FreeChannel
                0x00000000       0x84 ./emlib/dmadrv.o
 .text.DMADRV_MemoryPeripheralPingPong
                0x00000000       0x48 ./emlib/dmadrv.o
 .text.DMADRV_PeripheralMemoryPingPong
                0x00000000       0x48 ./emlib/dmadrv.o
 .text.DMADRV_StopTransfer
                0x00000000       0x6c ./emlib/dmadrv.o
 .text.DMADRV_TransferCompletePending
                0x00000000       0x98 ./emlib/dmadrv.o
 .text.DMADRV_TransferDone
                0x00000000       0xc4 ./emlib/dmadrv.o
 .text.DMADRV_TransferRemainingCount
                0x00000000       0xc8 ./emlib/dmadrv.o
 .text          0x00000000        0x0 ./emlib/em_cmu.o
 .data          0x00000000        0x0 ./emlib/em_cmu.o
 .bss           0x00000000        0x0 ./emlib/em_cmu.o
 .text.BUS_RegMaskedWrite
                0x00000000       0x28 ./emlib/em_cmu.o
 .text.CMU_Log2ToDiv
                0x00000000       0x1c ./emlib/em_cmu.o
 .text.CMU_AUXHFRCOBandGet
                0x00000000       0x20 ./emlib/em_cmu.o
 .text.CMU_AUXHFRCOBandSet
                0x00000000       0xb0 ./emlib/em_cmu.o
 .text.CMU_Calibrate
                0x00000000       0x88 ./emlib/em_cmu.o
 .text.CMU_CalibrateConfig
                0x00000000       0xd8 ./emlib/em_cmu.o
 .text.CMU_CalibrateCountGet
                0x00000000       0x38 ./emlib/em_cmu.o
 .text.CMU_ClockDivGet
                0x00000000      0x174 ./emlib/em_cmu.o
 .text.CMU_FreezeEnable
                0x00000000       0x38 ./emlib/em_cmu.o
 .text.CMU_HFRCOBandGet
                0x00000000       0x20 ./emlib/em_cmu.o
 .text.CMU_HFRCOBandSet
                0x00000000       0xe0 ./emlib/em_cmu.o
 .text.CMU_HFRCOStartupDelayGet
                0x00000000       0x1c ./emlib/em_cmu.o
 .text.CMU_HFRCOStartupDelaySet
                0x00000000       0x30 ./emlib/em_cmu.o
 .text.CMU_HFXOInit
                0x00000000       0x58 ./emlib/em_cmu.o
 .text.CMU_LCDClkFDIVGet
                0x00000000       0x1c ./emlib/em_cmu.o
 .text.CMU_LCDClkFDIVSet
                0x00000000       0x3c ./emlib/em_cmu.o
 .text.CMU_LFXOInit
                0x00000000       0x58 ./emlib/em_cmu.o
 .text.CMU_OscillatorTuningGet
                0x00000000       0x50 ./emlib/em_cmu.o
 .text.CMU_OscillatorTuningSet
                0x00000000       0x74 ./emlib/em_cmu.o
 .text.CMU_PCNTClockExternalGet
                0x00000000       0x60 ./emlib/em_cmu.o
 .text.CMU_PCNTClockExternalSet
                0x00000000       0x34 ./emlib/em_cmu.o
 .text          0x00000000        0x0 ./emlib/em_core.o
 .data          0x00000000        0x0 ./emlib/em_core.o
 .bss           0x00000000        0x0 ./emlib/em_core.o
 .text.CORE_CriticalDisableIrq
                0x00000000       0x10 ./emlib/em_core.o
 .text.CORE_CriticalEnableIrq
                0x00000000       0x10 ./emlib/em_core.o
 .text.CORE_EnterCritical
                0x00000000       0x20 ./emlib/em_core.o
 .text.CORE_ExitCritical
                0x00000000       0x1c ./emlib/em_core.o
 .text.CORE_YieldCritical
                0x00000000       0x24 ./emlib/em_core.o
 .text.CORE_AtomicDisableIrq
                0x00000000       0x10 ./emlib/em_core.o
 .text.CORE_AtomicEnableIrq
                0x00000000       0x10 ./emlib/em_core.o
 .text.CORE_YieldAtomic
                0x00000000       0x24 ./emlib/em_core.o
 .text.CORE_EnterNvicMask
                0x00000000       0x38 ./emlib/em_core.o
 .text.CORE_NvicDisableMask
                0x00000000       0x2c ./emlib/em_core.o
 .text.CORE_NvicEnableMask
                0x00000000       0x2c ./emlib/em_core.o
 .text.CORE_YieldNvicMask
                0x00000000       0x88 ./emlib/em_core.o
 .text.CORE_NvicMaskSetIRQ
                0x00000000       0x58 ./emlib/em_core.o
 .text.CORE_NvicMaskClearIRQ
                0x00000000       0x58 ./emlib/em_core.o
 .text.CORE_InIrqContext
                0x00000000       0x24 ./emlib/em_core.o
 .text.CORE_IrqIsDisabled
                0x00000000       0x28 ./emlib/em_core.o
 .text.CORE_GetNvicEnabledMask
                0x00000000       0x2c ./emlib/em_core.o
 .text.CORE_GetNvicMaskDisableState
                0x00000000       0x54 ./emlib/em_core.o
 .text.CORE_GetNvicRamTableHandler
                0x00000000       0x40 ./emlib/em_core.o
 .text.CORE_SetNvicRamTableHandler
                0x00000000       0x44 ./emlib/em_core.o
 .text.CORE_InitNvicVectorTable
                0x00000000       0xc8 ./emlib/em_core.o
 .text          0x00000000        0x0 ./emlib/em_dma.o
 .data          0x00000000        0x0 ./emlib/em_dma.o
 .bss           0x00000000        0x0 ./emlib/em_dma.o
 .text.DMA_ActivateAuto
                0x00000000       0x48 ./emlib/em_dma.o
 .text.DMA_ActivateScatterGather
                0x00000000      0x14c ./emlib/em_dma.o
 .text.DMA_CfgLoop
                0x00000000       0x58 ./emlib/em_dma.o
 .text.DMA_CfgRect
                0x00000000       0x38 ./emlib/em_dma.o
 .text.DMA_CfgDescrScatterGather
                0x00000000       0xd4 ./emlib/em_dma.o
 .text.DMA_ChannelEnable
                0x00000000       0x3c ./emlib/em_dma.o
 .text          0x00000000        0x0 ./emlib/em_emu.o
 .data          0x00000000        0x0 ./emlib/em_emu.o
 .bss           0x00000000        0x0 ./emlib/em_emu.o
 .text.SystemCoreClockUpdate
                0x00000000        0xc ./emlib/em_emu.o
 .text.BUS_RegBitWrite
                0x00000000       0x2c ./emlib/em_emu.o
 .text.EMU_BUPinEnable
                0x00000000       0x20 ./emlib/em_emu.o
 .text.EMU_Unlock
                0x00000000       0x18 ./emlib/em_emu.o
 .text.CMU_Lock
                0x00000000       0x18 ./emlib/em_emu.o
 .text.CMU_Unlock
                0x00000000       0x1c ./emlib/em_emu.o
 .text.emState  0x00000000       0xd0 ./emlib/em_emu.o
 .text.getErrataFixEmuE107En
                0x00000000       0x58 ./emlib/em_emu.o
 .text.EMU_EnterEM2
                0x00000000       0x8c ./emlib/em_emu.o
 .text.EMU_EnterEM3
                0x00000000       0xb4 ./emlib/em_emu.o
 .text.EMU_Save
                0x00000000        0xc ./emlib/em_emu.o
 .text.EMU_Restore
                0x00000000        0xc ./emlib/em_emu.o
 .text.EMU_EnterEM4
                0x00000000       0x50 ./emlib/em_emu.o
 .text.EMU_MemPwrDown
                0x00000000       0x14 ./emlib/em_emu.o
 .text.EMU_RamPowerDown
                0x00000000       0x28 ./emlib/em_emu.o
 .text.EMU_UpdateOscConfig
                0x00000000        0xc ./emlib/em_emu.o
 .text.EMU_EM23Init
                0x00000000       0x34 ./emlib/em_emu.o
 .text.EMU_EM4Init
                0x00000000       0x50 ./emlib/em_emu.o
 .text.EMU_BUPDInit
                0x00000000       0xd4 ./emlib/em_emu.o
 .text.EMU_BUThresholdSet
                0x00000000       0x4c ./emlib/em_emu.o
 .text.EMU_BUThresRangeSet
                0x00000000       0x50 ./emlib/em_emu.o
 .bss.cmuStatus.5848
                0x00000000        0x4 ./emlib/em_emu.o
 .bss.hfClock.5849
                0x00000000        0x1 ./emlib/em_emu.o
 .debug_info    0x00000000     0x102c ./emlib/em_emu.o
 .debug_abbrev  0x00000000      0x270 ./emlib/em_emu.o
 .debug_loc     0x00000000      0x63c ./emlib/em_emu.o
 .debug_aranges
                0x00000000       0xc0 ./emlib/em_emu.o
 .debug_ranges  0x00000000       0xb0 ./emlib/em_emu.o
 .debug_line    0x00000000      0x54e ./emlib/em_emu.o
 .debug_str     0x00000000      0xc04 ./emlib/em_emu.o
 .comment       0x00000000       0x71 ./emlib/em_emu.o
 .debug_frame   0x00000000      0x2f8 ./emlib/em_emu.o
 .ARM.attributes
                0x00000000       0x37 ./emlib/em_emu.o
 .text          0x00000000        0x0 ./emlib/em_gpio.o
 .data          0x00000000        0x0 ./emlib/em_gpio.o
 .bss           0x00000000        0x0 ./emlib/em_gpio.o
 .text.GPIO_EM4SetPinRetention
                0x00000000       0x40 ./emlib/em_gpio.o
 .text.GPIO_DbgLocationSet
                0x00000000       0x2c ./emlib/em_gpio.o
 .text.GPIO_DriveModeSet
                0x00000000       0x70 ./emlib/em_gpio.o
 .text.GPIO_PinModeGet
                0x00000000       0x8c ./emlib/em_gpio.o
 .text.GPIO_EM4EnablePinWakeup
                0x00000000       0x58 ./emlib/em_gpio.o
 .text          0x00000000        0x0 ./emlib/em_rtc.o
 .data          0x00000000        0x0 ./emlib/em_rtc.o
 .bss           0x00000000        0x0 ./emlib/em_rtc.o
 .text.RTC_FreezeEnable
                0x00000000       0x2c ./emlib/em_rtc.o
 .text.RTC_Reset
                0x00000000       0x34 ./emlib/em_rtc.o
 .text          0x00000000        0x0 ./emlib/em_system.o
 .data          0x00000000        0x0 ./emlib/em_system.o
 .bss           0x00000000        0x0 ./emlib/em_system.o
 .text.SYSTEM_ChipRevisionGet
                0x00000000       0x74 ./emlib/em_system.o
 .text.SYSTEM_GetCalibrationValue
                0x00000000       0x5c ./emlib/em_system.o
 .debug_info    0x00000000      0x272 ./emlib/em_system.o
 .debug_abbrev  0x00000000      0x107 ./emlib/em_system.o
 .debug_loc     0x00000000       0xb8 ./emlib/em_system.o
 .debug_aranges
                0x00000000       0x28 ./emlib/em_system.o
 .debug_ranges  0x00000000       0x18 ./emlib/em_system.o
 .debug_line    0x00000000      0x310 ./emlib/em_system.o
 .debug_str     0x00000000      0x309 ./emlib/em_system.o
 .comment       0x00000000       0x71 ./emlib/em_system.o
 .debug_frame   0x00000000       0x60 ./emlib/em_system.o
 .ARM.attributes
                0x00000000       0x37 ./emlib/em_system.o
 .text          0x00000000        0x0 ./emlib/em_usart.o
 .data          0x00000000        0x0 ./emlib/em_usart.o
 .bss           0x00000000        0x0 ./emlib/em_usart.o
 .text.USART_BaudrateCalc
                0x00000000      0x124 ./emlib/em_usart.o
 .text.USART_BaudrateGet
                0x00000000       0x50 ./emlib/em_usart.o
 .text.USARTn_InitIrDA
                0x00000000       0x70 ./emlib/em_usart.o
 .text.USART_InitI2s
                0x00000000       0x94 ./emlib/em_usart.o
 .text.USART_InitPrsTrigger
                0x00000000       0x60 ./emlib/em_usart.o
 .text.USART_Rx
                0x00000000       0x28 ./emlib/em_usart.o
 .text.USART_RxDouble
                0x00000000       0x28 ./emlib/em_usart.o
 .text.USART_RxDoubleExt
                0x00000000       0x28 ./emlib/em_usart.o
 .text.USART_RxExt
                0x00000000       0x28 ./emlib/em_usart.o
 .text.USART_SpiTransfer
                0x00000000       0x40 ./emlib/em_usart.o
 .text.USART_TxDouble
                0x00000000       0x2c ./emlib/em_usart.o
 .text.USART_TxDoubleExt
                0x00000000       0x28 ./emlib/em_usart.o
 .text.USART_TxExt
                0x00000000       0x2c ./emlib/em_usart.o
 .text          0x00000000        0x0 ./emlib/rtcdriver.o
 .data          0x00000000        0x0 ./emlib/rtcdriver.o
 .bss           0x00000000        0x0 ./emlib/rtcdriver.o
 .text.NVIC_DisableIRQ
                0x00000000       0x34 ./emlib/rtcdriver.o
 .text.RTCDRV_Delay
                0x00000000       0x80 ./emlib/rtcdriver.o
 .text.RTCDRV_FreeTimer
                0x00000000       0x58 ./emlib/rtcdriver.o
 .text.RTCDRV_DeInit
                0x00000000       0x40 ./emlib/rtcdriver.o
 .text.RTCDRV_IsRunning
                0x00000000       0x80 ./emlib/rtcdriver.o
 .text.RTCDRV_TimeRemaining
                0x00000000      0x164 ./emlib/rtcdriver.o
 .text.delayTicks
                0x00000000       0x34 ./emlib/rtcdriver.o
 .text          0x00000000        0x0 ./emlib/spidrv.o
 .data          0x00000000        0x0 ./emlib/spidrv.o
 .bss           0x00000000        0x0 ./emlib/spidrv.o
 .text.BUS_RegBitRead
                0x00000000       0x2c ./emlib/spidrv.o
 .text.GPIO_PinInGet
                0x00000000       0x54 ./emlib/spidrv.o
 .text.SPIDRV_DeInit
                0x00000000       0x88 ./emlib/spidrv.o
 .text.SPIDRV_AbortTransfer
                0x00000000       0xb8 ./emlib/spidrv.o
 .text.SPIDRV_GetBitrate
                0x00000000       0x40 ./emlib/spidrv.o
 .text.SPIDRV_GetFramelength
                0x00000000       0x3c ./emlib/spidrv.o
 .text.SPIDRV_GetTransferStatus
                0x00000000       0x7c ./emlib/spidrv.o
 .text.SPIDRV_MReceive
                0x00000000       0x4c ./emlib/spidrv.o
 .text.SPIDRV_MReceiveB
                0x00000000       0x54 ./emlib/spidrv.o
 .text.SPIDRV_MTransfer
                0x00000000       0x5c ./emlib/spidrv.o
 .text.SPIDRV_MTransferSingleItemB
                0x00000000       0x94 ./emlib/spidrv.o
 .text.SPIDRV_MTransmit
                0x00000000       0x4c ./emlib/spidrv.o
 .text.SPIDRV_SetBitrate
                0x00000000       0x5c ./emlib/spidrv.o
 .text.SPIDRV_SetFramelength
                0x00000000       0x80 ./emlib/spidrv.o
 .text.SPIDRV_SReceive
                0x00000000       0x84 ./emlib/spidrv.o
 .text.SPIDRV_SReceiveB
                0x00000000       0x90 ./emlib/spidrv.o
 .text.SPIDRV_STransfer
                0x00000000       0x94 ./emlib/spidrv.o
 .text.SPIDRV_STransferB
                0x00000000       0xa0 ./emlib/spidrv.o
 .text.SPIDRV_STransmit
                0x00000000       0x84 ./emlib/spidrv.o
 .text.SPIDRV_STransmitB
                0x00000000       0x90 ./emlib/spidrv.o
 .text.SlaveTimeout
                0x00000000       0xa8 ./emlib/spidrv.o
 .text.StartReceiveDMA
                0x00000000       0xc8 ./emlib/spidrv.o
 .text.TransferApiPrologue
                0x00000000       0x70 ./emlib/spidrv.o
 .text.WaitForIdleLine
                0x00000000       0x4c ./emlib/spidrv.o
 .text          0x00000000        0x0 ./emlib/uartdrv.o
 .data          0x00000000        0x0 ./emlib/uartdrv.o
 .bss           0x00000000        0x0 ./emlib/uartdrv.o
 .text.LEUART_IntClear
                0x00000000       0x1c ./emlib/uartdrv.o
 .text.EMU_EnterEM1
                0x00000000       0x20 ./emlib/uartdrv.o
 .text.EnableReceiver
                0x00000000       0x88 ./emlib/uartdrv.o
 .text.DisableReceiver
                0x00000000       0x68 ./emlib/uartdrv.o
 .text.StartReceiveDma
                0x00000000       0x7c ./emlib/uartdrv.o
 .text.ReceiveDmaComplete
                0x00000000      0x198 ./emlib/uartdrv.o
 .text.SetupGpioLeuart
                0x00000000      0x1e4 ./emlib/uartdrv.o
 .text.UARTDRV_InitLeuart
                0x00000000      0x274 ./emlib/uartdrv.o
 .text.UARTDRV_DeInit
                0x00000000       0xec ./emlib/uartdrv.o
 .text.UARTDRV_Abort
                0x00000000      0x1c8 ./emlib/uartdrv.o
 .text.UARTDRV_GetPeripheralStatus
                0x00000000       0xd0 ./emlib/uartdrv.o
 .text.UARTDRV_GetReceiveDepth
                0x00000000       0x20 ./emlib/uartdrv.o
 .text.UARTDRV_GetReceiveStatus
                0x00000000       0x94 ./emlib/uartdrv.o
 .text.UARTDRV_GetTransmitDepth
                0x00000000       0x20 ./emlib/uartdrv.o
 .text.UARTDRV_GetTransmitStatus
                0x00000000       0x94 ./emlib/uartdrv.o
 .text.UARTDRV_FlowControlSet
                0x00000000       0x40 ./emlib/uartdrv.o
 .text.UARTDRV_FlowControlSetPeerStatus
                0x00000000       0x58 ./emlib/uartdrv.o
 .text.UARTDRV_FlowControlGetPeerStatus
                0x00000000       0x18 ./emlib/uartdrv.o
 .text.UARTDRV_FlowControlGetSelfStatus
                0x00000000       0x18 ./emlib/uartdrv.o
 .text.UARTDRV_FlowControlIgnoreRestrain
                0x00000000       0x20 ./emlib/uartdrv.o
 .text.UARTDRV_ForceReceive
                0x00000000      0x110 ./emlib/uartdrv.o
 .text.UARTDRV_Receive
                0x00000000       0xa0 ./emlib/uartdrv.o
 .text.UARTDRV_ReceiveB
                0x00000000       0xb4 ./emlib/uartdrv.o
 .text.UARTDRV_TransmitB
                0x00000000       0xa0 ./emlib/uartdrv.o
 .data          0x00000000        0x0 ./CMSIS/EFM32WG/startup_efm32wg.o
 .bss           0x00000000        0x0 ./CMSIS/EFM32WG/startup_efm32wg.o
 .text          0x00000000        0x0 ./CMSIS/EFM32WG/system_efm32wg.o
 .data          0x00000000        0x0 ./CMSIS/EFM32WG/system_efm32wg.o
 .bss           0x00000000        0x0 ./CMSIS/EFM32WG/system_efm32wg.o
 .text.SystemHFXOClockSet
                0x00000000       0x2c ./CMSIS/EFM32WG/system_efm32wg.o
 .text.SystemLFXOClockSet
                0x00000000       0x2c ./CMSIS/EFM32WG/system_efm32wg.o
 .text          0x00000000        0x0 ./emlib/em_leuart.o
 .data          0x00000000        0x0 ./emlib/em_leuart.o
 .bss           0x00000000        0x0 ./emlib/em_leuart.o
 .text.LEUART_BaudrateCalc
                0x00000000       0x5c ./emlib/em_leuart.o
 .text.LEUART_BaudrateGet
                0x00000000       0x58 ./emlib/em_leuart.o
 .text.LEUART_BaudrateSet
                0x00000000       0x80 ./emlib/em_leuart.o
 .text.LEUART_Enable
                0x00000000       0x58 ./emlib/em_leuart.o
 .text.LEUART_FreezeEnable
                0x00000000       0x34 ./emlib/em_leuart.o
 .text.LEUART_Init
                0x00000000       0x84 ./emlib/em_leuart.o
 .text.LEUART_Reset
                0x00000000       0x70 ./emlib/em_leuart.o
 .text.LEUART_Rx
                0x00000000       0x28 ./emlib/em_leuart.o
 .text.LEUART_RxExt
                0x00000000       0x28 ./emlib/em_leuart.o
 .text.LEUART_TxExt
                0x00000000       0x30 ./emlib/em_leuart.o
 .text.LEUART_TxDmaInEM2Enable
                0x00000000       0x3c ./emlib/em_leuart.o
 .text.LEUART_RxDmaInEM2Enable
                0x00000000       0x3c ./emlib/em_leuart.o
 .text          0x00000000        0x0 ./emlib/gpiointerrupt.o
 .data          0x00000000        0x0 ./emlib/gpiointerrupt.o
 .bss           0x00000000        0x0 ./emlib/gpiointerrupt.o
 .data          0x00000000        0x0 c:/siliconlabs/simplicitystudio/v4/developer/toolchains/gnu_arm/4.9_2015q3/bin/../lib/gcc/arm-none-eabi/4.9.3/armv7e-m/softfp\libgcc.a(_aeabi_uldivmod.o)
 .bss           0x00000000        0x0 c:/siliconlabs/simplicitystudio/v4/developer/toolchains/gnu_arm/4.9_2015q3/bin/../lib/gcc/arm-none-eabi/4.9.3/armv7e-m/softfp\libgcc.a(_aeabi_uldivmod.o)
 .data          0x00000000        0x0 c:/siliconlabs/simplicitystudio/v4/developer/toolchains/gnu_arm/4.9_2015q3/bin/../lib/gcc/arm-none-eabi/4.9.3/armv7e-m/softfp\libgcc.a(bpabi.o)
 .bss           0x00000000        0x0 c:/siliconlabs/simplicitystudio/v4/developer/toolchains/gnu_arm/4.9_2015q3/bin/../lib/gcc/arm-none-eabi/4.9.3/armv7e-m/softfp\libgcc.a(bpabi.o)
 .data          0x00000000        0x0 c:/siliconlabs/simplicitystudio/v4/developer/toolchains/gnu_arm/4.9_2015q3/bin/../lib/gcc/arm-none-eabi/4.9.3/armv7e-m/softfp\libgcc.a(_dvmd_tls.o)
 .bss           0x00000000        0x0 c:/siliconlabs/simplicitystudio/v4/developer/toolchains/gnu_arm/4.9_2015q3/bin/../lib/gcc/arm-none-eabi/4.9.3/armv7e-m/softfp\libgcc.a(_dvmd_tls.o)
 .data          0x00000000        0x0 c:/siliconlabs/simplicitystudio/v4/developer/toolchains/gnu_arm/4.9_2015q3/bin/../lib/gcc/arm-none-eabi/4.9.3/armv7e-m/softfp\libgcc.a(_divdi3.o)
 .bss           0x00000000        0x0 c:/siliconlabs/simplicitystudio/v4/developer/toolchains/gnu_arm/4.9_2015q3/bin/../lib/gcc/arm-none-eabi/4.9.3/armv7e-m/softfp\libgcc.a(_divdi3.o)
 .ARM.extab     0x00000000        0x0 c:/siliconlabs/simplicitystudio/v4/developer/toolchains/gnu_arm/4.9_2015q3/bin/../lib/gcc/arm-none-eabi/4.9.3/armv7e-m/softfp\libgcc.a(_divdi3.o)
 .data          0x00000000        0x0 c:/siliconlabs/simplicitystudio/v4/developer/toolchains/gnu_arm/4.9_2015q3/bin/../lib/gcc/arm-none-eabi/4.9.3/armv7e-m/softfp\libgcc.a(_udivdi3.o)
 .bss           0x00000000        0x0 c:/siliconlabs/simplicitystudio/v4/developer/toolchains/gnu_arm/4.9_2015q3/bin/../lib/gcc/arm-none-eabi/4.9.3/armv7e-m/softfp\libgcc.a(_udivdi3.o)
 .ARM.extab     0x00000000        0x0 c:/siliconlabs/simplicitystudio/v4/developer/toolchains/gnu_arm/4.9_2015q3/bin/../lib/gcc/arm-none-eabi/4.9.3/armv7e-m/softfp\libgcc.a(_udivdi3.o)
 .text          0x00000000        0x0 c:/siliconlabs/simplicitystudio/v4/developer/toolchains/gnu_arm/4.9_2015q3/bin/../lib/gcc/arm-none-eabi/4.9.3/../../../../arm-none-eabi/lib/armv7e-m/softfp\libc_nano.a(lib_a-exit.o)
 .data          0x00000000        0x0 c:/siliconlabs/simplicitystudio/v4/developer/toolchains/gnu_arm/4.9_2015q3/bin/../lib/gcc/arm-none-eabi/4.9.3/../../../../arm-none-eabi/lib/armv7e-m/softfp\libc_nano.a(lib_a-exit.o)
 .bss           0x00000000        0x0 c:/siliconlabs/simplicitystudio/v4/developer/toolchains/gnu_arm/4.9_2015q3/bin/../lib/gcc/arm-none-eabi/4.9.3/../../../../arm-none-eabi/lib/armv7e-m/softfp\libc_nano.a(lib_a-exit.o)
 .text          0x00000000        0x0 c:/siliconlabs/simplicitystudio/v4/developer/toolchains/gnu_arm/4.9_2015q3/bin/../lib/gcc/arm-none-eabi/4.9.3/../../../../arm-none-eabi/lib/armv7e-m/softfp\libc_nano.a(lib_a-impure.o)
 .data          0x00000000        0x0 c:/siliconlabs/simplicitystudio/v4/developer/toolchains/gnu_arm/4.9_2015q3/bin/../lib/gcc/arm-none-eabi/4.9.3/../../../../arm-none-eabi/lib/armv7e-m/softfp\libc_nano.a(lib_a-impure.o)
 .bss           0x00000000        0x0 c:/siliconlabs/simplicitystudio/v4/developer/toolchains/gnu_arm/4.9_2015q3/bin/../lib/gcc/arm-none-eabi/4.9.3/../../../../arm-none-eabi/lib/armv7e-m/softfp\libc_nano.a(lib_a-impure.o)
 .data._impure_ptr
                0x00000000        0x4 c:/siliconlabs/simplicitystudio/v4/developer/toolchains/gnu_arm/4.9_2015q3/bin/../lib/gcc/arm-none-eabi/4.9.3/../../../../arm-none-eabi/lib/armv7e-m/softfp\libc_nano.a(lib_a-impure.o)
 .text          0x00000000        0x0 c:/siliconlabs/simplicitystudio/v4/developer/toolchains/gnu_arm/4.9_2015q3/bin/../lib/gcc/arm-none-eabi/4.9.3/../../../../arm-none-eabi/lib/armv7e-m/softfp\libc_nano.a(lib_a-init.o)
 .data          0x00000000        0x0 c:/siliconlabs/simplicitystudio/v4/developer/toolchains/gnu_arm/4.9_2015q3/bin/../lib/gcc/arm-none-eabi/4.9.3/../../../../arm-none-eabi/lib/armv7e-m/softfp\libc_nano.a(lib_a-init.o)
 .bss           0x00000000        0x0 c:/siliconlabs/simplicitystudio/v4/developer/toolchains/gnu_arm/4.9_2015q3/bin/../lib/gcc/arm-none-eabi/4.9.3/../../../../arm-none-eabi/lib/armv7e-m/softfp\libc_nano.a(lib_a-init.o)
 .text          0x00000000        0x0 c:/siliconlabs/simplicitystudio/v4/developer/toolchains/gnu_arm/4.9_2015q3/bin/../lib/gcc/arm-none-eabi/4.9.3/../../../../arm-none-eabi/lib/armv7e-m/softfp\libc_nano.a(lib_a-memcpy.o)
 .data          0x00000000        0x0 c:/siliconlabs/simplicitystudio/v4/developer/toolchains/gnu_arm/4.9_2015q3/bin/../lib/gcc/arm-none-eabi/4.9.3/../../../../arm-none-eabi/lib/armv7e-m/softfp\libc_nano.a(lib_a-memcpy.o)
 .bss           0x00000000        0x0 c:/siliconlabs/simplicitystudio/v4/developer/toolchains/gnu_arm/4.9_2015q3/bin/../lib/gcc/arm-none-eabi/4.9.3/../../../../arm-none-eabi/lib/armv7e-m/softfp\libc_nano.a(lib_a-memcpy.o)
 .text          0x00000000        0x0 c:/siliconlabs/simplicitystudio/v4/developer/toolchains/gnu_arm/4.9_2015q3/bin/../lib/gcc/arm-none-eabi/4.9.3/../../../../arm-none-eabi/lib/armv7e-m/softfp\libc_nano.a(lib_a-memset.o)
 .data          0x00000000        0x0 c:/siliconlabs/simplicitystudio/v4/developer/toolchains/gnu_arm/4.9_2015q3/bin/../lib/gcc/arm-none-eabi/4.9.3/../../../../arm-none-eabi/lib/armv7e-m/softfp\libc_nano.a(lib_a-memset.o)
 .bss           0x00000000        0x0 c:/siliconlabs/simplicitystudio/v4/developer/toolchains/gnu_arm/4.9_2015q3/bin/../lib/gcc/arm-none-eabi/4.9.3/../../../../arm-none-eabi/lib/armv7e-m/softfp\libc_nano.a(lib_a-memset.o)
 .text          0x00000000        0x0 c:/siliconlabs/simplicitystudio/v4/developer/toolchains/gnu_arm/4.9_2015q3/bin/../lib/gcc/arm-none-eabi/4.9.3/../../../../arm-none-eabi/lib/armv7e-m/softfp\libnosys.a(_exit.o)
 .data          0x00000000        0x0 c:/siliconlabs/simplicitystudio/v4/developer/toolchains/gnu_arm/4.9_2015q3/bin/../lib/gcc/arm-none-eabi/4.9.3/../../../../arm-none-eabi/lib/armv7e-m/softfp\libnosys.a(_exit.o)
 .bss           0x00000000        0x0 c:/siliconlabs/simplicitystudio/v4/developer/toolchains/gnu_arm/4.9_2015q3/bin/../lib/gcc/arm-none-eabi/4.9.3/../../../../arm-none-eabi/lib/armv7e-m/softfp\libnosys.a(_exit.o)
 .text          0x00000000        0x0 c:/siliconlabs/simplicitystudio/v4/developer/toolchains/gnu_arm/4.9_2015q3/bin/../lib/gcc/arm-none-eabi/4.9.3/armv7e-m/softfp/crtend.o
 .data          0x00000000        0x0 c:/siliconlabs/simplicitystudio/v4/developer/toolchains/gnu_arm/4.9_2015q3/bin/../lib/gcc/arm-none-eabi/4.9.3/armv7e-m/softfp/crtend.o
 .bss           0x00000000        0x0 c:/siliconlabs/simplicitystudio/v4/developer/toolchains/gnu_arm/4.9_2015q3/bin/../lib/gcc/arm-none-eabi/4.9.3/armv7e-m/softfp/crtend.o
 .text          0x00000000        0x0 c:/siliconlabs/simplicitystudio/v4/developer/toolchains/gnu_arm/4.9_2015q3/bin/../lib/gcc/arm-none-eabi/4.9.3/armv7e-m/softfp/crtn.o
 .data          0x00000000        0x0 c:/siliconlabs/simplicitystudio/v4/developer/toolchains/gnu_arm/4.9_2015q3/bin/../lib/gcc/arm-none-eabi/4.9.3/armv7e-m/softfp/crtn.o
 .bss           0x00000000        0x0 c:/siliconlabs/simplicitystudio/v4/developer/toolchains/gnu_arm/4.9_2015q3/bin/../lib/gcc/arm-none-eabi/4.9.3/armv7e-m/softfp/crtn.o

Memory Configuration

Name             Origin             Length             Attributes
FLASH            0x00000000         0x00040000         xr
RAM              0x20000000         0x00008000         xrw
*default*        0x00000000         0xffffffff

Linker script and memory map

LOAD c:/siliconlabs/simplicitystudio/v4/developer/toolchains/gnu_arm/4.9_2015q3/bin/../lib/gcc/arm-none-eabi/4.9.3/armv7e-m/softfp/crti.o
LOAD c:/siliconlabs/simplicitystudio/v4/developer/toolchains/gnu_arm/4.9_2015q3/bin/../lib/gcc/arm-none-eabi/4.9.3/armv7e-m/softfp/crtbegin.o
LOAD c:/siliconlabs/simplicitystudio/v4/developer/toolchains/gnu_arm/4.9_2015q3/bin/../lib/gcc/arm-none-eabi/4.9.3/../../../../arm-none-eabi/lib/armv7e-m/softfp/crt0.o
LOAD ./src/main.o
LOAD ./emlib/dmactrl.o
LOAD ./emlib/dmadrv.o
LOAD ./emlib/em_cmu.o
LOAD ./emlib/em_core.o
LOAD ./emlib/em_dma.o
LOAD ./emlib/em_emu.o
LOAD ./emlib/em_gpio.o
LOAD ./emlib/em_rtc.o
LOAD ./emlib/em_system.o
LOAD ./emlib/em_usart.o
LOAD ./emlib/rtcdriver.o
LOAD ./emlib/spidrv.o
LOAD ./emlib/uartdrv.o
LOAD ./CMSIS/EFM32WG/startup_efm32wg.o
LOAD ./CMSIS/EFM32WG/system_efm32wg.o
LOAD ./emlib/em_leuart.o
LOAD ./emlib/gpiointerrupt.o
START GROUP
LOAD c:/siliconlabs/simplicitystudio/v4/developer/toolchains/gnu_arm/4.9_2015q3/bin/../lib/gcc/arm-none-eabi/4.9.3/armv7e-m/softfp\libgcc.a
LOAD c:/siliconlabs/simplicitystudio/v4/developer/toolchains/gnu_arm/4.9_2015q3/bin/../lib/gcc/arm-none-eabi/4.9.3/../../../../arm-none-eabi/lib/armv7e-m/softfp\libc_nano.a
LOAD c:/siliconlabs/simplicitystudio/v4/developer/toolchains/gnu_arm/4.9_2015q3/bin/../lib/gcc/arm-none-eabi/4.9.3/../../../../arm-none-eabi/lib/armv7e-m/softfp\libnosys.a
END GROUP
START GROUP
LOAD c:/siliconlabs/simplicitystudio/v4/developer/toolchains/gnu_arm/4.9_2015q3/bin/../lib/gcc/arm-none-eabi/4.9.3/armv7e-m/softfp\libgcc.a
LOAD c:/siliconlabs/simplicitystudio/v4/developer/toolchains/gnu_arm/4.9_2015q3/bin/../lib/gcc/arm-none-eabi/4.9.3/../../../../arm-none-eabi/lib/armv7e-m/softfp\libg_nano.a
LOAD c:/siliconlabs/simplicitystudio/v4/developer/toolchains/gnu_arm/4.9_2015q3/bin/../lib/gcc/arm-none-eabi/4.9.3/../../../../arm-none-eabi/lib/armv7e-m/softfp\libc_nano.a
END GROUP
START GROUP
LOAD c:/siliconlabs/simplicitystudio/v4/developer/toolchains/gnu_arm/4.9_2015q3/bin/../lib/gcc/arm-none-eabi/4.9.3/armv7e-m/softfp\libgcc.a
LOAD c:/siliconlabs/simplicitystudio/v4/developer/toolchains/gnu_arm/4.9_2015q3/bin/../lib/gcc/arm-none-eabi/4.9.3/../../../../arm-none-eabi/lib/armv7e-m/softfp\libc_nano.a
END GROUP
LOAD c:/siliconlabs/simplicitystudio/v4/developer/toolchains/gnu_arm/4.9_2015q3/bin/../lib/gcc/arm-none-eabi/4.9.3/armv7e-m/softfp/crtend.o
LOAD c:/siliconlabs/simplicitystudio/v4/developer/toolchains/gnu_arm/4.9_2015q3/bin/../lib/gcc/arm-none-eabi/4.9.3/armv7e-m/softfp/crtn.o

.text           0x00000000     0x61b0
 *(.vectors)
 .vectors       0x00000000       0xe0 ./CMSIS/EFM32WG/startup_efm32wg.o
                0x00000000                __Vectors
                0x000000e0                __Vectors_End = .
                0x000000e0                __Vectors_Size = (__Vectors_End - __Vectors)
                0x000000e0                __end__ = .
 *(.text*)
 .text          0x000000e0       0x5c c:/siliconlabs/simplicitystudio/v4/developer/toolchains/gnu_arm/4.9_2015q3/bin/../lib/gcc/arm-none-eabi/4.9.3/armv7e-m/softfp/crtbegin.o
 .text          0x0000013c       0x74 c:/siliconlabs/simplicitystudio/v4/developer/toolchains/gnu_arm/4.9_2015q3/bin/../lib/gcc/arm-none-eabi/4.9.3/../../../../arm-none-eabi/lib/armv7e-m/softfp/crt0.o
                0x0000013c                _start
                0x0000013c                _mainCRTStartup
 .text.GPIO_IntClear
                0x000001b0       0x20 ./src/main.o
 .text.GPIO_IntDisable
                0x000001d0       0x28 ./src/main.o
 .text.GPIO_IntEnable
                0x000001f8       0x28 ./src/main.o
 .text.CHIP_Init
                0x00000220        0xc ./src/main.o
 .text.int16_2hex
                0x0000022c       0xa4 ./src/main.o
                0x0000022c                int16_2hex
 .text.MAX_Init
                0x000002d0      0x15c ./src/main.o
                0x000002d0                MAX_Init
 .text.SPI_Init
                0x0000042c       0x34 ./src/main.o
                0x0000042c                SPI_Init
 .text.UART_Init
                0x00000460       0x34 ./src/main.o
                0x00000460                UART_Init
 .text.callback_UARTTX
                0x00000494       0x18 ./src/main.o
                0x00000494                callback_UARTTX
 .text.callback_RTC
                0x000004ac       0x78 ./src/main.o
                0x000004ac                callback_RTC
 .text.GPIOINT_callback
                0x00000524       0x34 ./src/main.o
                0x00000524                GPIOINT_callback
 .text.setupGPIOInt
                0x00000558       0x40 ./src/main.o
                0x00000558                setupGPIOInt
 .text.pollRTC  0x00000598       0x78 ./src/main.o
                0x00000598                pollRTC
 .text.pollTOF  0x00000610       0x44 ./src/main.o
                0x00000610                pollTOF
 .text.processRTC
                0x00000654       0x5c ./src/main.o
                0x00000654                processRTC
 .text.processTOF
                0x000006b0       0x34 ./src/main.o
                0x000006b0                processTOF
 .text.main     0x000006e4       0xbc ./src/main.o
                0x000006e4                main
 .text.NVIC_SetPriority
                0x000007a0       0x54 ./emlib/dmadrv.o
 .text.DMADRV_AllocateChannel
                0x000007f4       0xb4 ./emlib/dmadrv.o
                0x000007f4                DMADRV_AllocateChannel
 .text.DMADRV_Init
                0x000008a8       0x84 ./emlib/dmadrv.o
                0x000008a8                DMADRV_Init
 .text.DMADRV_MemoryPeripheral
                0x0000092c       0x48 ./emlib/dmadrv.o
                0x0000092c                DMADRV_MemoryPeripheral
 .text.DMADRV_PeripheralMemory
                0x00000974       0x48 ./emlib/dmadrv.o
                0x00000974                DMADRV_PeripheralMemory
 .text.DMADRV_PauseTransfer
                0x000009bc       0x6c ./emlib/dmadrv.o
                0x000009bc                DMADRV_PauseTransfer
 .text.DMADRV_ResumeTransfer
                0x00000a28       0x6c ./emlib/dmadrv.o
                0x00000a28                DMADRV_ResumeTransfer
 .text.DMADRV_TransferActive
                0x00000a94       0x84 ./emlib/dmadrv.o
                0x00000a94                DMADRV_TransferActive
 .text.DmaBasicCallback
                0x00000b18       0x4c ./emlib/dmadrv.o
 .text.DmaPingPongCallback
                0x00000b64       0x8c ./emlib/dmadrv.o
 .text.StartTransfer
                0x00000bf0      0x250 ./emlib/dmadrv.o
 .text.BUS_RegBitWrite
                0x00000e40       0x2c ./emlib/em_cmu.o
 .text.BUS_RegBitRead
                0x00000e6c       0x2c ./emlib/em_cmu.o
 .text.CMU_DivToLog2
                0x00000e98       0x34 ./emlib/em_cmu.o
 .text.SYSTEM_GetProdRev
                0x00000ecc       0x1c ./emlib/em_cmu.o
 .text.setHfLeConfig
                0x00000ee8       0x60 ./emlib/em_cmu.o
 .text.getHfLeConfig
                0x00000f48       0x20 ./emlib/em_cmu.o
 .text.auxClkGet
                0x00000f68       0xb0 ./emlib/em_cmu.o
 .text.dbgClkGet
                0x00001018       0x40 ./emlib/em_cmu.o
 .text.flashWaitStateControl
                0x00001058       0xb8 ./emlib/em_cmu.o
 .text.flashWaitStateMax
                0x00001110       0x14 ./emlib/em_cmu.o
 .text.CMU_UpdateWaitStates
                0x00001124       0x18 ./emlib/em_cmu.o
                0x00001124                CMU_UpdateWaitStates
 .text.lfClkGet
                0x0000113c       0xec ./emlib/em_cmu.o
 .text.syncReg  0x00001228       0x34 ./emlib/em_cmu.o
 .text.usbCClkGet
                0x0000125c       0x4c ./emlib/em_cmu.o
 .text.CMU_ClockDivSet
                0x000012a8      0x22c ./emlib/em_cmu.o
                0x000012a8                CMU_ClockDivSet
 .text.CMU_ClockEnable
                0x000014d4       0xd0 ./emlib/em_cmu.o
                0x000014d4                CMU_ClockEnable
 .text.CMU_ClockFreqGet
                0x000015a4      0x1d8 ./emlib/em_cmu.o
                0x000015a4                CMU_ClockFreqGet
 .text.CMU_ClockSelectGet
                0x0000177c      0x15c ./emlib/em_cmu.o
                0x0000177c                CMU_ClockSelectGet
 .text.CMU_ClockSelectSet
                0x000018d8      0x290 ./emlib/em_cmu.o
                0x000018d8                CMU_ClockSelectSet
 .text.CMU_OscillatorEnable
                0x00001b68       0xbc ./emlib/em_cmu.o
                0x00001b68                CMU_OscillatorEnable
 .text.NVIC_GetPriority
                0x00001c24       0x50 ./emlib/em_core.o
 .text.CORE_EnterAtomic
                0x00001c74       0x20 ./emlib/em_core.o
                0x00001c74                CORE_EnterAtomic
 .text.CORE_ExitAtomic
                0x00001c94       0x1c ./emlib/em_core.o
                0x00001c94                CORE_ExitAtomic
 .text.CORE_IrqIsBlocked
                0x00001cb0       0xac ./emlib/em_core.o
                0x00001cb0                CORE_IrqIsBlocked
 .text.CORE_NvicIRQDisabled
                0x00001d5c       0x58 ./emlib/em_core.o
                0x00001d5c                CORE_NvicIRQDisabled
 .text.NVIC_EnableIRQ
                0x00001db4       0x30 ./emlib/em_dma.o
 .text.NVIC_DisableIRQ
                0x00001de4       0x34 ./emlib/em_dma.o
 .text.NVIC_ClearPendingIRQ
                0x00001e18       0x34 ./emlib/em_dma.o
 .text.BUS_RegBitWrite
                0x00001e4c       0x2c ./emlib/em_dma.o
 .text.DMA_Prepare
                0x00001e78      0x114 ./emlib/em_dma.o
 .text.DMA_IRQHandler
                0x00001f8c       0xd8 ./emlib/em_dma.o
                0x00001f8c                DMA_IRQHandler
 .text.DMA_ActivateBasic
                0x00002064       0x44 ./emlib/em_dma.o
                0x00002064                DMA_ActivateBasic
 .text.DMA_ActivatePingPong
                0x000020a8       0x5c ./emlib/em_dma.o
                0x000020a8                DMA_ActivatePingPong
 .text.DMA_CfgChannel
                0x00002104       0x90 ./emlib/em_dma.o
                0x00002104                DMA_CfgChannel
 .text.DMA_CfgDescr
                0x00002194       0x70 ./emlib/em_dma.o
                0x00002194                DMA_CfgDescr
 .text.DMA_ChannelEnabled
                0x00002204       0x30 ./emlib/em_dma.o
                0x00002204                DMA_ChannelEnabled
 .text.DMA_ChannelRequestEnable
                0x00002234       0x38 ./emlib/em_dma.o
                0x00002234                DMA_ChannelRequestEnable
 .text.DMA_Init
                0x0000226c       0x54 ./emlib/em_dma.o
                0x0000226c                DMA_Init
 .text.DMA_RefreshPingPong
                0x000022c0       0xf8 ./emlib/em_dma.o
                0x000022c0                DMA_RefreshPingPong
 .text.DMA_Reset
                0x000023b8       0x88 ./emlib/em_dma.o
                0x000023b8                DMA_Reset
 .text.BUS_RegBitWrite
                0x00002440       0x2c ./emlib/em_gpio.o
 .text.BUS_RegMaskedWrite
                0x0000246c       0x28 ./emlib/em_gpio.o
 .text.GPIO_PinOutClear
                0x00002494       0x58 ./emlib/em_gpio.o
 .text.GPIO_PinOutSet
                0x000024ec       0x58 ./emlib/em_gpio.o
 .text.GPIO_ExtIntConfig
                0x00002544       0xd4 ./emlib/em_gpio.o
                0x00002544                GPIO_ExtIntConfig
 .text.GPIO_PinModeSet
                0x00002618      0x10c ./emlib/em_gpio.o
                0x00002618                GPIO_PinModeSet
 .text.BUS_RegBitWrite
                0x00002724       0x2c ./emlib/em_rtc.o
 .text.RTC_CompareGet
                0x00002750       0x3c ./emlib/em_rtc.o
                0x00002750                RTC_CompareGet
 .text.RTC_CompareSet
                0x0000278c       0x3c ./emlib/em_rtc.o
                0x0000278c                RTC_CompareSet
 .text.RTC_Enable
                0x000027c8       0x20 ./emlib/em_rtc.o
                0x000027c8                RTC_Enable
 .text.RTC_Init
                0x000027e8       0x50 ./emlib/em_rtc.o
                0x000027e8                RTC_Init
 .text.RTC_CounterReset
                0x00002838       0x14 ./emlib/em_rtc.o
                0x00002838                RTC_CounterReset
 .text.USART_BaudrateAsyncSet
                0x0000284c       0xb0 ./emlib/em_usart.o
                0x0000284c                USART_BaudrateAsyncSet
 .text.USART_BaudrateSyncSet
                0x000028fc       0x40 ./emlib/em_usart.o
                0x000028fc                USART_BaudrateSyncSet
 .text.USART_Enable
                0x0000293c       0x70 ./emlib/em_usart.o
                0x0000293c                USART_Enable
 .text.USART_InitAsync
                0x000029ac       0xb4 ./emlib/em_usart.o
                0x000029ac                USART_InitAsync
 .text.USART_InitSync
                0x00002a60       0xcc ./emlib/em_usart.o
                0x00002a60                USART_InitSync
 .text.USART_Reset
                0x00002b2c       0xb0 ./emlib/em_usart.o
                0x00002b2c                USART_Reset
 .text.USART_Tx
                0x00002bdc       0x2c ./emlib/em_usart.o
                0x00002bdc                USART_Tx
 .text.NVIC_EnableIRQ
                0x00002c08       0x30 ./emlib/rtcdriver.o
 .text.NVIC_ClearPendingIRQ
                0x00002c38       0x34 ./emlib/rtcdriver.o
 .text.RTC_CounterGet
                0x00002c6c       0x18 ./emlib/rtcdriver.o
 .text.RTC_IntClear
                0x00002c84       0x1c ./emlib/rtcdriver.o
 .text.RTC_IntDisable
                0x00002ca0       0x24 ./emlib/rtcdriver.o
 .text.RTC_IntEnable
                0x00002cc4       0x24 ./emlib/rtcdriver.o
 .text.RTC_IntGetEnabled
                0x00002ce8       0x24 ./emlib/rtcdriver.o
 .text.RTCDRV_AllocateTimer
                0x00002d0c       0x8c ./emlib/rtcdriver.o
                0x00002d0c                RTCDRV_AllocateTimer
 .text.RTCDRV_Init
                0x00002d98       0xa0 ./emlib/rtcdriver.o
                0x00002d98                RTCDRV_Init
 .text.RTCDRV_StartTimer
                0x00002e38      0x350 ./emlib/rtcdriver.o
                0x00002e38                RTCDRV_StartTimer
 .text.RTCDRV_StopTimer
                0x00003188       0x70 ./emlib/rtcdriver.o
                0x00003188                RTCDRV_StopTimer
 .text.RTC_IRQHandler
                0x000031f8       0xb4 ./emlib/rtcdriver.o
                0x000031f8                RTC_IRQHandler
 .text.checkAllTimers
                0x000032ac      0x2c8 ./emlib/rtcdriver.o
 .text.executeTimerCallbacks
                0x00003574       0x64 ./emlib/rtcdriver.o
 .text.rescheduleRtc
                0x000035d8      0x10c ./emlib/rtcdriver.o
 .text.SPIDRV_Init
                0x000036e4      0x26c ./emlib/spidrv.o
                0x000036e4                SPIDRV_Init
 .text.SPIDRV_MTransferB
                0x00003950       0x68 ./emlib/spidrv.o
                0x00003950                SPIDRV_MTransferB
 .text.SPIDRV_MTransmitB
                0x000039b8       0x54 ./emlib/spidrv.o
                0x000039b8                SPIDRV_MTransmitB
 .text.BlockingComplete
                0x00003a0c       0x24 ./emlib/spidrv.o
 .text.ConfigGPIO
                0x00003a30      0x5e0 ./emlib/spidrv.o
 .text.RxDMAComplete
                0x00004010       0x64 ./emlib/spidrv.o
 .text.StartTransferDMA
                0x00004074       0xc4 ./emlib/spidrv.o
 .text.StartTransmitDMA
                0x00004138       0xc4 ./emlib/spidrv.o
 .text.TransferApiBlockingPrologue
                0x000041fc       0x70 ./emlib/spidrv.o
 .text.WaitForTransferCompletion
                0x0000426c       0x48 ./emlib/spidrv.o
 .text.USART_IntClear
                0x000042b4       0x1c ./emlib/uartdrv.o
 .text.BUS_RegBitRead
                0x000042d0       0x2c ./emlib/uartdrv.o
 .text.GPIO_PinInGet
                0x000042fc       0x54 ./emlib/uartdrv.o
 .text.GPIO_PinOutClear
                0x00004350       0x58 ./emlib/uartdrv.o
 .text.GPIO_PinOutSet
                0x000043a8       0x58 ./emlib/uartdrv.o
 .text.GPIO_IntConfig
                0x00004400       0x38 ./emlib/uartdrv.o
 .text.HwFcCtsIrqGetDrvHandle
                0x00004438       0x48 ./emlib/uartdrv.o
 .text.HwFcGetClearToSendPin
                0x00004480       0x34 ./emlib/uartdrv.o
 .text.HwFcManageClearToSend
                0x000044b4       0xa0 ./emlib/uartdrv.o
 .text.FcApplyState
                0x00004554       0xcc ./emlib/uartdrv.o
 .text.EnqueueBuffer
                0x00004620       0xa8 ./emlib/uartdrv.o
 .text.DequeueBuffer
                0x000046c8       0x84 ./emlib/uartdrv.o
 .text.GetTailBuffer
                0x0000474c       0x58 ./emlib/uartdrv.o
 .text.EnableTransmitter
                0x000047a4       0x88 ./emlib/uartdrv.o
 .text.DisableTransmitter
                0x0000482c       0x68 ./emlib/uartdrv.o
 .text.StartTransmitDma
                0x00004894       0x84 ./emlib/uartdrv.o
 .text.TransmitDmaComplete
                0x00004918       0xb0 ./emlib/uartdrv.o
 .text.CheckParams
                0x000049c8       0x44 ./emlib/uartdrv.o
 .text.SetupGpioUart
                0x00004a0c      0x49c ./emlib/uartdrv.o
 .text.ConfigGpio
                0x00004ea8      0x16c ./emlib/uartdrv.o
 .text.SetHandleIndex
                0x00005014       0xa4 ./emlib/uartdrv.o
 .text.InitializeQueues
                0x000050b8       0x6c ./emlib/uartdrv.o
 .text.InitializeGpioFlowControl
                0x00005124       0x3c ./emlib/uartdrv.o
 .text.InitializeDma
                0x00005160       0x48 ./emlib/uartdrv.o
 .text.UARTDRV_InitUart
                0x000051a8      0x278 ./emlib/uartdrv.o
                0x000051a8                UARTDRV_InitUart
 .text.UARTDRV_ForceTransmit
                0x00005420      0x124 ./emlib/uartdrv.o
                0x00005420                UARTDRV_ForceTransmit
 .text.UARTDRV_PauseTransmit
                0x00005544       0x54 ./emlib/uartdrv.o
                0x00005544                UARTDRV_PauseTransmit
 .text.UARTDRV_ResumeTransmit
                0x00005598       0x68 ./emlib/uartdrv.o
                0x00005598                UARTDRV_ResumeTransmit
 .text.UARTDRV_Transmit
                0x00005600       0xa4 ./emlib/uartdrv.o
                0x00005600                UARTDRV_Transmit
 .text          0x000056a4       0x30 ./CMSIS/EFM32WG/startup_efm32wg.o
                0x000056a4                Reset_Handler
                0x000056d0                DebugMon_Handler
                0x000056d0                USART0_TX_IRQHandler
                0x000056d0                I2C0_IRQHandler
                0x000056d0                HardFault_Handler
                0x000056d0                LEUART1_IRQHandler
                0x000056d0                SysTick_Handler
                0x000056d0                USART1_RX_IRQHandler
                0x000056d0                PendSV_Handler
                0x000056d0                NMI_Handler
                0x000056d0                I2C1_IRQHandler
                0x000056d0                TIMER3_IRQHandler
                0x000056d0                USART1_TX_IRQHandler
                0x000056d0                MSC_IRQHandler
                0x000056d0                ADC0_IRQHandler
                0x000056d0                UsageFault_Handler
                0x000056d0                LEUART0_IRQHandler
                0x000056d0                FPUEH_IRQHandler
                0x000056d0                UART0_TX_IRQHandler
                0x000056d0                UART1_TX_IRQHandler
                0x000056d0                TIMER0_IRQHandler
                0x000056d0                TIMER2_IRQHandler
                0x000056d0                LCD_IRQHandler
                0x000056d0                PCNT2_IRQHandler
                0x000056d0                UART0_RX_IRQHandler
                0x000056d0                LETIMER0_IRQHandler
                0x000056d0                TIMER1_IRQHandler
                0x000056d0                USART2_RX_IRQHandler
                0x000056d0                Default_Handler
                0x000056d0                EMU_IRQHandler
                0x000056d0                PCNT0_IRQHandler
                0x000056d0                USB_IRQHandler
                0x000056d0                BURTC_IRQHandler
                0x000056d0                PCNT1_IRQHandler
                0x000056d0                ACMP0_IRQHandler
                0x000056d0                USART0_RX_IRQHandler
                0x000056d0                MemManage_Handler
                0x000056d0                SVC_Handler
                0x000056d0                DAC0_IRQHandler
                0x000056d0                UART1_RX_IRQHandler
                0x000056d0                CMU_IRQHandler
                0x000056d0                EBI_IRQHandler
                0x000056d0                LESENSE_IRQHandler
                0x000056d0                AES_IRQHandler
                0x000056d0                VCMP_IRQHandler
                0x000056d0                BusFault_Handler
                0x000056d0                USART2_TX_IRQHandler
 .text.GetProdRev
                0x000056d4       0x1c ./CMSIS/EFM32WG/system_efm32wg.o
 .text.SystemCoreClockGet
                0x000056f0       0x34 ./CMSIS/EFM32WG/system_efm32wg.o
                0x000056f0                SystemCoreClockGet
 .text.SystemMaxCoreClockGet
                0x00005724       0x14 ./CMSIS/EFM32WG/system_efm32wg.o
                0x00005724                SystemMaxCoreClockGet
 .text.SystemHFClockGet
                0x00005738      0x100 ./CMSIS/EFM32WG/system_efm32wg.o
                0x00005738                SystemHFClockGet
 .text.SystemHFXOClockGet
                0x00005838       0x18 ./CMSIS/EFM32WG/system_efm32wg.o
                0x00005838                SystemHFXOClockGet
 .text.SystemInit
                0x00005850       0x20 ./CMSIS/EFM32WG/system_efm32wg.o
                0x00005850                SystemInit
 .text.SystemLFRCOClockGet
                0x00005870       0x14 ./CMSIS/EFM32WG/system_efm32wg.o
                0x00005870                SystemLFRCOClockGet
 .text.SystemULFRCOClockGet
                0x00005884       0x14 ./CMSIS/EFM32WG/system_efm32wg.o
                0x00005884                SystemULFRCOClockGet
 .text.SystemLFXOClockGet
                0x00005898       0x18 ./CMSIS/EFM32WG/system_efm32wg.o
                0x00005898                SystemLFXOClockGet
 .text.LEUART_Sync
                0x000058b0       0x30 ./emlib/em_leuart.o
 .text.LEUART_Tx
                0x000058e0       0x30 ./emlib/em_leuart.o
                0x000058e0                LEUART_Tx
 .text.NVIC_EnableIRQ
                0x00005910       0x30 ./emlib/gpiointerrupt.o
 .text.NVIC_ClearPendingIRQ
                0x00005940       0x34 ./emlib/gpiointerrupt.o
 .text.GPIO_IntClear
                0x00005974       0x20 ./emlib/gpiointerrupt.o
 .text.GPIO_IntGetEnabled
                0x00005994       0x28 ./emlib/gpiointerrupt.o
 .text.SL_CTZ   0x000059bc       0x28 ./emlib/gpiointerrupt.o
 .text.GPIOINT_Init
                0x000059e4       0x20 ./emlib/gpiointerrupt.o
                0x000059e4                GPIOINT_Init
 .text.GPIOINT_CallbackRegister
                0x00005a04       0x2c ./emlib/gpiointerrupt.o
                0x00005a04                GPIOINT_CallbackRegister
 .text.GPIOINT_IRQDispatcher
                0x00005a30       0x50 ./emlib/gpiointerrupt.o
 .text.GPIO_EVEN_IRQHandler
                0x00005a80       0x28 ./emlib/gpiointerrupt.o
                0x00005a80                GPIO_EVEN_IRQHandler
 .text.GPIO_ODD_IRQHandler
                0x00005aa8       0x28 ./emlib/gpiointerrupt.o
                0x00005aa8                GPIO_ODD_IRQHandler
 .text          0x00005ad0       0x30 c:/siliconlabs/simplicitystudio/v4/developer/toolchains/gnu_arm/4.9_2015q3/bin/../lib/gcc/arm-none-eabi/4.9.3/armv7e-m/softfp\libgcc.a(_aeabi_uldivmod.o)
                0x00005ad0                __aeabi_uldivmod
 .text          0x00005b00       0x60 c:/siliconlabs/simplicitystudio/v4/developer/toolchains/gnu_arm/4.9_2015q3/bin/../lib/gcc/arm-none-eabi/4.9.3/armv7e-m/softfp\libgcc.a(bpabi.o)
                0x00005b00                __gnu_ldivmod_helper
                0x00005b30                __gnu_uldivmod_helper
 .text          0x00005b60        0x4 c:/siliconlabs/simplicitystudio/v4/developer/toolchains/gnu_arm/4.9_2015q3/bin/../lib/gcc/arm-none-eabi/4.9.3/armv7e-m/softfp\libgcc.a(_dvmd_tls.o)
                0x00005b60                __aeabi_idiv0
                0x00005b60                __aeabi_ldiv0
 .text          0x00005b64      0x29c c:/siliconlabs/simplicitystudio/v4/developer/toolchains/gnu_arm/4.9_2015q3/bin/../lib/gcc/arm-none-eabi/4.9.3/armv7e-m/softfp\libgcc.a(_divdi3.o)
                0x00005b64                __divdi3
 .text          0x00005e00      0x26c c:/siliconlabs/simplicitystudio/v4/developer/toolchains/gnu_arm/4.9_2015q3/bin/../lib/gcc/arm-none-eabi/4.9.3/armv7e-m/softfp\libgcc.a(_udivdi3.o)
                0x00005e00                __udivdi3
 .text.exit     0x0000606c       0x28 c:/siliconlabs/simplicitystudio/v4/developer/toolchains/gnu_arm/4.9_2015q3/bin/../lib/gcc/arm-none-eabi/4.9.3/../../../../arm-none-eabi/lib/armv7e-m/softfp\libc_nano.a(lib_a-exit.o)
                0x0000606c                exit
 .text.__libc_init_array
                0x00006094       0x4c c:/siliconlabs/simplicitystudio/v4/developer/toolchains/gnu_arm/4.9_2015q3/bin/../lib/gcc/arm-none-eabi/4.9.3/../../../../arm-none-eabi/lib/armv7e-m/softfp\libc_nano.a(lib_a-init.o)
                0x00006094                __libc_init_array
 .text.memcpy   0x000060e0       0x16 c:/siliconlabs/simplicitystudio/v4/developer/toolchains/gnu_arm/4.9_2015q3/bin/../lib/gcc/arm-none-eabi/4.9.3/../../../../arm-none-eabi/lib/armv7e-m/softfp\libc_nano.a(lib_a-memcpy.o)
                0x000060e0                memcpy
 .text.memset   0x000060f6       0x10 c:/siliconlabs/simplicitystudio/v4/developer/toolchains/gnu_arm/4.9_2015q3/bin/../lib/gcc/arm-none-eabi/4.9.3/../../../../arm-none-eabi/lib/armv7e-m/softfp\libc_nano.a(lib_a-memset.o)
                0x000060f6                memset
 *fill*         0x00006106        0x2 
 .text._exit    0x00006108        0x4 c:/siliconlabs/simplicitystudio/v4/developer/toolchains/gnu_arm/4.9_2015q3/bin/../lib/gcc/arm-none-eabi/4.9.3/../../../../arm-none-eabi/lib/armv7e-m/softfp\libnosys.a(_exit.o)
                0x00006108                _exit
 *(.init)
 .init          0x0000610c        0x4 c:/siliconlabs/simplicitystudio/v4/developer/toolchains/gnu_arm/4.9_2015q3/bin/../lib/gcc/arm-none-eabi/4.9.3/armv7e-m/softfp/crti.o
                0x0000610c                _init
 .init          0x00006110        0x8 c:/siliconlabs/simplicitystudio/v4/developer/toolchains/gnu_arm/4.9_2015q3/bin/../lib/gcc/arm-none-eabi/4.9.3/armv7e-m/softfp/crtn.o
 *(.fini)
 .fini          0x00006118        0x4 c:/siliconlabs/simplicitystudio/v4/developer/toolchains/gnu_arm/4.9_2015q3/bin/../lib/gcc/arm-none-eabi/4.9.3/armv7e-m/softfp/crti.o
                0x00006118                _fini
 .fini          0x0000611c        0x8 c:/siliconlabs/simplicitystudio/v4/developer/toolchains/gnu_arm/4.9_2015q3/bin/../lib/gcc/arm-none-eabi/4.9.3/armv7e-m/softfp/crtn.o
 *crtbegin.o(.ctors)
 *crtbegin?.o(.ctors)
 *(EXCLUDE_FILE(*crtend.o *crtend?.o) .ctors)
 *(SORT(.ctors.*))
 *(.ctors)
 *crtbegin.o(.dtors)
 *crtbegin?.o(.dtors)
 *(EXCLUDE_FILE(*crtend.o *crtend?.o) .dtors)
 *(SORT(.dtors.*))
 *(.dtors)
 *(.rodata*)
 .rodata        0x00006124       0x3c ./src/main.o
 .rodata.initRTC
                0x00006160        0x3 ./emlib/rtcdriver.o
 *fill*         0x00006163        0x1 
 .rodata        0x00006164       0x18 ./emlib/spidrv.o
 .rodata        0x0000617c       0x28 ./emlib/uartdrv.o
 .rodata.str1.1
                0x000061a4        0x2 c:/siliconlabs/simplicitystudio/v4/developer/toolchains/gnu_arm/4.9_2015q3/bin/../lib/gcc/arm-none-eabi/4.9.3/../../../../arm-none-eabi/lib/armv7e-m/softfp\libc_nano.a(lib_a-impure.o)
 *fill*         0x000061a6        0x2 
 .rodata._global_impure_ptr
                0x000061a8        0x4 c:/siliconlabs/simplicitystudio/v4/developer/toolchains/gnu_arm/4.9_2015q3/bin/../lib/gcc/arm-none-eabi/4.9.3/../../../../arm-none-eabi/lib/armv7e-m/softfp\libc_nano.a(lib_a-impure.o)
                0x000061a8                _global_impure_ptr
 *(.eh_frame*)
 .eh_frame      0x000061ac        0x0 c:/siliconlabs/simplicitystudio/v4/developer/toolchains/gnu_arm/4.9_2015q3/bin/../lib/gcc/arm-none-eabi/4.9.3/armv7e-m/softfp/crtbegin.o
 .eh_frame      0x000061ac        0x4 c:/siliconlabs/simplicitystudio/v4/developer/toolchains/gnu_arm/4.9_2015q3/bin/../lib/gcc/arm-none-eabi/4.9.3/armv7e-m/softfp/crtend.o

.glue_7         0x000061b0        0x0
 .glue_7        0x00000000        0x0 linker stubs

.glue_7t        0x000061b0        0x0
 .glue_7t       0x00000000        0x0 linker stubs

.vfp11_veneer   0x000061b0        0x0
 .vfp11_veneer  0x00000000        0x0 linker stubs

.v4_bx          0x000061b0        0x0
 .v4_bx         0x00000000        0x0 linker stubs

.iplt           0x000061b0        0x0
 .iplt          0x00000000        0x0 c:/siliconlabs/simplicitystudio/v4/developer/toolchains/gnu_arm/4.9_2015q3/bin/../lib/gcc/arm-none-eabi/4.9.3/armv7e-m/softfp/crtbegin.o

.ARM.extab
 *(.ARM.extab* .gnu.linkonce.armextab.*)
                0x000061b0                __exidx_start = .

.ARM.exidx      0x000061b0        0x8
 *(.ARM.exidx* .gnu.linkonce.armexidx.*)
 .ARM.exidx     0x000061b0        0x8 c:/siliconlabs/simplicitystudio/v4/developer/toolchains/gnu_arm/4.9_2015q3/bin/../lib/gcc/arm-none-eabi/4.9.3/../../../../arm-none-eabi/lib/armv7e-m/softfp/crt0.o
 .ARM.exidx     0x000061b8        0x0 c:/siliconlabs/simplicitystudio/v4/developer/toolchains/gnu_arm/4.9_2015q3/bin/../lib/gcc/arm-none-eabi/4.9.3/armv7e-m/softfp\libgcc.a(_divdi3.o)
                                  0x8 (size before relaxing)
 .ARM.exidx     0x000061b8        0x0 c:/siliconlabs/simplicitystudio/v4/developer/toolchains/gnu_arm/4.9_2015q3/bin/../lib/gcc/arm-none-eabi/4.9.3/armv7e-m/softfp\libgcc.a(_udivdi3.o)
                                  0x8 (size before relaxing)
                0x000061b8                __exidx_end = .
                0x000061b8                __etext = .

.rel.dyn        0x000061b8        0x0
 .rel.iplt      0x00000000        0x0 c:/siliconlabs/simplicitystudio/v4/developer/toolchains/gnu_arm/4.9_2015q3/bin/../lib/gcc/arm-none-eabi/4.9.3/armv7e-m/softfp/crtbegin.o

.data           0x20000000      0x184 load address 0x000061b8
                0x20000000                __data_start__ = .
 *(vtable)
 *(.data*)
 .data.spi_handle
                0x20000000        0x4 ./src/main.o
                0x20000000                spi_handle
 .data.rxBufferQueue
                0x20000004       0x80 ./src/main.o
 .data.txBufferQueue
                0x20000084       0x80 ./src/main.o
 .data.uart_handle
                0x20000104        0x4 ./src/main.o
                0x20000104                uart_handle
 .data.delimiter
                0x20000108        0x4 ./src/main.o
                0x20000108                delimiter
 .data.SystemHFXOClock
                0x2000010c        0x4 ./CMSIS/EFM32WG/system_efm32wg.o
 .data.SystemLFXOClock
                0x20000110        0x4 ./CMSIS/EFM32WG/system_efm32wg.o
 .data.SystemCoreClock
                0x20000114        0x4 ./CMSIS/EFM32WG/system_efm32wg.o
                0x20000114                SystemCoreClock
 .data.impure_data
                0x20000118       0x60 c:/siliconlabs/simplicitystudio/v4/developer/toolchains/gnu_arm/4.9_2015q3/bin/../lib/gcc/arm-none-eabi/4.9.3/../../../../arm-none-eabi/lib/armv7e-m/softfp\libc_nano.a(lib_a-impure.o)
                0x20000178                . = ALIGN (0x4)
 *(.ram)
                0x20000178                . = ALIGN (0x4)
                0x20000178                PROVIDE (__preinit_array_start, .)
 *(.preinit_array)
                0x20000178                PROVIDE (__preinit_array_end, .)
                0x20000178                . = ALIGN (0x4)
                0x20000178                PROVIDE (__init_array_start, .)
 *(SORT(.init_array.*))
 *(.init_array)
 .init_array    0x20000178        0x4 c:/siliconlabs/simplicitystudio/v4/developer/toolchains/gnu_arm/4.9_2015q3/bin/../lib/gcc/arm-none-eabi/4.9.3/armv7e-m/softfp/crtbegin.o
                0x2000017c                PROVIDE (__init_array_end, .)
                0x2000017c                . = ALIGN (0x4)
                0x2000017c                PROVIDE (__fini_array_start, .)
 *(SORT(.fini_array.*))
 *(.fini_array)
 .fini_array    0x2000017c        0x4 c:/siliconlabs/simplicitystudio/v4/developer/toolchains/gnu_arm/4.9_2015q3/bin/../lib/gcc/arm-none-eabi/4.9.3/armv7e-m/softfp/crtbegin.o
                0x20000180                PROVIDE (__fini_array_end, .)
 *(.jcr*)
 .jcr           0x20000180        0x0 c:/siliconlabs/simplicitystudio/v4/developer/toolchains/gnu_arm/4.9_2015q3/bin/../lib/gcc/arm-none-eabi/4.9.3/armv7e-m/softfp/crtbegin.o
 .jcr           0x20000180        0x4 c:/siliconlabs/simplicitystudio/v4/developer/toolchains/gnu_arm/4.9_2015q3/bin/../lib/gcc/arm-none-eabi/4.9.3/armv7e-m/softfp/crtend.o
                0x20000184                . = ALIGN (0x4)
                0x20000184                __data_end__ = .

.igot.plt       0x20000184        0x0 load address 0x0000633c
 .igot.plt      0x00000000        0x0 c:/siliconlabs/simplicitystudio/v4/developer/toolchains/gnu_arm/4.9_2015q3/bin/../lib/gcc/arm-none-eabi/4.9.3/armv7e-m/softfp/crtbegin.o

.bss            0x20000200      0x600 load address 0x00006400
                0x20000200                . = ALIGN (0x4)
                0x20000200                __bss_start__ = .
 *(.bss*)
 .bss           0x20000200       0x1c c:/siliconlabs/simplicitystudio/v4/developer/toolchains/gnu_arm/4.9_2015q3/bin/../lib/gcc/arm-none-eabi/4.9.3/armv7e-m/softfp/crtbegin.o
 .bss.initialized
                0x2000021c        0x1 ./emlib/dmadrv.o
 *fill*         0x2000021d        0x3 
 .bss.chTable   0x20000220       0xf0 ./emlib/dmadrv.o
 .bss.dmaCallBack
                0x20000310       0x90 ./emlib/dmadrv.o
 .bss.timer     0x200003a0       0xa0 ./emlib/rtcdriver.o
 .bss.lastStart
                0x20000440        0x4 ./emlib/rtcdriver.o
 .bss.startTimerNestingLevel
                0x20000444        0x4 ./emlib/rtcdriver.o
 .bss.inTimerIRQ
                0x20000448        0x1 ./emlib/rtcdriver.o
 .bss.rtcRunning
                0x20000449        0x1 ./emlib/rtcdriver.o
 .bss.rtcdrvIsInitialized
                0x2000044a        0x1 ./emlib/rtcdriver.o
 .bss.spidrvIsInitialized
                0x2000044b        0x1 ./emlib/spidrv.o
 .bss.uartdrvHandleIsInitialized
                0x2000044c        0x1 ./emlib/uartdrv.o
 *fill*         0x2000044d        0x3 
 .bss.uartdrvHandle
                0x20000450       0x10 ./emlib/uartdrv.o
 .bss.gpioCallbacks
                0x20000460       0x40 ./emlib/gpiointerrupt.o
 *(COMMON)
 COMMON         0x200004a0       0xe0 ./src/main.o
                0x200004a0                spi_handleData
                0x200004f8                rtc_id
                0x200004fc                max_reg_buffer
                0x2000052c                spi_rx_buffer
                0x20000544                spi_tx_buffer
                0x20000548                spi_tx_config_buffer
                0x2000054c                uart_handleData
 *fill*         0x20000580       0x80 
 COMMON         0x20000600      0x200 ./emlib/dmactrl.o
                0x20000600                dmaControlBlock
                0x20000800                . = ALIGN (0x4)
                0x20000800                __bss_end__ = .

.heap           0x20000800      0xc00
                0x20000800                __HeapBase = .
                0x20000800                __end__ = .
                0x20000800                end = __end__
                0x20000800                _end = __end__
 *(.heap*)
 .heap          0x20000800      0xc00 ./CMSIS/EFM32WG/startup_efm32wg.o
                0x20001400                __HeapLimit = .

.stack_dummy    0x20000800      0x400
 *(.stack*)
 .stack         0x20000800      0x400 ./CMSIS/EFM32WG/startup_efm32wg.o
                0x20008000                __StackTop = (ORIGIN (RAM) + 0x8000)
                0x20007c00                __StackLimit = (__StackTop - SIZEOF (.stack_dummy))
                0x20008000                PROVIDE (__stack, __StackTop)
                0x00000001                ASSERT ((__StackLimit >= __HeapLimit), region RAM overflowed with stack)
                0x00000001                ASSERT ((0x40000 >= (__etext + SIZEOF (.data))), FLASH memory overflowed !)
OUTPUT(WonderGecko_MAX35103.axf elf32-littlearm)

.ARM.attributes
                0x00000000       0x2e
 .ARM.attributes
                0x00000000       0x22 c:/siliconlabs/simplicitystudio/v4/developer/toolchains/gnu_arm/4.9_2015q3/bin/../lib/gcc/arm-none-eabi/4.9.3/armv7e-m/softfp/crti.o
 .ARM.attributes
                0x00000022       0x32 c:/siliconlabs/simplicitystudio/v4/developer/toolchains/gnu_arm/4.9_2015q3/bin/../lib/gcc/arm-none-eabi/4.9.3/armv7e-m/softfp/crtbegin.o
 .ARM.attributes
                0x00000054       0x20 c:/siliconlabs/simplicitystudio/v4/developer/toolchains/gnu_arm/4.9_2015q3/bin/../lib/gcc/arm-none-eabi/4.9.3/../../../../arm-none-eabi/lib/armv7e-m/softfp/crt0.o
 .ARM.attributes
                0x00000074       0x37 ./src/main.o
 .ARM.attributes
                0x000000ab       0x37 ./emlib/dmactrl.o
 .ARM.attributes
                0x000000e2       0x37 ./emlib/dmadrv.o
 .ARM.attributes
                0x00000119       0x37 ./emlib/em_cmu.o
 .ARM.attributes
                0x00000150       0x37 ./emlib/em_core.o
 .ARM.attributes
                0x00000187       0x37 ./emlib/em_dma.o
 .ARM.attributes
                0x000001be       0x37 ./emlib/em_gpio.o
 .ARM.attributes
                0x000001f5       0x37 ./emlib/em_rtc.o
 .ARM.attributes
                0x0000022c       0x37 ./emlib/em_usart.o
 .ARM.attributes
                0x00000263       0x37 ./emlib/rtcdriver.o
 .ARM.attributes
                0x0000029a       0x37 ./emlib/spidrv.o
 .ARM.attributes
                0x000002d1       0x37 ./emlib/uartdrv.o
 .ARM.attributes
                0x00000308       0x1b ./CMSIS/EFM32WG/startup_efm32wg.o
 .ARM.attributes
                0x00000323       0x37 ./CMSIS/EFM32WG/system_efm32wg.o
 .ARM.attributes
                0x0000035a       0x37 ./emlib/em_leuart.o
 .ARM.attributes
                0x00000391       0x37 ./emlib/gpiointerrupt.o
 .ARM.attributes
                0x000003c8       0x22 c:/siliconlabs/simplicitystudio/v4/developer/toolchains/gnu_arm/4.9_2015q3/bin/../lib/gcc/arm-none-eabi/4.9.3/armv7e-m/softfp\libgcc.a(_aeabi_uldivmod.o)
 .ARM.attributes
                0x000003ea       0x32 c:/siliconlabs/simplicitystudio/v4/developer/toolchains/gnu_arm/4.9_2015q3/bin/../lib/gcc/arm-none-eabi/4.9.3/armv7e-m/softfp\libgcc.a(bpabi.o)
 .ARM.attributes
                0x0000041c       0x22 c:/siliconlabs/simplicitystudio/v4/developer/toolchains/gnu_arm/4.9_2015q3/bin/../lib/gcc/arm-none-eabi/4.9.3/armv7e-m/softfp\libgcc.a(_dvmd_tls.o)
 .ARM.attributes
                0x0000043e       0x32 c:/siliconlabs/simplicitystudio/v4/developer/toolchains/gnu_arm/4.9_2015q3/bin/../lib/gcc/arm-none-eabi/4.9.3/armv7e-m/softfp\libgcc.a(_divdi3.o)
 .ARM.attributes
                0x00000470       0x32 c:/siliconlabs/simplicitystudio/v4/developer/toolchains/gnu_arm/4.9_2015q3/bin/../lib/gcc/arm-none-eabi/4.9.3/armv7e-m/softfp\libgcc.a(_udivdi3.o)
 .ARM.attributes
                0x000004a2       0x32 c:/siliconlabs/simplicitystudio/v4/developer/toolchains/gnu_arm/4.9_2015q3/bin/../lib/gcc/arm-none-eabi/4.9.3/../../../../arm-none-eabi/lib/armv7e-m/softfp\libc_nano.a(lib_a-exit.o)
 .ARM.attributes
                0x000004d4       0x32 c:/siliconlabs/simplicitystudio/v4/developer/toolchains/gnu_arm/4.9_2015q3/bin/../lib/gcc/arm-none-eabi/4.9.3/../../../../arm-none-eabi/lib/armv7e-m/softfp\libc_nano.a(lib_a-impure.o)
 .ARM.attributes
                0x00000506       0x32 c:/siliconlabs/simplicitystudio/v4/developer/toolchains/gnu_arm/4.9_2015q3/bin/../lib/gcc/arm-none-eabi/4.9.3/../../../../arm-none-eabi/lib/armv7e-m/softfp\libc_nano.a(lib_a-init.o)
 .ARM.attributes
                0x00000538       0x32 c:/siliconlabs/simplicitystudio/v4/developer/toolchains/gnu_arm/4.9_2015q3/bin/../lib/gcc/arm-none-eabi/4.9.3/../../../../arm-none-eabi/lib/armv7e-m/softfp\libc_nano.a(lib_a-memcpy.o)
 .ARM.attributes
                0x0000056a       0x32 c:/siliconlabs/simplicitystudio/v4/developer/toolchains/gnu_arm/4.9_2015q3/bin/../lib/gcc/arm-none-eabi/4.9.3/../../../../arm-none-eabi/lib/armv7e-m/softfp\libc_nano.a(lib_a-memset.o)
 .ARM.attributes
                0x0000059c       0x32 c:/siliconlabs/simplicitystudio/v4/developer/toolchains/gnu_arm/4.9_2015q3/bin/../lib/gcc/arm-none-eabi/4.9.3/../../../../arm-none-eabi/lib/armv7e-m/softfp\libnosys.a(_exit.o)
 .ARM.attributes
                0x000005ce       0x32 c:/siliconlabs/simplicitystudio/v4/developer/toolchains/gnu_arm/4.9_2015q3/bin/../lib/gcc/arm-none-eabi/4.9.3/armv7e-m/softfp/crtend.o
 .ARM.attributes
                0x00000600       0x22 c:/siliconlabs/simplicitystudio/v4/developer/toolchains/gnu_arm/4.9_2015q3/bin/../lib/gcc/arm-none-eabi/4.9.3/armv7e-m/softfp/crtn.o

.comment        0x00000000       0x70
 .comment       0x00000000       0x70 ./src/main.o
                                 0x71 (size before relaxing)
 .comment       0x00000000       0x71 ./emlib/dmactrl.o
 .comment       0x00000000       0x71 ./emlib/dmadrv.o
 .comment       0x00000000       0x71 ./emlib/em_cmu.o
 .comment       0x00000000       0x71 ./emlib/em_core.o
 .comment       0x00000000       0x71 ./emlib/em_dma.o
 .comment       0x00000000       0x71 ./emlib/em_gpio.o
 .comment       0x00000000       0x71 ./emlib/em_rtc.o
 .comment       0x00000000       0x71 ./emlib/em_usart.o
 .comment       0x00000000       0x71 ./emlib/rtcdriver.o
 .comment       0x00000000       0x71 ./emlib/spidrv.o
 .comment       0x00000000       0x71 ./emlib/uartdrv.o
 .comment       0x00000000       0x71 ./CMSIS/EFM32WG/system_efm32wg.o
 .comment       0x00000000       0x71 ./emlib/em_leuart.o
 .comment       0x00000000       0x71 ./emlib/gpiointerrupt.o

.debug_info     0x00000000     0xe438
 .debug_info    0x00000000     0x1804 ./src/main.o
 .debug_info    0x00001804      0x129 ./emlib/dmactrl.o
 .debug_info    0x0000192d     0x170d ./emlib/dmadrv.o
 .debug_info    0x0000303a     0x1287 ./emlib/em_cmu.o
 .debug_info    0x000042c1      0xd04 ./emlib/em_core.o
 .debug_info    0x00004fc5     0x12f1 ./emlib/em_dma.o
 .debug_info    0x000062b6      0x65f ./emlib/em_gpio.o
 .debug_info    0x00006915      0x343 ./emlib/em_rtc.o
 .debug_info    0x00006c58      0xebf ./emlib/em_usart.o
 .debug_info    0x00007b17      0xd84 ./emlib/rtcdriver.o
 .debug_info    0x0000889b     0x1ba6 ./emlib/spidrv.o
 .debug_info    0x0000a441     0x27e4 ./emlib/uartdrv.o
 .debug_info    0x0000cc25       0xf6 ./CMSIS/EFM32WG/startup_efm32wg.o
 .debug_info    0x0000cd1b      0x723 ./CMSIS/EFM32WG/system_efm32wg.o
 .debug_info    0x0000d43e      0x851 ./emlib/em_leuart.o
 .debug_info    0x0000dc8f      0x7a9 ./emlib/gpiointerrupt.o

.debug_abbrev   0x00000000     0x2036
 .debug_abbrev  0x00000000      0x2ed ./src/main.o
 .debug_abbrev  0x000002ed       0x98 ./emlib/dmactrl.o
 .debug_abbrev  0x00000385      0x278 ./emlib/dmadrv.o
 .debug_abbrev  0x000005fd      0x2b7 ./emlib/em_cmu.o
 .debug_abbrev  0x000008b4      0x239 ./emlib/em_core.o
 .debug_abbrev  0x00000aed      0x24d ./emlib/em_dma.o
 .debug_abbrev  0x00000d3a      0x1c2 ./emlib/em_gpio.o
 .debug_abbrev  0x00000efc      0x198 ./emlib/em_rtc.o
 .debug_abbrev  0x00001094      0x1c7 ./emlib/em_usart.o
 .debug_abbrev  0x0000125b      0x29e ./emlib/rtcdriver.o
 .debug_abbrev  0x000014f9      0x25b ./emlib/spidrv.o
 .debug_abbrev  0x00001754      0x2fd ./emlib/uartdrv.o
 .debug_abbrev  0x00001a51       0x14 ./CMSIS/EFM32WG/startup_efm32wg.o
 .debug_abbrev  0x00001a65      0x1a3 ./CMSIS/EFM32WG/system_efm32wg.o
 .debug_abbrev  0x00001c08      0x1e2 ./emlib/em_leuart.o
 .debug_abbrev  0x00001dea      0x24c ./emlib/gpiointerrupt.o

.debug_loc      0x00000000     0x6424
 .debug_loc     0x00000000      0x5b2 ./src/main.o
 .debug_loc     0x000005b2      0x665 ./emlib/dmadrv.o
 .debug_loc     0x00000c17      0xd0c ./emlib/em_cmu.o
 .debug_loc     0x00001923      0x88c ./emlib/em_core.o
 .debug_loc     0x000021af      0x72c ./emlib/em_dma.o
 .debug_loc     0x000028db      0x3d0 ./emlib/em_gpio.o
 .debug_loc     0x00002cab      0x28c ./emlib/em_rtc.o
 .debug_loc     0x00002f37      0x6d2 ./emlib/em_usart.o
 .debug_loc     0x00003609      0x6e4 ./emlib/rtcdriver.o
 .debug_loc     0x00003ced      0xac7 ./emlib/spidrv.o
 .debug_loc     0x000047b4     0x1180 ./emlib/uartdrv.o
 .debug_loc     0x00005934      0x31c ./CMSIS/EFM32WG/system_efm32wg.o
 .debug_loc     0x00005c50      0x49c ./emlib/em_leuart.o
 .debug_loc     0x000060ec      0x338 ./emlib/gpiointerrupt.o

.debug_aranges  0x00000000      0xb40
 .debug_aranges
                0x00000000       0xb8 ./src/main.o
 .debug_aranges
                0x000000b8       0x18 ./emlib/dmactrl.o
 .debug_aranges
                0x000000d0       0xb8 ./emlib/dmadrv.o
 .debug_aranges
                0x00000188      0x160 ./emlib/em_cmu.o
 .debug_aranges
                0x000002e8       0xe8 ./emlib/em_core.o
 .debug_aranges
                0x000003d0       0xc0 ./emlib/em_dma.o
 .debug_aranges
                0x00000490       0x70 ./emlib/em_gpio.o
 .debug_aranges
                0x00000500       0x58 ./emlib/em_rtc.o
 .debug_aranges
                0x00000558       0xb8 ./emlib/em_usart.o
 .debug_aranges
                0x00000610       0xc8 ./emlib/rtcdriver.o
 .debug_aranges
                0x000006d8      0x128 ./emlib/spidrv.o
 .debug_aranges
                0x00000800      0x1c0 ./emlib/uartdrv.o
 .debug_aranges
                0x000009c0       0x20 ./CMSIS/EFM32WG/startup_efm32wg.o
 .debug_aranges
                0x000009e0       0x70 ./CMSIS/EFM32WG/system_efm32wg.o
 .debug_aranges
                0x00000a50       0x88 ./emlib/em_leuart.o
 .debug_aranges
                0x00000ad8       0x68 ./emlib/gpiointerrupt.o

.debug_ranges   0x00000000      0xa28
 .debug_ranges  0x00000000       0xa8 ./src/main.o
 .debug_ranges  0x000000a8       0xa8 ./emlib/dmadrv.o
 .debug_ranges  0x00000150      0x150 ./emlib/em_cmu.o
 .debug_ranges  0x000002a0       0xd8 ./emlib/em_core.o
 .debug_ranges  0x00000378       0xb0 ./emlib/em_dma.o
 .debug_ranges  0x00000428       0x60 ./emlib/em_gpio.o
 .debug_ranges  0x00000488       0x48 ./emlib/em_rtc.o
 .debug_ranges  0x000004d0       0xa8 ./emlib/em_usart.o
 .debug_ranges  0x00000578       0xb8 ./emlib/rtcdriver.o
 .debug_ranges  0x00000630      0x118 ./emlib/spidrv.o
 .debug_ranges  0x00000748      0x1b0 ./emlib/uartdrv.o
 .debug_ranges  0x000008f8       0x60 ./CMSIS/EFM32WG/system_efm32wg.o
 .debug_ranges  0x00000958       0x78 ./emlib/em_leuart.o
 .debug_ranges  0x000009d0       0x58 ./emlib/gpiointerrupt.o

.debug_line     0x00000000     0x66f5
 .debug_line    0x00000000      0x7bc ./src/main.o
 .debug_line    0x000007bc      0x21d ./emlib/dmactrl.o
 .debug_line    0x000009d9      0x6cb ./emlib/dmadrv.o
 .debug_line    0x000010a4      0xa00 ./emlib/em_cmu.o
 .debug_line    0x00001aa4      0x5ec ./emlib/em_core.o
 .debug_line    0x00002090      0x582 ./emlib/em_dma.o
 .debug_line    0x00002612      0x46b ./emlib/em_gpio.o
 .debug_line    0x00002a7d      0x34b ./emlib/em_rtc.o
 .debug_line    0x00002dc8      0x5c5 ./emlib/em_usart.o
 .debug_line    0x0000338d      0x689 ./emlib/rtcdriver.o
 .debug_line    0x00003a16      0xdeb ./emlib/spidrv.o
 .debug_line    0x00004801     0x1242 ./emlib/uartdrv.o
 .debug_line    0x00005a43       0xd3 ./CMSIS/EFM32WG/startup_efm32wg.o
 .debug_line    0x00005b16      0x38a ./CMSIS/EFM32WG/system_efm32wg.o
 .debug_line    0x00005ea0      0x421 ./emlib/em_leuart.o
 .debug_line    0x000062c1      0x434 ./emlib/gpiointerrupt.o

.debug_str      0x00000000     0x4a89
 .debug_str     0x00000000     0x1952 ./src/main.o
                               0x1a39 (size before relaxing)
 .debug_str     0x00001952       0x4d ./emlib/dmactrl.o
                                0x24e (size before relaxing)
 .debug_str     0x0000199f      0x956 ./emlib/dmadrv.o
                               0x1714 (size before relaxing)
 .debug_str     0x000022f5      0x8ac ./emlib/em_cmu.o
                                0xdbb (size before relaxing)
 .debug_str     0x00002ba1      0x30f ./emlib/em_core.o
                                0x875 (size before relaxing)
 .debug_str     0x00002eb0      0x2dd ./emlib/em_dma.o
                                0xdae (size before relaxing)
 .debug_str     0x0000318d      0x16c ./emlib/em_gpio.o
                                0x61a (size before relaxing)
 .debug_str     0x000032f9       0xbe ./emlib/em_rtc.o
                                0x300 (size before relaxing)
 .debug_str     0x000033b7      0x7ce ./emlib/em_usart.o
                                0xe1c (size before relaxing)
 .debug_str     0x00003b85      0x2b1 ./emlib/rtcdriver.o
                                0xbf4 (size before relaxing)
 .debug_str     0x00003e36      0x2f0 ./emlib/spidrv.o
                               0x1c79 (size before relaxing)
 .debug_str     0x00004126      0x63b ./emlib/uartdrv.o
                               0x22f2 (size before relaxing)
 .debug_str     0x00004761      0x16d ./CMSIS/EFM32WG/system_efm32wg.o
                                0x542 (size before relaxing)
 .debug_str     0x000048ce       0xf4 ./emlib/em_leuart.o
                                0x7a8 (size before relaxing)
 .debug_str     0x000049c2       0xc7 ./emlib/gpiointerrupt.o
                                0x6d6 (size before relaxing)

.debug_frame    0x00000000     0x300c
 .debug_frame   0x00000000      0x2e8 ./src/main.o
 .debug_frame   0x000002e8      0x2f0 ./emlib/dmadrv.o
 .debug_frame   0x000005d8      0x608 ./emlib/em_cmu.o
 .debug_frame   0x00000be0      0x3dc ./emlib/em_core.o
 .debug_frame   0x00000fbc      0x340 ./emlib/em_dma.o
 .debug_frame   0x000012fc      0x1c0 ./emlib/em_gpio.o
 .debug_frame   0x000014bc      0x138 ./emlib/em_rtc.o
 .debug_frame   0x000015f4      0x310 ./emlib/em_usart.o
 .debug_frame   0x00001904      0x354 ./emlib/rtcdriver.o
 .debug_frame   0x00001c58      0x500 ./emlib/spidrv.o
 .debug_frame   0x00002158      0x7fc ./emlib/uartdrv.o
 .debug_frame   0x00002954      0x180 ./CMSIS/EFM32WG/system_efm32wg.o
 .debug_frame   0x00002ad4      0x21c ./emlib/em_leuart.o
 .debug_frame   0x00002cf0      0x184 ./emlib/gpiointerrupt.o
 .debug_frame   0x00002e74       0x28 c:/siliconlabs/simplicitystudio/v4/developer/toolchains/gnu_arm/4.9_2015q3/bin/../lib/gcc/arm-none-eabi/4.9.3/armv7e-m/softfp\libgcc.a(_aeabi_uldivmod.o)
 .debug_frame   0x00002e9c       0x50 c:/siliconlabs/simplicitystudio/v4/developer/toolchains/gnu_arm/4.9_2015q3/bin/../lib/gcc/arm-none-eabi/4.9.3/armv7e-m/softfp\libgcc.a(bpabi.o)
 .debug_frame   0x00002eec       0x34 c:/siliconlabs/simplicitystudio/v4/developer/toolchains/gnu_arm/4.9_2015q3/bin/../lib/gcc/arm-none-eabi/4.9.3/armv7e-m/softfp\libgcc.a(_divdi3.o)
 .debug_frame   0x00002f20       0x30 c:/siliconlabs/simplicitystudio/v4/developer/toolchains/gnu_arm/4.9_2015q3/bin/../lib/gcc/arm-none-eabi/4.9.3/armv7e-m/softfp\libgcc.a(_udivdi3.o)
 .debug_frame   0x00002f50       0x28 c:/siliconlabs/simplicitystudio/v4/developer/toolchains/gnu_arm/4.9_2015q3/bin/../lib/gcc/arm-none-eabi/4.9.3/../../../../arm-none-eabi/lib/armv7e-m/softfp\libc_nano.a(lib_a-exit.o)
 .debug_frame   0x00002f78       0x2c c:/siliconlabs/simplicitystudio/v4/developer/toolchains/gnu_arm/4.9_2015q3/bin/../lib/gcc/arm-none-eabi/4.9.3/../../../../arm-none-eabi/lib/armv7e-m/softfp\libc_nano.a(lib_a-init.o)
 .debug_frame   0x00002fa4       0x28 c:/siliconlabs/simplicitystudio/v4/developer/toolchains/gnu_arm/4.9_2015q3/bin/../lib/gcc/arm-none-eabi/4.9.3/../../../../arm-none-eabi/lib/armv7e-m/softfp\libc_nano.a(lib_a-memcpy.o)
 .debug_frame   0x00002fcc       0x20 c:/siliconlabs/simplicitystudio/v4/developer/toolchains/gnu_arm/4.9_2015q3/bin/../lib/gcc/arm-none-eabi/4.9.3/../../../../arm-none-eabi/lib/armv7e-m/softfp\libc_nano.a(lib_a-memset.o)
 .debug_frame   0x00002fec       0x20 c:/siliconlabs/simplicitystudio/v4/developer/toolchains/gnu_arm/4.9_2015q3/bin/../lib/gcc/arm-none-eabi/4.9.3/../../../../arm-none-eabi/lib/armv7e-m/softfp\libnosys.a(_exit.o)
