Archive member included because of file (symbol)

c:/siliconlabs/simplicitystudio/v4/developer/toolchains/gnu_arm/4.9_2015q3/bin/../lib/gcc/arm-none-eabi/4.9.3/armv7e-m/softfp\libgcc.a(_arm_addsubdf3.o)
                              ./src/main.o (__aeabi_f2d)
c:/siliconlabs/simplicitystudio/v4/developer/toolchains/gnu_arm/4.9_2015q3/bin/../lib/gcc/arm-none-eabi/4.9.3/armv7e-m/softfp\libgcc.a(_aeabi_uldivmod.o)
                              ./emlib/em_usart.o (__aeabi_uldivmod)
c:/siliconlabs/simplicitystudio/v4/developer/toolchains/gnu_arm/4.9_2015q3/bin/../lib/gcc/arm-none-eabi/4.9.3/armv7e-m/softfp\libgcc.a(bpabi.o)
                              c:/siliconlabs/simplicitystudio/v4/developer/toolchains/gnu_arm/4.9_2015q3/bin/../lib/gcc/arm-none-eabi/4.9.3/armv7e-m/softfp\libgcc.a(_aeabi_uldivmod.o) (__gnu_uldivmod_helper)
c:/siliconlabs/simplicitystudio/v4/developer/toolchains/gnu_arm/4.9_2015q3/bin/../lib/gcc/arm-none-eabi/4.9.3/armv7e-m/softfp\libgcc.a(_dvmd_tls.o)
                              c:/siliconlabs/simplicitystudio/v4/developer/toolchains/gnu_arm/4.9_2015q3/bin/../lib/gcc/arm-none-eabi/4.9.3/armv7e-m/softfp\libgcc.a(_aeabi_uldivmod.o) (__aeabi_ldiv0)
c:/siliconlabs/simplicitystudio/v4/developer/toolchains/gnu_arm/4.9_2015q3/bin/../lib/gcc/arm-none-eabi/4.9.3/armv7e-m/softfp\libgcc.a(_divdi3.o)
                              c:/siliconlabs/simplicitystudio/v4/developer/toolchains/gnu_arm/4.9_2015q3/bin/../lib/gcc/arm-none-eabi/4.9.3/armv7e-m/softfp\libgcc.a(bpabi.o) (__divdi3)
c:/siliconlabs/simplicitystudio/v4/developer/toolchains/gnu_arm/4.9_2015q3/bin/../lib/gcc/arm-none-eabi/4.9.3/armv7e-m/softfp\libgcc.a(_udivdi3.o)
                              c:/siliconlabs/simplicitystudio/v4/developer/toolchains/gnu_arm/4.9_2015q3/bin/../lib/gcc/arm-none-eabi/4.9.3/armv7e-m/softfp\libgcc.a(bpabi.o) (__udivdi3)
c:/siliconlabs/simplicitystudio/v4/developer/toolchains/gnu_arm/4.9_2015q3/bin/../lib/gcc/arm-none-eabi/4.9.3/../../../../arm-none-eabi/lib/armv7e-m/softfp\libc_nano.a(lib_a-clock.o)
                              ./src/main.o (clock)
c:/siliconlabs/simplicitystudio/v4/developer/toolchains/gnu_arm/4.9_2015q3/bin/../lib/gcc/arm-none-eabi/4.9.3/../../../../arm-none-eabi/lib/armv7e-m/softfp\libc_nano.a(lib_a-exit.o)
                              c:/siliconlabs/simplicitystudio/v4/developer/toolchains/gnu_arm/4.9_2015q3/bin/../lib/gcc/arm-none-eabi/4.9.3/../../../../arm-none-eabi/lib/armv7e-m/softfp/crt0.o (exit)
c:/siliconlabs/simplicitystudio/v4/developer/toolchains/gnu_arm/4.9_2015q3/bin/../lib/gcc/arm-none-eabi/4.9.3/../../../../arm-none-eabi/lib/armv7e-m/softfp\libc_nano.a(lib_a-impure.o)
                              c:/siliconlabs/simplicitystudio/v4/developer/toolchains/gnu_arm/4.9_2015q3/bin/../lib/gcc/arm-none-eabi/4.9.3/../../../../arm-none-eabi/lib/armv7e-m/softfp\libc_nano.a(lib_a-exit.o) (_global_impure_ptr)
c:/siliconlabs/simplicitystudio/v4/developer/toolchains/gnu_arm/4.9_2015q3/bin/../lib/gcc/arm-none-eabi/4.9.3/../../../../arm-none-eabi/lib/armv7e-m/softfp\libc_nano.a(lib_a-init.o)
                              c:/siliconlabs/simplicitystudio/v4/developer/toolchains/gnu_arm/4.9_2015q3/bin/../lib/gcc/arm-none-eabi/4.9.3/../../../../arm-none-eabi/lib/armv7e-m/softfp/crt0.o (__libc_init_array)
c:/siliconlabs/simplicitystudio/v4/developer/toolchains/gnu_arm/4.9_2015q3/bin/../lib/gcc/arm-none-eabi/4.9.3/../../../../arm-none-eabi/lib/armv7e-m/softfp\libc_nano.a(lib_a-memcpy.o)
                              ./emlib/uartdrv.o (memcpy)
c:/siliconlabs/simplicitystudio/v4/developer/toolchains/gnu_arm/4.9_2015q3/bin/../lib/gcc/arm-none-eabi/4.9.3/../../../../arm-none-eabi/lib/armv7e-m/softfp\libc_nano.a(lib_a-memset.o)
                              c:/siliconlabs/simplicitystudio/v4/developer/toolchains/gnu_arm/4.9_2015q3/bin/../lib/gcc/arm-none-eabi/4.9.3/../../../../arm-none-eabi/lib/armv7e-m/softfp/crt0.o (memset)
c:/siliconlabs/simplicitystudio/v4/developer/toolchains/gnu_arm/4.9_2015q3/bin/../lib/gcc/arm-none-eabi/4.9.3/../../../../arm-none-eabi/lib/armv7e-m/softfp\libc_nano.a(lib_a-sprintf.o)
                              ./src/main.o (sprintf)
c:/siliconlabs/simplicitystudio/v4/developer/toolchains/gnu_arm/4.9_2015q3/bin/../lib/gcc/arm-none-eabi/4.9.3/../../../../arm-none-eabi/lib/armv7e-m/softfp\libc_nano.a(lib_a-timesr.o)
                              c:/siliconlabs/simplicitystudio/v4/developer/toolchains/gnu_arm/4.9_2015q3/bin/../lib/gcc/arm-none-eabi/4.9.3/../../../../arm-none-eabi/lib/armv7e-m/softfp\libc_nano.a(lib_a-clock.o) (_times_r)
c:/siliconlabs/simplicitystudio/v4/developer/toolchains/gnu_arm/4.9_2015q3/bin/../lib/gcc/arm-none-eabi/4.9.3/../../../../arm-none-eabi/lib/armv7e-m/softfp\libc_nano.a(lib_a-nano-svfprintf.o)
                              c:/siliconlabs/simplicitystudio/v4/developer/toolchains/gnu_arm/4.9_2015q3/bin/../lib/gcc/arm-none-eabi/4.9.3/../../../../arm-none-eabi/lib/armv7e-m/softfp\libc_nano.a(lib_a-sprintf.o) (_svfprintf_r)
[...]
Memory Configuration

Name             Origin             Length             Attributes
FLASH            0x00000000         0x00040000         xr
RAM              0x20000000         0x00008000         xrw
*default*        0x00000000         0xffffffff

Linker script and memory map

LOAD c:/siliconlabs/simplicitystudio/v4/developer/toolchains/gnu_arm/4.9_2015q3/bin/../lib/gcc/arm-none-eabi/4.9.3/armv7e-m/softfp/crti.o
LOAD c:/siliconlabs/simplicitystudio/v4/developer/toolchains/gnu_arm/4.9_2015q3/bin/../lib/gcc/arm-none-eabi/4.9.3/armv7e-m/softfp/crtbegin.o
LOAD c:/siliconlabs/simplicitystudio/v4/developer/toolchains/gnu_arm/4.9_2015q3/bin/../lib/gcc/arm-none-eabi/4.9.3/../../../../arm-none-eabi/lib/armv7e-m/softfp/crt0.o
LOAD ./src/main.o
LOAD ./emlib/dmactrl.o
LOAD ./emlib/dmadrv.o
LOAD ./emlib/em_cmu.o
LOAD ./emlib/em_core.o
LOAD ./emlib/em_dma.o
LOAD ./emlib/em_emu.o
LOAD ./emlib/em_gpio.o
LOAD ./emlib/em_rtc.o
LOAD ./emlib/em_system.o
LOAD ./emlib/em_usart.o
LOAD ./emlib/rtcdriver.o
LOAD ./emlib/spidrv.o
LOAD ./emlib/uartdrv.o
LOAD ./CMSIS/EFM32WG/startup_efm32wg.o
LOAD ./CMSIS/EFM32WG/system_efm32wg.o
LOAD ./emlib/em_leuart.o
LOAD ./emlib/gpiointerrupt.o
START GROUP
LOAD c:/siliconlabs/simplicitystudio/v4/developer/toolchains/gnu_arm/4.9_2015q3/bin/../lib/gcc/arm-none-eabi/4.9.3/armv7e-m/softfp\libgcc.a
LOAD c:/siliconlabs/simplicitystudio/v4/developer/toolchains/gnu_arm/4.9_2015q3/bin/../lib/gcc/arm-none-eabi/4.9.3/../../../../arm-none-eabi/lib/armv7e-m/softfp\libc_nano.a
LOAD c:/siliconlabs/simplicitystudio/v4/developer/toolchains/gnu_arm/4.9_2015q3/bin/../lib/gcc/arm-none-eabi/4.9.3/../../../../arm-none-eabi/lib/armv7e-m/softfp\libnosys.a
END GROUP
START GROUP
LOAD c:/siliconlabs/simplicitystudio/v4/developer/toolchains/gnu_arm/4.9_2015q3/bin/../lib/gcc/arm-none-eabi/4.9.3/armv7e-m/softfp\libgcc.a
LOAD c:/siliconlabs/simplicitystudio/v4/developer/toolchains/gnu_arm/4.9_2015q3/bin/../lib/gcc/arm-none-eabi/4.9.3/../../../../arm-none-eabi/lib/armv7e-m/softfp\libg_nano.a
LOAD c:/siliconlabs/simplicitystudio/v4/developer/toolchains/gnu_arm/4.9_2015q3/bin/../lib/gcc/arm-none-eabi/4.9.3/../../../../arm-none-eabi/lib/armv7e-m/softfp\libc_nano.a
END GROUP
START GROUP
LOAD c:/siliconlabs/simplicitystudio/v4/developer/toolchains/gnu_arm/4.9_2015q3/bin/../lib/gcc/arm-none-eabi/4.9.3/armv7e-m/softfp\libgcc.a
LOAD c:/siliconlabs/simplicitystudio/v4/developer/toolchains/gnu_arm/4.9_2015q3/bin/../lib/gcc/arm-none-eabi/4.9.3/../../../../arm-none-eabi/lib/armv7e-m/softfp\libc_nano.a
END GROUP
LOAD c:/siliconlabs/simplicitystudio/v4/developer/toolchains/gnu_arm/4.9_2015q3/bin/../lib/gcc/arm-none-eabi/4.9.3/armv7e-m/softfp/crtend.o
LOAD c:/siliconlabs/simplicitystudio/v4/developer/toolchains/gnu_arm/4.9_2015q3/bin/../lib/gcc/arm-none-eabi/4.9.3/armv7e-m/softfp/crtn.o

.text           0x00000000     0x6b00
 *(.vectors)
 .vectors       0x00000000       0xe0 ./CMSIS/EFM32WG/startup_efm32wg.o
                0x00000000                __Vectors
                0x000000e0                __Vectors_End = .
                0x000000e0                __Vectors_Size = (__Vectors_End - __Vectors)
                0x000000e0                __end__ = .
 *(.text*)
 .text          0x000000e0       0x5c c:/siliconlabs/simplicitystudio/v4/developer/toolchains/gnu_arm/4.9_2015q3/bin/../lib/gcc/arm-none-eabi/4.9.3/armv7e-m/softfp/crtbegin.o
 .text          0x0000013c       0x74 c:/siliconlabs/simplicitystudio/v4/developer/toolchains/gnu_arm/4.9_2015q3/bin/../lib/gcc/arm-none-eabi/4.9.3/../../../../arm-none-eabi/lib/armv7e-m/softfp/crt0.o
                0x0000013c                _start
                0x0000013c                _mainCRTStartup
 .text.GPIO_IntClear
                0x000001b0       0x20 ./src/main.o
 .text.GPIO_IntDisable
                0x000001d0       0x28 ./src/main.o
 .text.GPIO_IntEnable
                0x000001f8       0x28 ./src/main.o
 .text.CHIP_Init
                0x00000220        0xc ./src/main.o
 .text.MAX_Init
                0x0000022c      0x15c ./src/main.o
                0x0000022c                MAX_Init
 .text.SPI_Init
                0x00000388       0x34 ./src/main.o
                0x00000388                SPI_Init
 .text.UART_Init
                0x000003bc       0x34 ./src/main.o
                0x000003bc                UART_Init
 .text.callback_UARTTX
                0x000003f0       0x18 ./src/main.o
                0x000003f0                callback_UARTTX
 .text.GPIOINT_callback
                0x00000408       0x34 ./src/main.o
                0x00000408                GPIOINT_callback
 .text.setupGPIOInt
                0x0000043c       0x40 ./src/main.o
                0x0000043c                setupGPIOInt
 .text.delay    0x0000047c       0x34 ./src/main.o
                0x0000047c                delay
 .text.pollRTC  0x000004b0       0x78 ./src/main.o
                0x000004b0                pollRTC
 .text.pollTOF  0x00000528       0x44 ./src/main.o
                0x00000528                pollTOF
 .text.processRTC
                0x0000056c      0x138 ./src/main.o
                0x0000056c                processRTC
 .text.processTOF
                0x000006a4       0x8c ./src/main.o
                0x000006a4                processTOF
 .text.main     0x00000730       0xf4 ./src/main.o
                0x00000730                main
 .text.NVIC_SetPriority
                0x00000824       0x54 ./emlib/dmadrv.o
 .text.DMADRV_AllocateChannel
                0x00000878       0xb4 ./emlib/dmadrv.o
                0x00000878                DMADRV_AllocateChannel
 .text.DMADRV_Init
                0x0000092c       0x84 ./emlib/dmadrv.o
                0x0000092c                DMADRV_Init
 .text.DMADRV_MemoryPeripheral
                0x000009b0       0x48 ./emlib/dmadrv.o
                0x000009b0                DMADRV_MemoryPeripheral
 .text.DMADRV_PeripheralMemory
                0x000009f8       0x48 ./emlib/dmadrv.o
                0x000009f8                DMADRV_PeripheralMemory
 .text.DMADRV_PauseTransfer
                0x00000a40       0x6c ./emlib/dmadrv.o
                0x00000a40                DMADRV_PauseTransfer
 .text.DMADRV_ResumeTransfer
                0x00000aac       0x6c ./emlib/dmadrv.o
                0x00000aac                DMADRV_ResumeTransfer
 .text.DMADRV_TransferActive
                0x00000b18       0x84 ./emlib/dmadrv.o
                0x00000b18                DMADRV_TransferActive
 .text.DmaBasicCallback
                0x00000b9c       0x4c ./emlib/dmadrv.o
 .text.DmaPingPongCallback
                0x00000be8       0x8c ./emlib/dmadrv.o
 .text.StartTransfer
                0x00000c74      0x250 ./emlib/dmadrv.o
 .text.BUS_RegBitWrite
                0x00000ec4       0x2c ./emlib/em_cmu.o
 .text.BUS_RegBitRead
                0x00000ef0       0x2c ./emlib/em_cmu.o
 .text.CMU_DivToLog2
                0x00000f1c       0x34 ./emlib/em_cmu.o
 .text.SYSTEM_GetProdRev
                0x00000f50       0x1c ./emlib/em_cmu.o
 .text.setHfLeConfig
                0x00000f6c       0x60 ./emlib/em_cmu.o
 .text.getHfLeConfig
                0x00000fcc       0x20 ./emlib/em_cmu.o
 .text.auxClkGet
                0x00000fec       0xb0 ./emlib/em_cmu.o
 .text.dbgClkGet
                0x0000109c       0x40 ./emlib/em_cmu.o
 .text.flashWaitStateControl
                0x000010dc       0xb8 ./emlib/em_cmu.o
 .text.flashWaitStateMax
                0x00001194       0x14 ./emlib/em_cmu.o
 .text.CMU_UpdateWaitStates
                0x000011a8       0x18 ./emlib/em_cmu.o
                0x000011a8                CMU_UpdateWaitStates
 .text.lfClkGet
                0x000011c0       0xec ./emlib/em_cmu.o
 .text.syncReg  0x000012ac       0x34 ./emlib/em_cmu.o
 .text.usbCClkGet
                0x000012e0       0x4c ./emlib/em_cmu.o
 .text.CMU_ClockDivSet
                0x0000132c      0x22c ./emlib/em_cmu.o
                0x0000132c                CMU_ClockDivSet
 .text.CMU_ClockEnable
                0x00001558       0xd0 ./emlib/em_cmu.o
                0x00001558                CMU_ClockEnable
 .text.CMU_ClockFreqGet
                0x00001628      0x1d8 ./emlib/em_cmu.o
                0x00001628                CMU_ClockFreqGet
 .text.CMU_ClockSelectGet
                0x00001800      0x15c ./emlib/em_cmu.o
                0x00001800                CMU_ClockSelectGet
 .text.CMU_ClockSelectSet
                0x0000195c      0x290 ./emlib/em_cmu.o
                0x0000195c                CMU_ClockSelectSet
 .text.CMU_OscillatorEnable
                0x00001bec       0xbc ./emlib/em_cmu.o
                0x00001bec                CMU_OscillatorEnable
 .text.NVIC_GetPriority
                0x00001ca8       0x50 ./emlib/em_core.o
 .text.CORE_EnterAtomic
                0x00001cf8       0x20 ./emlib/em_core.o
                0x00001cf8                CORE_EnterAtomic
 .text.CORE_ExitAtomic
                0x00001d18       0x1c ./emlib/em_core.o
                0x00001d18                CORE_ExitAtomic
 .text.CORE_IrqIsBlocked
                0x00001d34       0xac ./emlib/em_core.o
                0x00001d34                CORE_IrqIsBlocked
 .text.CORE_NvicIRQDisabled
                0x00001de0       0x58 ./emlib/em_core.o
                0x00001de0                CORE_NvicIRQDisabled
 .text.NVIC_EnableIRQ
                0x00001e38       0x30 ./emlib/em_dma.o
 .text.NVIC_DisableIRQ
                0x00001e68       0x34 ./emlib/em_dma.o
 .text.NVIC_ClearPendingIRQ
                0x00001e9c       0x34 ./emlib/em_dma.o
 .text.BUS_RegBitWrite
                0x00001ed0       0x2c ./emlib/em_dma.o
 .text.DMA_Prepare
                0x00001efc      0x114 ./emlib/em_dma.o
 .text.DMA_IRQHandler
                0x00002010       0xd8 ./emlib/em_dma.o
                0x00002010                DMA_IRQHandler
 .text.DMA_ActivateBasic
                0x000020e8       0x44 ./emlib/em_dma.o
                0x000020e8                DMA_ActivateBasic
 .text.DMA_ActivatePingPong
                0x0000212c       0x5c ./emlib/em_dma.o
                0x0000212c                DMA_ActivatePingPong
 .text.DMA_CfgChannel
                0x00002188       0x90 ./emlib/em_dma.o
                0x00002188                DMA_CfgChannel
 .text.DMA_CfgDescr
                0x00002218       0x70 ./emlib/em_dma.o
                0x00002218                DMA_CfgDescr
 .text.DMA_ChannelEnabled
                0x00002288       0x30 ./emlib/em_dma.o
                0x00002288                DMA_ChannelEnabled
 .text.DMA_ChannelRequestEnable
                0x000022b8       0x38 ./emlib/em_dma.o
                0x000022b8                DMA_ChannelRequestEnable
 .text.DMA_Init
                0x000022f0       0x54 ./emlib/em_dma.o
                0x000022f0                DMA_Init
 .text.DMA_RefreshPingPong
                0x00002344       0xf8 ./emlib/em_dma.o
                0x00002344                DMA_RefreshPingPong
 .text.DMA_Reset
                0x0000243c       0x88 ./emlib/em_dma.o
                0x0000243c                DMA_Reset
 .text.BUS_RegBitWrite
                0x000024c4       0x2c ./emlib/em_gpio.o
 .text.BUS_RegMaskedWrite
                0x000024f0       0x28 ./emlib/em_gpio.o
 .text.GPIO_PinOutClear
                0x00002518       0x58 ./emlib/em_gpio.o
 .text.GPIO_PinOutSet
                0x00002570       0x58 ./emlib/em_gpio.o
 .text.GPIO_ExtIntConfig
                0x000025c8       0xd4 ./emlib/em_gpio.o
                0x000025c8                GPIO_ExtIntConfig
 .text.GPIO_PinModeSet
                0x0000269c      0x10c ./emlib/em_gpio.o
                0x0000269c                GPIO_PinModeSet
 .text.BUS_RegBitWrite
                0x000027a8       0x2c ./emlib/em_rtc.o
 .text.RTC_CompareGet
                0x000027d4       0x3c ./emlib/em_rtc.o
                0x000027d4                RTC_CompareGet
 .text.RTC_CompareSet
                0x00002810       0x3c ./emlib/em_rtc.o
                0x00002810                RTC_CompareSet
 .text.RTC_Enable
                0x0000284c       0x20 ./emlib/em_rtc.o
                0x0000284c                RTC_Enable
 .text.RTC_Init
                0x0000286c       0x50 ./emlib/em_rtc.o
                0x0000286c                RTC_Init
 .text.RTC_CounterReset
                0x000028bc       0x14 ./emlib/em_rtc.o
                0x000028bc                RTC_CounterReset
 .text.USART_BaudrateAsyncSet
                0x000028d0       0xb0 ./emlib/em_usart.o
                0x000028d0                USART_BaudrateAsyncSet
 .text.USART_BaudrateSyncSet
                0x00002980       0x40 ./emlib/em_usart.o
                0x00002980                USART_BaudrateSyncSet
 .text.USART_Enable
                0x000029c0       0x70 ./emlib/em_usart.o
                0x000029c0                USART_Enable
 .text.USART_InitAsync
                0x00002a30       0xb4 ./emlib/em_usart.o
                0x00002a30                USART_InitAsync
 .text.USART_InitSync
                0x00002ae4       0xcc ./emlib/em_usart.o
                0x00002ae4                USART_InitSync
 .text.USART_Reset
                0x00002bb0       0xb0 ./emlib/em_usart.o
                0x00002bb0                USART_Reset
 .text.USART_Tx
                0x00002c60       0x2c ./emlib/em_usart.o
                0x00002c60                USART_Tx
 .text.NVIC_EnableIRQ
                0x00002c8c       0x30 ./emlib/rtcdriver.o
 .text.NVIC_ClearPendingIRQ
                0x00002cbc       0x34 ./emlib/rtcdriver.o
 .text.RTC_CounterGet
                0x00002cf0       0x18 ./emlib/rtcdriver.o
 .text.RTC_IntClear
                0x00002d08       0x1c ./emlib/rtcdriver.o
 .text.RTC_IntDisable
                0x00002d24       0x24 ./emlib/rtcdriver.o
 .text.RTC_IntEnable
                0x00002d48       0x24 ./emlib/rtcdriver.o
 .text.RTC_IntGetEnabled
                0x00002d6c       0x24 ./emlib/rtcdriver.o
 .text.RTCDRV_AllocateTimer
                0x00002d90       0x8c ./emlib/rtcdriver.o
                0x00002d90                RTCDRV_AllocateTimer
 .text.RTCDRV_Init
                0x00002e1c       0xa0 ./emlib/rtcdriver.o
                0x00002e1c                RTCDRV_Init
 .text.RTCDRV_StopTimer
                0x00002ebc       0x70 ./emlib/rtcdriver.o
                0x00002ebc                RTCDRV_StopTimer
 .text.RTC_IRQHandler
                0x00002f2c       0xb4 ./emlib/rtcdriver.o
                0x00002f2c                RTC_IRQHandler
 .text.checkAllTimers
                0x00002fe0      0x2c8 ./emlib/rtcdriver.o
 .text.executeTimerCallbacks
                0x000032a8       0x64 ./emlib/rtcdriver.o
 .text.rescheduleRtc
                0x0000330c      0x10c ./emlib/rtcdriver.o
 .text.SPIDRV_Init
                0x00003418      0x26c ./emlib/spidrv.o
                0x00003418                SPIDRV_Init
 .text.SPIDRV_MTransferB
                0x00003684       0x68 ./emlib/spidrv.o
                0x00003684                SPIDRV_MTransferB
 .text.SPIDRV_MTransmitB
                0x000036ec       0x54 ./emlib/spidrv.o
                0x000036ec                SPIDRV_MTransmitB
 .text.BlockingComplete
                0x00003740       0x24 ./emlib/spidrv.o
 .text.ConfigGPIO
                0x00003764      0x5e0 ./emlib/spidrv.o
 .text.RxDMAComplete
                0x00003d44       0x64 ./emlib/spidrv.o
 .text.StartTransferDMA
                0x00003da8       0xc4 ./emlib/spidrv.o
 .text.StartTransmitDMA
                0x00003e6c       0xc4 ./emlib/spidrv.o
 .text.TransferApiBlockingPrologue
                0x00003f30       0x70 ./emlib/spidrv.o
 .text.WaitForTransferCompletion
                0x00003fa0       0x48 ./emlib/spidrv.o
 .text.USART_IntClear
                0x00003fe8       0x1c ./emlib/uartdrv.o
 .text.BUS_RegBitRead
                0x00004004       0x2c ./emlib/uartdrv.o
 .text.GPIO_PinInGet
                0x00004030       0x54 ./emlib/uartdrv.o
 .text.GPIO_PinOutClear
                0x00004084       0x58 ./emlib/uartdrv.o
 .text.GPIO_PinOutSet
                0x000040dc       0x58 ./emlib/uartdrv.o
 .text.GPIO_IntConfig
                0x00004134       0x38 ./emlib/uartdrv.o
 .text.HwFcCtsIrqGetDrvHandle
                0x0000416c       0x48 ./emlib/uartdrv.o
 .text.HwFcGetClearToSendPin
                0x000041b4       0x34 ./emlib/uartdrv.o
 .text.HwFcManageClearToSend
                0x000041e8       0xa0 ./emlib/uartdrv.o
 .text.FcApplyState
                0x00004288       0xcc ./emlib/uartdrv.o
 .text.EnqueueBuffer
                0x00004354       0xa8 ./emlib/uartdrv.o
 .text.DequeueBuffer
                0x000043fc       0x84 ./emlib/uartdrv.o
 .text.GetTailBuffer
                0x00004480       0x58 ./emlib/uartdrv.o
 .text.EnableTransmitter
                0x000044d8       0x88 ./emlib/uartdrv.o
 .text.DisableTransmitter
                0x00004560       0x68 ./emlib/uartdrv.o
 .text.StartTransmitDma
                0x000045c8       0x84 ./emlib/uartdrv.o
 .text.TransmitDmaComplete
                0x0000464c       0xb0 ./emlib/uartdrv.o
 .text.CheckParams
                0x000046fc       0x44 ./emlib/uartdrv.o
 .text.SetupGpioUart
                0x00004740      0x49c ./emlib/uartdrv.o
 .text.ConfigGpio
                0x00004bdc      0x16c ./emlib/uartdrv.o
 .text.SetHandleIndex
                0x00004d48       0xa4 ./emlib/uartdrv.o
 .text.InitializeQueues
                0x00004dec       0x6c ./emlib/uartdrv.o
 .text.InitializeGpioFlowControl
                0x00004e58       0x3c ./emlib/uartdrv.o
 .text.InitializeDma
                0x00004e94       0x48 ./emlib/uartdrv.o
 .text.UARTDRV_InitUart
                0x00004edc      0x278 ./emlib/uartdrv.o
                0x00004edc                UARTDRV_InitUart
 .text.UARTDRV_ForceTransmit
                0x00005154      0x124 ./emlib/uartdrv.o
                0x00005154                UARTDRV_ForceTransmit
 .text.UARTDRV_PauseTransmit
                0x00005278       0x54 ./emlib/uartdrv.o
                0x00005278                UARTDRV_PauseTransmit
 .text.UARTDRV_ResumeTransmit
                0x000052cc       0x68 ./emlib/uartdrv.o
                0x000052cc                UARTDRV_ResumeTransmit
 .text.UARTDRV_Transmit
                0x00005334       0xa4 ./emlib/uartdrv.o
                0x00005334                UARTDRV_Transmit
 .text          0x000053d8       0x30 ./CMSIS/EFM32WG/startup_efm32wg.o
                0x000053d8                Reset_Handler
                0x00005404                DebugMon_Handler
                0x00005404                USART0_TX_IRQHandler
                0x00005404                I2C0_IRQHandler
                0x00005404                HardFault_Handler
                0x00005404                LEUART1_IRQHandler
                0x00005404                SysTick_Handler
                0x00005404                USART1_RX_IRQHandler
                0x00005404                PendSV_Handler
                0x00005404                NMI_Handler
                0x00005404                I2C1_IRQHandler
                0x00005404                TIMER3_IRQHandler
                0x00005404                USART1_TX_IRQHandler
                0x00005404                MSC_IRQHandler
                0x00005404                ADC0_IRQHandler
                0x00005404                UsageFault_Handler
                0x00005404                LEUART0_IRQHandler
                0x00005404                FPUEH_IRQHandler
                0x00005404                UART0_TX_IRQHandler
                0x00005404                UART1_TX_IRQHandler
                0x00005404                TIMER0_IRQHandler
                0x00005404                TIMER2_IRQHandler
                0x00005404                LCD_IRQHandler
                0x00005404                PCNT2_IRQHandler
                0x00005404                UART0_RX_IRQHandler
                0x00005404                LETIMER0_IRQHandler
                0x00005404                TIMER1_IRQHandler
                0x00005404                USART2_RX_IRQHandler
                0x00005404                Default_Handler
                0x00005404                EMU_IRQHandler
                0x00005404                PCNT0_IRQHandler
                0x00005404                USB_IRQHandler
                0x00005404                BURTC_IRQHandler
                0x00005404                PCNT1_IRQHandler
                0x00005404                ACMP0_IRQHandler
                0x00005404                USART0_RX_IRQHandler
                0x00005404                MemManage_Handler
                0x00005404                SVC_Handler
                0x00005404                DAC0_IRQHandler
                0x00005404                UART1_RX_IRQHandler
                0x00005404                CMU_IRQHandler
                0x00005404                EBI_IRQHandler
                0x00005404                LESENSE_IRQHandler
                0x00005404                AES_IRQHandler
                0x00005404                VCMP_IRQHandler
                0x00005404                BusFault_Handler
                0x00005404                USART2_TX_IRQHandler
 .text.GetProdRev
                0x00005408       0x1c ./CMSIS/EFM32WG/system_efm32wg.o
 .text.SystemCoreClockGet
                0x00005424       0x34 ./CMSIS/EFM32WG/system_efm32wg.o
                0x00005424                SystemCoreClockGet
 .text.SystemMaxCoreClockGet
                0x00005458       0x14 ./CMSIS/EFM32WG/system_efm32wg.o
                0x00005458                SystemMaxCoreClockGet
 .text.SystemHFClockGet
                0x0000546c      0x100 ./CMSIS/EFM32WG/system_efm32wg.o
                0x0000546c                SystemHFClockGet
 .text.SystemHFXOClockGet
                0x0000556c       0x18 ./CMSIS/EFM32WG/system_efm32wg.o
                0x0000556c                SystemHFXOClockGet
 .text.SystemInit
                0x00005584       0x20 ./CMSIS/EFM32WG/system_efm32wg.o
                0x00005584                SystemInit
 .text.SystemLFRCOClockGet
                0x000055a4       0x14 ./CMSIS/EFM32WG/system_efm32wg.o
                0x000055a4                SystemLFRCOClockGet
 .text.SystemULFRCOClockGet
                0x000055b8       0x14 ./CMSIS/EFM32WG/system_efm32wg.o
                0x000055b8                SystemULFRCOClockGet
 .text.SystemLFXOClockGet
                0x000055cc       0x18 ./CMSIS/EFM32WG/system_efm32wg.o
                0x000055cc                SystemLFXOClockGet
 .text.LEUART_Sync
                0x000055e4       0x30 ./emlib/em_leuart.o
 .text.LEUART_Tx
                0x00005614       0x30 ./emlib/em_leuart.o
                0x00005614                LEUART_Tx
 .text.NVIC_EnableIRQ
                0x00005644       0x30 ./emlib/gpiointerrupt.o
 .text.NVIC_ClearPendingIRQ
                0x00005674       0x34 ./emlib/gpiointerrupt.o
 .text.GPIO_IntClear
                0x000056a8       0x20 ./emlib/gpiointerrupt.o
 .text.GPIO_IntGetEnabled
                0x000056c8       0x28 ./emlib/gpiointerrupt.o
 .text.SL_CTZ   0x000056f0       0x28 ./emlib/gpiointerrupt.o
 .text.GPIOINT_Init
                0x00005718       0x20 ./emlib/gpiointerrupt.o
                0x00005718                GPIOINT_Init
 .text.GPIOINT_CallbackRegister
                0x00005738       0x2c ./emlib/gpiointerrupt.o
                0x00005738                GPIOINT_CallbackRegister
 .text.GPIOINT_IRQDispatcher
                0x00005764       0x50 ./emlib/gpiointerrupt.o
 .text.GPIO_EVEN_IRQHandler
                0x000057b4       0x28 ./emlib/gpiointerrupt.o
                0x000057b4                GPIO_EVEN_IRQHandler
 .text.GPIO_ODD_IRQHandler
                0x000057dc       0x28 ./emlib/gpiointerrupt.o
                0x000057dc                GPIO_ODD_IRQHandler
 .text          0x00005804      0x370 c:/siliconlabs/simplicitystudio/v4/developer/toolchains/gnu_arm/4.9_2015q3/bin/../lib/gcc/arm-none-eabi/4.9.3/armv7e-m/softfp\libgcc.a(_arm_addsubdf3.o)
                0x00005804                __aeabi_drsub
                0x0000580c                __aeabi_dsub
                0x0000580c                __subdf3
                0x00005810                __aeabi_dadd
                0x00005810                __adddf3
                0x00005a88                __floatunsidf
                0x00005a88                __aeabi_ui2d
                0x00005aa8                __floatsidf
                0x00005aa8                __aeabi_i2d
                0x00005acc                __aeabi_f2d
                0x00005acc                __extendsfdf2
                0x00005b08                __floatundidf
                0x00005b08                __aeabi_ul2d
                0x00005b18                __floatdidf
                0x00005b18                __aeabi_l2d
 .text          0x00005b74       0x30 c:/siliconlabs/simplicitystudio/v4/developer/toolchains/gnu_arm/4.9_2015q3/bin/../lib/gcc/arm-none-eabi/4.9.3/armv7e-m/softfp\libgcc.a(_aeabi_uldivmod.o)
                0x00005b74                __aeabi_uldivmod
 .text          0x00005ba4       0x60 c:/siliconlabs/simplicitystudio/v4/developer/toolchains/gnu_arm/4.9_2015q3/bin/../lib/gcc/arm-none-eabi/4.9.3/armv7e-m/softfp\libgcc.a(bpabi.o)
                0x00005ba4                __gnu_ldivmod_helper
                0x00005bd4                __gnu_uldivmod_helper
 .text          0x00005c04        0x4 c:/siliconlabs/simplicitystudio/v4/developer/toolchains/gnu_arm/4.9_2015q3/bin/../lib/gcc/arm-none-eabi/4.9.3/armv7e-m/softfp\libgcc.a(_dvmd_tls.o)
                0x00005c04                __aeabi_idiv0
                0x00005c04                __aeabi_ldiv0
 .text          0x00005c08      0x29c c:/siliconlabs/simplicitystudio/v4/developer/toolchains/gnu_arm/4.9_2015q3/bin/../lib/gcc/arm-none-eabi/4.9.3/armv7e-m/softfp\libgcc.a(_divdi3.o)
                0x00005c08                __divdi3
 .text          0x00005ea4      0x26c c:/siliconlabs/simplicitystudio/v4/developer/toolchains/gnu_arm/4.9_2015q3/bin/../lib/gcc/arm-none-eabi/4.9.3/armv7e-m/softfp\libgcc.a(_udivdi3.o)
                0x00005ea4                __udivdi3
 .text.clock    0x00006110       0x2c c:/siliconlabs/simplicitystudio/v4/developer/toolchains/gnu_arm/4.9_2015q3/bin/../lib/gcc/arm-none-eabi/4.9.3/../../../../arm-none-eabi/lib/armv7e-m/softfp\libc_nano.a(lib_a-clock.o)
                0x00006110                clock
 .text.exit     0x0000613c       0x28 c:/siliconlabs/simplicitystudio/v4/developer/toolchains/gnu_arm/4.9_2015q3/bin/../lib/gcc/arm-none-eabi/4.9.3/../../../../arm-none-eabi/lib/armv7e-m/softfp\libc_nano.a(lib_a-exit.o)
                0x0000613c                exit
 .text.__libc_init_array
                0x00006164       0x4c c:/siliconlabs/simplicitystudio/v4/developer/toolchains/gnu_arm/4.9_2015q3/bin/../lib/gcc/arm-none-eabi/4.9.3/../../../../arm-none-eabi/lib/armv7e-m/softfp\libc_nano.a(lib_a-init.o)
                0x00006164                __libc_init_array
 .text.memcpy   0x000061b0       0x16 c:/siliconlabs/simplicitystudio/v4/developer/toolchains/gnu_arm/4.9_2015q3/bin/../lib/gcc/arm-none-eabi/4.9.3/../../../../arm-none-eabi/lib/armv7e-m/softfp\libc_nano.a(lib_a-memcpy.o)
                0x000061b0                memcpy
 .text.memset   0x000061c6       0x10 c:/siliconlabs/simplicitystudio/v4/developer/toolchains/gnu_arm/4.9_2015q3/bin/../lib/gcc/arm-none-eabi/4.9.3/../../../../arm-none-eabi/lib/armv7e-m/softfp\libc_nano.a(lib_a-memset.o)
                0x000061c6                memset
 *fill*         0x000061d6        0x2 
 .text.sprintf  0x000061d8       0x48 c:/siliconlabs/simplicitystudio/v4/developer/toolchains/gnu_arm/4.9_2015q3/bin/../lib/gcc/arm-none-eabi/4.9.3/../../../../arm-none-eabi/lib/armv7e-m/softfp\libc_nano.a(lib_a-sprintf.o)
                0x000061d8                siprintf
                0x000061d8                sprintf
 .text._times_r
                0x00006220        0x6 c:/siliconlabs/simplicitystudio/v4/developer/toolchains/gnu_arm/4.9_2015q3/bin/../lib/gcc/arm-none-eabi/4.9.3/../../../../arm-none-eabi/lib/armv7e-m/softfp\libc_nano.a(lib_a-timesr.o)
                0x00006220                _times_r
 .text.__ssputs_r
                0x00006226       0xb2 c:/siliconlabs/simplicitystudio/v4/developer/toolchains/gnu_arm/4.9_2015q3/bin/../lib/gcc/arm-none-eabi/4.9.3/../../../../arm-none-eabi/lib/armv7e-m/softfp\libc_nano.a(lib_a-nano-svfprintf.o)
                0x00006226                __ssputs_r
 .text._svfprintf_r
                0x000062d8      0x1e4 c:/siliconlabs/simplicitystudio/v4/developer/toolchains/gnu_arm/4.9_2015q3/bin/../lib/gcc/arm-none-eabi/4.9.3/../../../../arm-none-eabi/lib/armv7e-m/softfp\libc_nano.a(lib_a-nano-svfprintf.o)
                0x000062d8                _svfiprintf_r
                0x000062d8                _svfprintf_r
 .text._printf_common
                0x000064bc       0xea c:/siliconlabs/simplicitystudio/v4/developer/toolchains/gnu_arm/4.9_2015q3/bin/../lib/gcc/arm-none-eabi/4.9.3/../../../../arm-none-eabi/lib/armv7e-m/softfp\libc_nano.a(lib_a-nano-vfprintf_i.o)
                0x000064bc                _printf_common
 *fill*         0x000065a6        0x2 
 .text._printf_i
                0x000065a8      0x240 c:/siliconlabs/simplicitystudio/v4/developer/toolchains/gnu_arm/4.9_2015q3/bin/../lib/gcc/arm-none-eabi/4.9.3/../../../../arm-none-eabi/lib/armv7e-m/softfp\libc_nano.a(lib_a-nano-vfprintf_i.o)
                0x000065a8                _printf_i
 .text.memchr   0x000067e8       0x1e c:/siliconlabs/simplicitystudio/v4/developer/toolchains/gnu_arm/4.9_2015q3/bin/../lib/gcc/arm-none-eabi/4.9.3/../../../../arm-none-eabi/lib/armv7e-m/softfp\libc_nano.a(lib_a-memchr.o)
                0x000067e8                memchr
 .text.memmove  0x00006806       0x36 c:/siliconlabs/simplicitystudio/v4/developer/toolchains/gnu_arm/4.9_2015q3/bin/../lib/gcc/arm-none-eabi/4.9.3/../../../../arm-none-eabi/lib/armv7e-m/softfp\libc_nano.a(lib_a-memmove.o)
                0x00006806                memmove
 .text._free_r  0x0000683c       0x88 c:/siliconlabs/simplicitystudio/v4/developer/toolchains/gnu_arm/4.9_2015q3/bin/../lib/gcc/arm-none-eabi/4.9.3/../../../../arm-none-eabi/lib/armv7e-m/softfp\libc_nano.a(lib_a-nano-freer.o)
                0x0000683c                _free_r
 .text._malloc_r
                0x000068c4       0xac c:/siliconlabs/simplicitystudio/v4/developer/toolchains/gnu_arm/4.9_2015q3/bin/../lib/gcc/arm-none-eabi/4.9.3/../../../../arm-none-eabi/lib/armv7e-m/softfp\libc_nano.a(lib_a-nano-mallocr.o)
                0x000068c4                _malloc_r
 .text._realloc_r
                0x00006970       0x4c c:/siliconlabs/simplicitystudio/v4/developer/toolchains/gnu_arm/4.9_2015q3/bin/../lib/gcc/arm-none-eabi/4.9.3/../../../../arm-none-eabi/lib/armv7e-m/softfp\libc_nano.a(lib_a-nano-reallocr.o)
                0x00006970                _realloc_r
 .text._sbrk_r  0x000069bc       0x20 c:/siliconlabs/simplicitystudio/v4/developer/toolchains/gnu_arm/4.9_2015q3/bin/../lib/gcc/arm-none-eabi/4.9.3/../../../../arm-none-eabi/lib/armv7e-m/softfp\libc_nano.a(lib_a-sbrkr.o)
                0x000069bc                _sbrk_r
 .text._malloc_usable_size_r
                0x000069dc       0x14 c:/siliconlabs/simplicitystudio/v4/developer/toolchains/gnu_arm/4.9_2015q3/bin/../lib/gcc/arm-none-eabi/4.9.3/../../../../arm-none-eabi/lib/armv7e-m/softfp\libc_nano.a(lib_a-nano-msizer.o)
                0x000069dc                _malloc_usable_size_r
 .text._sbrk    0x000069f0       0x1c c:/siliconlabs/simplicitystudio/v4/developer/toolchains/gnu_arm/4.9_2015q3/bin/../lib/gcc/arm-none-eabi/4.9.3/../../../../arm-none-eabi/lib/armv7e-m/softfp\libnosys.a(sbrk.o)
                0x000069f0                _sbrk
 .text._times   0x00006a0c       0x10 c:/siliconlabs/simplicitystudio/v4/developer/toolchains/gnu_arm/4.9_2015q3/bin/../lib/gcc/arm-none-eabi/4.9.3/../../../../arm-none-eabi/lib/armv7e-m/softfp\libnosys.a(times.o)
                0x00006a0c                _times
 .text._exit    0x00006a1c        0x4 c:/siliconlabs/simplicitystudio/v4/developer/toolchains/gnu_arm/4.9_2015q3/bin/../lib/gcc/arm-none-eabi/4.9.3/../../../../arm-none-eabi/lib/armv7e-m/softfp\libnosys.a(_exit.o)
                0x00006a1c                _exit
 *(.init)
 .init          0x00006a20        0x4 c:/siliconlabs/simplicitystudio/v4/developer/toolchains/gnu_arm/4.9_2015q3/bin/../lib/gcc/arm-none-eabi/4.9.3/armv7e-m/softfp/crti.o
                0x00006a20                _init
 .init          0x00006a24        0x8 c:/siliconlabs/simplicitystudio/v4/developer/toolchains/gnu_arm/4.9_2015q3/bin/../lib/gcc/arm-none-eabi/4.9.3/armv7e-m/softfp/crtn.o
 *(.fini)
 .fini          0x00006a2c        0x4 c:/siliconlabs/simplicitystudio/v4/developer/toolchains/gnu_arm/4.9_2015q3/bin/../lib/gcc/arm-none-eabi/4.9.3/armv7e-m/softfp/crti.o
                0x00006a2c                _fini
 .fini          0x00006a30        0x8 c:/siliconlabs/simplicitystudio/v4/developer/toolchains/gnu_arm/4.9_2015q3/bin/../lib/gcc/arm-none-eabi/4.9.3/armv7e-m/softfp/crtn.o
 *crtbegin.o(.ctors)
 *crtbegin?.o(.ctors)
 *(EXCLUDE_FILE(*crtend.o *crtend?.o) .ctors)
 *(SORT(.ctors.*))
 *(.ctors)
 *crtbegin.o(.dtors)
 *crtbegin?.o(.dtors)
 *(EXCLUDE_FILE(*crtend.o *crtend?.o) .dtors)
 *(SORT(.dtors.*))
 *(.dtors)
 *(.rodata*)
 .rodata        0x00006a38       0x43 ./src/main.o
 *fill*         0x00006a7b        0x1 
 .rodata.initRTC
                0x00006a7c        0x3 ./emlib/rtcdriver.o
 *fill*         0x00006a7f        0x1 
 .rodata        0x00006a80       0x18 ./emlib/spidrv.o
 .rodata        0x00006a98       0x28 ./emlib/uartdrv.o
 .rodata.str1.1
                0x00006ac0        0x2 c:/siliconlabs/simplicitystudio/v4/developer/toolchains/gnu_arm/4.9_2015q3/bin/../lib/gcc/arm-none-eabi/4.9.3/../../../../arm-none-eabi/lib/armv7e-m/softfp\libc_nano.a(lib_a-impure.o)
 *fill*         0x00006ac2        0x2 
 .rodata._global_impure_ptr
                0x00006ac4        0x4 c:/siliconlabs/simplicitystudio/v4/developer/toolchains/gnu_arm/4.9_2015q3/bin/../lib/gcc/arm-none-eabi/4.9.3/../../../../arm-none-eabi/lib/armv7e-m/softfp\libc_nano.a(lib_a-impure.o)
                0x00006ac4                _global_impure_ptr
 .rodata.str1.1
                0x00006ac8       0x11 c:/siliconlabs/simplicitystudio/v4/developer/toolchains/gnu_arm/4.9_2015q3/bin/../lib/gcc/arm-none-eabi/4.9.3/../../../../arm-none-eabi/lib/armv7e-m/softfp\libc_nano.a(lib_a-nano-svfprintf.o)
 .rodata.str1.1
                0x00006ad9       0x22 c:/siliconlabs/simplicitystudio/v4/developer/toolchains/gnu_arm/4.9_2015q3/bin/../lib/gcc/arm-none-eabi/4.9.3/../../../../arm-none-eabi/lib/armv7e-m/softfp\libc_nano.a(lib_a-nano-vfprintf_i.o)
 *(.eh_frame*)
 *fill*         0x00006afb        0x1 
 .eh_frame      0x00006afc        0x0 c:/siliconlabs/simplicitystudio/v4/developer/toolchains/gnu_arm/4.9_2015q3/bin/../lib/gcc/arm-none-eabi/4.9.3/armv7e-m/softfp/crtbegin.o
 .eh_frame      0x00006afc        0x4 c:/siliconlabs/simplicitystudio/v4/developer/toolchains/gnu_arm/4.9_2015q3/bin/../lib/gcc/arm-none-eabi/4.9.3/armv7e-m/softfp/crtend.o

.glue_7         0x00006b00        0x0
 .glue_7        0x00000000        0x0 linker stubs

.glue_7t        0x00006b00        0x0
 .glue_7t       0x00000000        0x0 linker stubs

.vfp11_veneer   0x00006b00        0x0
 .vfp11_veneer  0x00000000        0x0 linker stubs

.v4_bx          0x00006b00        0x0
 .v4_bx         0x00000000        0x0 linker stubs

.iplt           0x00006b00        0x0
 .iplt          0x00000000        0x0 c:/siliconlabs/simplicitystudio/v4/developer/toolchains/gnu_arm/4.9_2015q3/bin/../lib/gcc/arm-none-eabi/4.9.3/armv7e-m/softfp/crtbegin.o

.ARM.extab
 *(.ARM.extab* .gnu.linkonce.armextab.*)
                0x00006b00                __exidx_start = .

.ARM.exidx      0x00006b00        0x8
 *(.ARM.exidx* .gnu.linkonce.armexidx.*)
 .ARM.exidx     0x00006b00        0x8 c:/siliconlabs/simplicitystudio/v4/developer/toolchains/gnu_arm/4.9_2015q3/bin/../lib/gcc/arm-none-eabi/4.9.3/../../../../arm-none-eabi/lib/armv7e-m/softfp/crt0.o
 .ARM.exidx     0x00006b08        0x0 c:/siliconlabs/simplicitystudio/v4/developer/toolchains/gnu_arm/4.9_2015q3/bin/../lib/gcc/arm-none-eabi/4.9.3/armv7e-m/softfp\libgcc.a(_divdi3.o)
                                  0x8 (size before relaxing)
 .ARM.exidx     0x00006b08        0x0 c:/siliconlabs/simplicitystudio/v4/developer/toolchains/gnu_arm/4.9_2015q3/bin/../lib/gcc/arm-none-eabi/4.9.3/armv7e-m/softfp\libgcc.a(_udivdi3.o)
                                  0x8 (size before relaxing)
                0x00006b08                __exidx_end = .
                0x00006b08                __etext = .

.rel.dyn        0x00006b08        0x0
 .rel.iplt      0x00000000        0x0 c:/siliconlabs/simplicitystudio/v4/developer/toolchains/gnu_arm/4.9_2015q3/bin/../lib/gcc/arm-none-eabi/4.9.3/armv7e-m/softfp/crtbegin.o

.data           0x20000000      0x184 load address 0x00006b08
                0x20000000                __data_start__ = .
 *(vtable)
 *(.data*)
 .data.spi_handle
                0x20000000        0x4 ./src/main.o
                0x20000000                spi_handle
 .data.rxBufferQueue
                0x20000004       0x80 ./src/main.o
 .data.txBufferQueue
                0x20000084       0x80 ./src/main.o
 .data.uart_handle
                0x20000104        0x4 ./src/main.o
                0x20000104                uart_handle
 .data.SystemHFXOClock
                0x20000108        0x4 ./CMSIS/EFM32WG/system_efm32wg.o
 .data.SystemLFXOClock
                0x2000010c        0x4 ./CMSIS/EFM32WG/system_efm32wg.o
 .data.SystemCoreClock
                0x20000110        0x4 ./CMSIS/EFM32WG/system_efm32wg.o
                0x20000110                SystemCoreClock
 .data.impure_data
                0x20000114       0x60 c:/siliconlabs/simplicitystudio/v4/developer/toolchains/gnu_arm/4.9_2015q3/bin/../lib/gcc/arm-none-eabi/4.9.3/../../../../arm-none-eabi/lib/armv7e-m/softfp\libc_nano.a(lib_a-impure.o)
 .data._impure_ptr
                0x20000174        0x4 c:/siliconlabs/simplicitystudio/v4/developer/toolchains/gnu_arm/4.9_2015q3/bin/../lib/gcc/arm-none-eabi/4.9.3/../../../../arm-none-eabi/lib/armv7e-m/softfp\libc_nano.a(lib_a-impure.o)
                0x20000174                _impure_ptr
                0x20000178                . = ALIGN (0x4)
 *(.ram)
                0x20000178                . = ALIGN (0x4)
                0x20000178                PROVIDE (__preinit_array_start, .)
 *(.preinit_array)
                0x20000178                PROVIDE (__preinit_array_end, .)
                0x20000178                . = ALIGN (0x4)
                0x20000178                PROVIDE (__init_array_start, .)
 *(SORT(.init_array.*))
 *(.init_array)
 .init_array    0x20000178        0x4 c:/siliconlabs/simplicitystudio/v4/developer/toolchains/gnu_arm/4.9_2015q3/bin/../lib/gcc/arm-none-eabi/4.9.3/armv7e-m/softfp/crtbegin.o
                0x2000017c                PROVIDE (__init_array_end, .)
                0x2000017c                . = ALIGN (0x4)
                0x2000017c                PROVIDE (__fini_array_start, .)
 *(SORT(.fini_array.*))
 *(.fini_array)
 .fini_array    0x2000017c        0x4 c:/siliconlabs/simplicitystudio/v4/developer/toolchains/gnu_arm/4.9_2015q3/bin/../lib/gcc/arm-none-eabi/4.9.3/armv7e-m/softfp/crtbegin.o
                0x20000180                PROVIDE (__fini_array_end, .)
 *(.jcr*)
 .jcr           0x20000180        0x0 c:/siliconlabs/simplicitystudio/v4/developer/toolchains/gnu_arm/4.9_2015q3/bin/../lib/gcc/arm-none-eabi/4.9.3/armv7e-m/softfp/crtbegin.o
 .jcr           0x20000180        0x4 c:/siliconlabs/simplicitystudio/v4/developer/toolchains/gnu_arm/4.9_2015q3/bin/../lib/gcc/arm-none-eabi/4.9.3/armv7e-m/softfp/crtend.o
                0x20000184                . = ALIGN (0x4)
                0x20000184                __data_end__ = .

.igot.plt       0x20000184        0x0 load address 0x00006c8c
 .igot.plt      0x00000000        0x0 c:/siliconlabs/simplicitystudio/v4/developer/toolchains/gnu_arm/4.9_2015q3/bin/../lib/gcc/arm-none-eabi/4.9.3/armv7e-m/softfp/crtbegin.o

.bss            0x20000200      0x604 load address 0x00006e00
                0x20000200                . = ALIGN (0x4)
                0x20000200                __bss_start__ = .
 *(.bss*)
 .bss           0x20000200       0x1c c:/siliconlabs/simplicitystudio/v4/developer/toolchains/gnu_arm/4.9_2015q3/bin/../lib/gcc/arm-none-eabi/4.9.3/armv7e-m/softfp/crtbegin.o
 .bss.initialized
                0x2000021c        0x1 ./emlib/dmadrv.o
 *fill*         0x2000021d        0x3 
 .bss.chTable   0x20000220       0xf0 ./emlib/dmadrv.o
 .bss.dmaCallBack
                0x20000310       0x90 ./emlib/dmadrv.o
 .bss.timer     0x200003a0       0xa0 ./emlib/rtcdriver.o
 .bss.lastStart
                0x20000440        0x4 ./emlib/rtcdriver.o
 .bss.startTimerNestingLevel
                0x20000444        0x4 ./emlib/rtcdriver.o
 .bss.inTimerIRQ
                0x20000448        0x1 ./emlib/rtcdriver.o
 .bss.rtcRunning
                0x20000449        0x1 ./emlib/rtcdriver.o
 .bss.rtcdrvIsInitialized
                0x2000044a        0x1 ./emlib/rtcdriver.o
 .bss.spidrvIsInitialized
                0x2000044b        0x1 ./emlib/spidrv.o
 .bss.uartdrvHandleIsInitialized
                0x2000044c        0x1 ./emlib/uartdrv.o
 *fill*         0x2000044d        0x3 
 .bss.uartdrvHandle
                0x20000450       0x10 ./emlib/uartdrv.o
 .bss.gpioCallbacks
                0x20000460       0x40 ./emlib/gpiointerrupt.o
 .bss.__malloc_sbrk_start
                0x200004a0        0x4 c:/siliconlabs/simplicitystudio/v4/developer/toolchains/gnu_arm/4.9_2015q3/bin/../lib/gcc/arm-none-eabi/4.9.3/../../../../arm-none-eabi/lib/armv7e-m/softfp\libc_nano.a(lib_a-nano-mallocr.o)
                0x200004a0                __malloc_sbrk_start
 .bss.__malloc_free_list
                0x200004a4        0x4 c:/siliconlabs/simplicitystudio/v4/developer/toolchains/gnu_arm/4.9_2015q3/bin/../lib/gcc/arm-none-eabi/4.9.3/../../../../arm-none-eabi/lib/armv7e-m/softfp\libc_nano.a(lib_a-nano-mallocr.o)
                0x200004a4                __malloc_free_list
 .bss.heap_end.4079
                0x200004a8        0x4 c:/siliconlabs/simplicitystudio/v4/developer/toolchains/gnu_arm/4.9_2015q3/bin/../lib/gcc/arm-none-eabi/4.9.3/../../../../arm-none-eabi/lib/armv7e-m/softfp\libnosys.a(sbrk.o)
 *(COMMON)
 COMMON         0x200004ac       0xd4 ./src/main.o
                0x200004ac                spi_handleData
                0x20000504                uart_tx_buffer
                0x20000528                rtc_id
                0x2000052c                spi_rx_buffer
                0x20000544                spi_tx_buffer
                0x20000548                spi_tx_config_buffer
                0x2000054c                uart_handleData
 *fill*         0x20000580       0x80 
 COMMON         0x20000600      0x200 ./emlib/dmactrl.o
                0x20000600                dmaControlBlock
 COMMON         0x20000800        0x4 c:/siliconlabs/simplicitystudio/v4/developer/toolchains/gnu_arm/4.9_2015q3/bin/../lib/gcc/arm-none-eabi/4.9.3/../../../../arm-none-eabi/lib/armv7e-m/softfp\libc_nano.a(lib_a-reent.o)
                0x20000800                errno
                0x20000804                . = ALIGN (0x4)
                0x20000804                __bss_end__ = .

.heap           0x20000808      0xc00
                0x20000808                __HeapBase = .
                0x20000808                __end__ = .
                0x20000808                end = __end__
                0x20000808                _end = __end__
 *(.heap*)
 .heap          0x20000808      0xc00 ./CMSIS/EFM32WG/startup_efm32wg.o
                0x20001408                __HeapLimit = .

.stack_dummy    0x20000808      0x400
 *(.stack*)
 .stack         0x20000808      0x400 ./CMSIS/EFM32WG/startup_efm32wg.o
                0x20008000                __StackTop = (ORIGIN (RAM) + 0x8000)
                0x20007c00                __StackLimit = (__StackTop - SIZEOF (.stack_dummy))
                0x20008000                PROVIDE (__stack, __StackTop)
                0x00000001                ASSERT ((__StackLimit >= __HeapLimit), region RAM overflowed with stack)
                0x00000001                ASSERT ((0x40000 >= (__etext + SIZEOF (.data))), FLASH memory overflowed !)
OUTPUT(WonderGecko_MAX35103.axf elf32-littlearm)

.ARM.attributes
                0x00000000       0x2e
 .ARM.attributes
                0x00000000       0x22 c:/siliconlabs/simplicitystudio/v4/developer/toolchains/gnu_arm/4.9_2015q3/bin/../lib/gcc/arm-none-eabi/4.9.3/armv7e-m/softfp/crti.o
 .ARM.attributes
                0x00000022       0x32 c:/siliconlabs/simplicitystudio/v4/developer/toolchains/gnu_arm/4.9_2015q3/bin/../lib/gcc/arm-none-eabi/4.9.3/armv7e-m/softfp/crtbegin.o
 .ARM.attributes
                0x00000054       0x20 c:/siliconlabs/simplicitystudio/v4/developer/toolchains/gnu_arm/4.9_2015q3/bin/../lib/gcc/arm-none-eabi/4.9.3/../../../../arm-none-eabi/lib/armv7e-m/softfp/crt0.o
 .ARM.attributes
                0x00000074       0x37 ./src/main.o
 .ARM.attributes
                0x000000ab       0x37 ./emlib/dmactrl.o
 .ARM.attributes
                0x000000e2       0x37 ./emlib/dmadrv.o
 .ARM.attributes
                0x00000119       0x37 ./emlib/em_cmu.o
 .ARM.attributes
                0x00000150       0x37 ./emlib/em_core.o
 .ARM.attributes
                0x00000187       0x37 ./emlib/em_dma.o
 .ARM.attributes
                0x000001be       0x37 ./emlib/em_gpio.o
 .ARM.attributes
                0x000001f5       0x37 ./emlib/em_rtc.o
 .ARM.attributes
                0x0000022c       0x37 ./emlib/em_usart.o
 .ARM.attributes
                0x00000263       0x37 ./emlib/rtcdriver.o
 .ARM.attributes
                0x0000029a       0x37 ./emlib/spidrv.o
 .ARM.attributes
                0x000002d1       0x37 ./emlib/uartdrv.o
 .ARM.attributes
                0x00000308       0x1b ./CMSIS/EFM32WG/startup_efm32wg.o
 .ARM.attributes
                0x00000323       0x37 ./CMSIS/EFM32WG/system_efm32wg.o
 .ARM.attributes
                0x0000035a       0x37 ./emlib/em_leuart.o
 .ARM.attributes
                0x00000391       0x37 ./emlib/gpiointerrupt.o
 .ARM.attributes
                0x000003c8       0x22 c:/siliconlabs/simplicitystudio/v4/developer/toolchains/gnu_arm/4.9_2015q3/bin/../lib/gcc/arm-none-eabi/4.9.3/armv7e-m/softfp\libgcc.a(_arm_addsubdf3.o)
 .ARM.attributes
                0x000003ea       0x22 c:/siliconlabs/simplicitystudio/v4/developer/toolchains/gnu_arm/4.9_2015q3/bin/../lib/gcc/arm-none-eabi/4.9.3/armv7e-m/softfp\libgcc.a(_aeabi_uldivmod.o)
 .ARM.attributes
                0x0000040c       0x32 c:/siliconlabs/simplicitystudio/v4/developer/toolchains/gnu_arm/4.9_2015q3/bin/../lib/gcc/arm-none-eabi/4.9.3/armv7e-m/softfp\libgcc.a(bpabi.o)
 .ARM.attributes
                0x0000043e       0x22 c:/siliconlabs/simplicitystudio/v4/developer/toolchains/gnu_arm/4.9_2015q3/bin/../lib/gcc/arm-none-eabi/4.9.3/armv7e-m/softfp\libgcc.a(_dvmd_tls.o)
 .ARM.attributes
                0x00000460       0x32 c:/siliconlabs/simplicitystudio/v4/developer/toolchains/gnu_arm/4.9_2015q3/bin/../lib/gcc/arm-none-eabi/4.9.3/armv7e-m/softfp\libgcc.a(_divdi3.o)
 .ARM.attributes
                0x00000492       0x32 c:/siliconlabs/simplicitystudio/v4/developer/toolchains/gnu_arm/4.9_2015q3/bin/../lib/gcc/arm-none-eabi/4.9.3/armv7e-m/softfp\libgcc.a(_udivdi3.o)
 .ARM.attributes
                0x000004c4       0x32 c:/siliconlabs/simplicitystudio/v4/developer/toolchains/gnu_arm/4.9_2015q3/bin/../lib/gcc/arm-none-eabi/4.9.3/../../../../arm-none-eabi/lib/armv7e-m/softfp\libc_nano.a(lib_a-clock.o)
 .ARM.attributes
                0x000004f6       0x32 c:/siliconlabs/simplicitystudio/v4/developer/toolchains/gnu_arm/4.9_2015q3/bin/../lib/gcc/arm-none-eabi/4.9.3/../../../../arm-none-eabi/lib/armv7e-m/softfp\libc_nano.a(lib_a-exit.o)
 .ARM.attributes
                0x00000528       0x32 c:/siliconlabs/simplicitystudio/v4/developer/toolchains/gnu_arm/4.9_2015q3/bin/../lib/gcc/arm-none-eabi/4.9.3/../../../../arm-none-eabi/lib/armv7e-m/softfp\libc_nano.a(lib_a-impure.o)
 .ARM.attributes
                0x0000055a       0x32 c:/siliconlabs/simplicitystudio/v4/developer/toolchains/gnu_arm/4.9_2015q3/bin/../lib/gcc/arm-none-eabi/4.9.3/../../../../arm-none-eabi/lib/armv7e-m/softfp\libc_nano.a(lib_a-init.o)
 .ARM.attributes
                0x0000058c       0x32 c:/siliconlabs/simplicitystudio/v4/developer/toolchains/gnu_arm/4.9_2015q3/bin/../lib/gcc/arm-none-eabi/4.9.3/../../../../arm-none-eabi/lib/armv7e-m/softfp\libc_nano.a(lib_a-memcpy.o)
 .ARM.attributes
                0x000005be       0x32 c:/siliconlabs/simplicitystudio/v4/developer/toolchains/gnu_arm/4.9_2015q3/bin/../lib/gcc/arm-none-eabi/4.9.3/../../../../arm-none-eabi/lib/armv7e-m/softfp\libc_nano.a(lib_a-memset.o)
 .ARM.attributes
                0x000005f0       0x32 c:/siliconlabs/simplicitystudio/v4/developer/toolchains/gnu_arm/4.9_2015q3/bin/../lib/gcc/arm-none-eabi/4.9.3/../../../../arm-none-eabi/lib/armv7e-m/softfp\libc_nano.a(lib_a-sprintf.o)
 .ARM.attributes
                0x00000622       0x32 c:/siliconlabs/simplicitystudio/v4/developer/toolchains/gnu_arm/4.9_2015q3/bin/../lib/gcc/arm-none-eabi/4.9.3/../../../../arm-none-eabi/lib/armv7e-m/softfp\libc_nano.a(lib_a-timesr.o)
 .ARM.attributes
                0x00000654       0x32 c:/siliconlabs/simplicitystudio/v4/developer/toolchains/gnu_arm/4.9_2015q3/bin/../lib/gcc/arm-none-eabi/4.9.3/../../../../arm-none-eabi/lib/armv7e-m/softfp\libc_nano.a(lib_a-nano-svfprintf.o)
 .ARM.attributes
                0x00000686       0x32 c:/siliconlabs/simplicitystudio/v4/developer/toolchains/gnu_arm/4.9_2015q3/bin/../lib/gcc/arm-none-eabi/4.9.3/../../../../arm-none-eabi/lib/armv7e-m/softfp\libc_nano.a(lib_a-nano-vfprintf_i.o)
 .ARM.attributes
                0x000006b8       0x32 c:/siliconlabs/simplicitystudio/v4/developer/toolchains/gnu_arm/4.9_2015q3/bin/../lib/gcc/arm-none-eabi/4.9.3/../../../../arm-none-eabi/lib/armv7e-m/softfp\libc_nano.a(lib_a-memchr.o)
 .ARM.attributes
                0x000006ea       0x32 c:/siliconlabs/simplicitystudio/v4/developer/toolchains/gnu_arm/4.9_2015q3/bin/../lib/gcc/arm-none-eabi/4.9.3/../../../../arm-none-eabi/lib/armv7e-m/softfp\libc_nano.a(lib_a-memmove.o)
 .ARM.attributes
                0x0000071c       0x32 c:/siliconlabs/simplicitystudio/v4/developer/toolchains/gnu_arm/4.9_2015q3/bin/../lib/gcc/arm-none-eabi/4.9.3/../../../../arm-none-eabi/lib/armv7e-m/softfp\libc_nano.a(lib_a-nano-freer.o)
 .ARM.attributes
                0x0000074e       0x32 c:/siliconlabs/simplicitystudio/v4/developer/toolchains/gnu_arm/4.9_2015q3/bin/../lib/gcc/arm-none-eabi/4.9.3/../../../../arm-none-eabi/lib/armv7e-m/softfp\libc_nano.a(lib_a-nano-mallocr.o)
 .ARM.attributes
                0x00000780       0x32 c:/siliconlabs/simplicitystudio/v4/developer/toolchains/gnu_arm/4.9_2015q3/bin/../lib/gcc/arm-none-eabi/4.9.3/../../../../arm-none-eabi/lib/armv7e-m/softfp\libc_nano.a(lib_a-nano-reallocr.o)
 .ARM.attributes
                0x000007b2       0x32 c:/siliconlabs/simplicitystudio/v4/developer/toolchains/gnu_arm/4.9_2015q3/bin/../lib/gcc/arm-none-eabi/4.9.3/../../../../arm-none-eabi/lib/armv7e-m/softfp\libc_nano.a(lib_a-sbrkr.o)
 .ARM.attributes
                0x000007e4       0x32 c:/siliconlabs/simplicitystudio/v4/developer/toolchains/gnu_arm/4.9_2015q3/bin/../lib/gcc/arm-none-eabi/4.9.3/../../../../arm-none-eabi/lib/armv7e-m/softfp\libc_nano.a(lib_a-nano-msizer.o)
 .ARM.attributes
                0x00000816       0x32 c:/siliconlabs/simplicitystudio/v4/developer/toolchains/gnu_arm/4.9_2015q3/bin/../lib/gcc/arm-none-eabi/4.9.3/../../../../arm-none-eabi/lib/armv7e-m/softfp\libc_nano.a(lib_a-reent.o)
 .ARM.attributes
                0x00000848       0x32 c:/siliconlabs/simplicitystudio/v4/developer/toolchains/gnu_arm/4.9_2015q3/bin/../lib/gcc/arm-none-eabi/4.9.3/../../../../arm-none-eabi/lib/armv7e-m/softfp\libnosys.a(sbrk.o)
 .ARM.attributes
                0x0000087a       0x32 c:/siliconlabs/simplicitystudio/v4/developer/toolchains/gnu_arm/4.9_2015q3/bin/../lib/gcc/arm-none-eabi/4.9.3/../../../../arm-none-eabi/lib/armv7e-m/softfp\libnosys.a(times.o)
 .ARM.attributes
                0x000008ac       0x32 c:/siliconlabs/simplicitystudio/v4/developer/toolchains/gnu_arm/4.9_2015q3/bin/../lib/gcc/arm-none-eabi/4.9.3/../../../../arm-none-eabi/lib/armv7e-m/softfp\libnosys.a(_exit.o)
 .ARM.attributes
                0x000008de       0x32 c:/siliconlabs/simplicitystudio/v4/developer/toolchains/gnu_arm/4.9_2015q3/bin/../lib/gcc/arm-none-eabi/4.9.3/armv7e-m/softfp/crtend.o
 .ARM.attributes
                0x00000910       0x22 c:/siliconlabs/simplicitystudio/v4/developer/toolchains/gnu_arm/4.9_2015q3/bin/../lib/gcc/arm-none-eabi/4.9.3/armv7e-m/softfp/crtn.o

.comment        0x00000000       0x70
 .comment       0x00000000       0x70 ./src/main.o
                                 0x71 (size before relaxing)
 .comment       0x00000000       0x71 ./emlib/dmactrl.o
 .comment       0x00000000       0x71 ./emlib/dmadrv.o
 .comment       0x00000000       0x71 ./emlib/em_cmu.o
 .comment       0x00000000       0x71 ./emlib/em_core.o
 .comment       0x00000000       0x71 ./emlib/em_dma.o
 .comment       0x00000000       0x71 ./emlib/em_gpio.o
 .comment       0x00000000       0x71 ./emlib/em_rtc.o
 .comment       0x00000000       0x71 ./emlib/em_usart.o
 .comment       0x00000000       0x71 ./emlib/rtcdriver.o
 .comment       0x00000000       0x71 ./emlib/spidrv.o
 .comment       0x00000000       0x71 ./emlib/uartdrv.o
 .comment       0x00000000       0x71 ./CMSIS/EFM32WG/system_efm32wg.o
 .comment       0x00000000       0x71 ./emlib/em_leuart.o
 .comment       0x00000000       0x71 ./emlib/gpiointerrupt.o

.debug_info     0x00000000     0xe293
 .debug_info    0x00000000     0x165f ./src/main.o
 .debug_info    0x0000165f      0x129 ./emlib/dmactrl.o
 .debug_info    0x00001788     0x170d ./emlib/dmadrv.o
 .debug_info    0x00002e95     0x1287 ./emlib/em_cmu.o
 .debug_info    0x0000411c      0xd04 ./emlib/em_core.o
 .debug_info    0x00004e20     0x12f1 ./emlib/em_dma.o
 .debug_info    0x00006111      0x65f ./emlib/em_gpio.o
 .debug_info    0x00006770      0x343 ./emlib/em_rtc.o
 .debug_info    0x00006ab3      0xebf ./emlib/em_usart.o
 .debug_info    0x00007972      0xd84 ./emlib/rtcdriver.o
 .debug_info    0x000086f6     0x1ba6 ./emlib/spidrv.o
 .debug_info    0x0000a29c     0x27e4 ./emlib/uartdrv.o
 .debug_info    0x0000ca80       0xf6 ./CMSIS/EFM32WG/startup_efm32wg.o
 .debug_info    0x0000cb76      0x723 ./CMSIS/EFM32WG/system_efm32wg.o
 .debug_info    0x0000d299      0x851 ./emlib/em_leuart.o
 .debug_info    0x0000daea      0x7a9 ./emlib/gpiointerrupt.o

.debug_abbrev   0x00000000     0x1fc8
 .debug_abbrev  0x00000000      0x27f ./src/main.o
 .debug_abbrev  0x0000027f       0x98 ./emlib/dmactrl.o
 .debug_abbrev  0x00000317      0x278 ./emlib/dmadrv.o
 .debug_abbrev  0x0000058f      0x2b7 ./emlib/em_cmu.o
 .debug_abbrev  0x00000846      0x239 ./emlib/em_core.o
 .debug_abbrev  0x00000a7f      0x24d ./emlib/em_dma.o
 .debug_abbrev  0x00000ccc      0x1c2 ./emlib/em_gpio.o
 .debug_abbrev  0x00000e8e      0x198 ./emlib/em_rtc.o
 .debug_abbrev  0x00001026      0x1c7 ./emlib/em_usart.o
 .debug_abbrev  0x000011ed      0x29e ./emlib/rtcdriver.o
 .debug_abbrev  0x0000148b      0x25b ./emlib/spidrv.o
 .debug_abbrev  0x000016e6      0x2fd ./emlib/uartdrv.o
 .debug_abbrev  0x000019e3       0x14 ./CMSIS/EFM32WG/startup_efm32wg.o
 .debug_abbrev  0x000019f7      0x1a3 ./CMSIS/EFM32WG/system_efm32wg.o
 .debug_abbrev  0x00001b9a      0x1e2 ./emlib/em_leuart.o
 .debug_abbrev  0x00001d7c      0x24c ./emlib/gpiointerrupt.o

.debug_loc      0x00000000     0x6326
 .debug_loc     0x00000000      0x4b4 ./src/main.o
 .debug_loc     0x000004b4      0x665 ./emlib/dmadrv.o
 .debug_loc     0x00000b19      0xd0c ./emlib/em_cmu.o
 .debug_loc     0x00001825      0x88c ./emlib/em_core.o
 .debug_loc     0x000020b1      0x72c ./emlib/em_dma.o
 .debug_loc     0x000027dd      0x3d0 ./emlib/em_gpio.o
 .debug_loc     0x00002bad      0x28c ./emlib/em_rtc.o
 .debug_loc     0x00002e39      0x6d2 ./emlib/em_usart.o
 .debug_loc     0x0000350b      0x6e4 ./emlib/rtcdriver.o
 .debug_loc     0x00003bef      0xac7 ./emlib/spidrv.o
 .debug_loc     0x000046b6     0x1180 ./emlib/uartdrv.o
 .debug_loc     0x00005836      0x31c ./CMSIS/EFM32WG/system_efm32wg.o
 .debug_loc     0x00005b52      0x49c ./emlib/em_leuart.o
 .debug_loc     0x00005fee      0x338 ./emlib/gpiointerrupt.o

.debug_aranges  0x00000000      0xb28
 .debug_aranges
                0x00000000       0xa0 ./src/main.o
 .debug_aranges
                0x000000a0       0x18 ./emlib/dmactrl.o
 .debug_aranges
                0x000000b8       0xb8 ./emlib/dmadrv.o
 .debug_aranges
                0x00000170      0x160 ./emlib/em_cmu.o
 .debug_aranges
                0x000002d0       0xe8 ./emlib/em_core.o
 .debug_aranges
                0x000003b8       0xc0 ./emlib/em_dma.o
 .debug_aranges
                0x00000478       0x70 ./emlib/em_gpio.o
 .debug_aranges
                0x000004e8       0x58 ./emlib/em_rtc.o
 .debug_aranges
                0x00000540       0xb8 ./emlib/em_usart.o
 .debug_aranges
                0x000005f8       0xc8 ./emlib/rtcdriver.o
 .debug_aranges
                0x000006c0      0x128 ./emlib/spidrv.o
 .debug_aranges
                0x000007e8      0x1c0 ./emlib/uartdrv.o
 .debug_aranges
                0x000009a8       0x20 ./CMSIS/EFM32WG/startup_efm32wg.o
 .debug_aranges
                0x000009c8       0x70 ./CMSIS/EFM32WG/system_efm32wg.o
 .debug_aranges
                0x00000a38       0x88 ./emlib/em_leuart.o
 .debug_aranges
                0x00000ac0       0x68 ./emlib/gpiointerrupt.o

.debug_ranges   0x00000000      0xa10
 .debug_ranges  0x00000000       0x90 ./src/main.o
 .debug_ranges  0x00000090       0xa8 ./emlib/dmadrv.o
 .debug_ranges  0x00000138      0x150 ./emlib/em_cmu.o
 .debug_ranges  0x00000288       0xd8 ./emlib/em_core.o
 .debug_ranges  0x00000360       0xb0 ./emlib/em_dma.o
 .debug_ranges  0x00000410       0x60 ./emlib/em_gpio.o
 .debug_ranges  0x00000470       0x48 ./emlib/em_rtc.o
 .debug_ranges  0x000004b8       0xa8 ./emlib/em_usart.o
 .debug_ranges  0x00000560       0xb8 ./emlib/rtcdriver.o
 .debug_ranges  0x00000618      0x118 ./emlib/spidrv.o
 .debug_ranges  0x00000730      0x1b0 ./emlib/uartdrv.o
 .debug_ranges  0x000008e0       0x60 ./CMSIS/EFM32WG/system_efm32wg.o
 .debug_ranges  0x00000940       0x78 ./emlib/em_leuart.o
 .debug_ranges  0x000009b8       0x58 ./emlib/gpiointerrupt.o

.debug_line     0x00000000     0x6698
 .debug_line    0x00000000      0x75f ./src/main.o
 .debug_line    0x0000075f      0x21d ./emlib/dmactrl.o
 .debug_line    0x0000097c      0x6cb ./emlib/dmadrv.o
 .debug_line    0x00001047      0xa00 ./emlib/em_cmu.o
 .debug_line    0x00001a47      0x5ec ./emlib/em_core.o
 .debug_line    0x00002033      0x582 ./emlib/em_dma.o
 .debug_line    0x000025b5      0x46b ./emlib/em_gpio.o
 .debug_line    0x00002a20      0x34b ./emlib/em_rtc.o
 .debug_line    0x00002d6b      0x5c5 ./emlib/em_usart.o
 .debug_line    0x00003330      0x689 ./emlib/rtcdriver.o
 .debug_line    0x000039b9      0xdeb ./emlib/spidrv.o
 .debug_line    0x000047a4     0x1242 ./emlib/uartdrv.o
 .debug_line    0x000059e6       0xd3 ./CMSIS/EFM32WG/startup_efm32wg.o
 .debug_line    0x00005ab9      0x38a ./CMSIS/EFM32WG/system_efm32wg.o
 .debug_line    0x00005e43      0x421 ./emlib/em_leuart.o
 .debug_line    0x00006264      0x434 ./emlib/gpiointerrupt.o

.debug_str      0x00000000     0x4a98
 .debug_str     0x00000000     0x1928 ./src/main.o
                               0x1a08 (size before relaxing)
 .debug_str     0x00001928       0x4d ./emlib/dmactrl.o
                                0x24e (size before relaxing)
 .debug_str     0x00001975      0x95b ./emlib/dmadrv.o
                               0x1714 (size before relaxing)
 .debug_str     0x000022d0      0x8a6 ./emlib/em_cmu.o
                                0xdbb (size before relaxing)
 .debug_str     0x00002b76      0x30f ./emlib/em_core.o
                                0x875 (size before relaxing)
 .debug_str     0x00002e85      0x2dd ./emlib/em_dma.o
                                0xdae (size before relaxing)
 .debug_str     0x00003162      0x16c ./emlib/em_gpio.o
                                0x61a (size before relaxing)
 .debug_str     0x000032ce       0xbe ./emlib/em_rtc.o
                                0x300 (size before relaxing)
 .debug_str     0x0000338c      0x7d9 ./emlib/em_usart.o
                                0xe1c (size before relaxing)
 .debug_str     0x00003b65      0x2e0 ./emlib/rtcdriver.o
                                0xbf4 (size before relaxing)
 .debug_str     0x00003e45      0x2f0 ./emlib/spidrv.o
                               0x1c79 (size before relaxing)
 .debug_str     0x00004135      0x63b ./emlib/uartdrv.o
                               0x22f2 (size before relaxing)
 .debug_str     0x00004770      0x16d ./CMSIS/EFM32WG/system_efm32wg.o
                                0x542 (size before relaxing)
 .debug_str     0x000048dd       0xf4 ./emlib/em_leuart.o
                                0x7a8 (size before relaxing)
 .debug_str     0x000049d1       0xc7 ./emlib/gpiointerrupt.o
                                0x6d6 (size before relaxing)

.debug_frame    0x00000000     0x32ec
 .debug_frame   0x00000000      0x260 ./src/main.o
 .debug_frame   0x00000260      0x2f0 ./emlib/dmadrv.o
 .debug_frame   0x00000550      0x608 ./emlib/em_cmu.o
 .debug_frame   0x00000b58      0x3dc ./emlib/em_core.o
 .debug_frame   0x00000f34      0x340 ./emlib/em_dma.o
 .debug_frame   0x00001274      0x1c0 ./emlib/em_gpio.o
 .debug_frame   0x00001434      0x138 ./emlib/em_rtc.o
 .debug_frame   0x0000156c      0x310 ./emlib/em_usart.o
 .debug_frame   0x0000187c      0x354 ./emlib/rtcdriver.o
 .debug_frame   0x00001bd0      0x500 ./emlib/spidrv.o
 .debug_frame   0x000020d0      0x7fc ./emlib/uartdrv.o
 .debug_frame   0x000028cc      0x180 ./CMSIS/EFM32WG/system_efm32wg.o
 .debug_frame   0x00002a4c      0x21c ./emlib/em_leuart.o
 .debug_frame   0x00002c68      0x184 ./emlib/gpiointerrupt.o
 .debug_frame   0x00002dec       0x28 c:/siliconlabs/simplicitystudio/v4/developer/toolchains/gnu_arm/4.9_2015q3/bin/../lib/gcc/arm-none-eabi/4.9.3/armv7e-m/softfp\libgcc.a(_aeabi_uldivmod.o)
 .debug_frame   0x00002e14       0x50 c:/siliconlabs/simplicitystudio/v4/developer/toolchains/gnu_arm/4.9_2015q3/bin/../lib/gcc/arm-none-eabi/4.9.3/armv7e-m/softfp\libgcc.a(bpabi.o)
 .debug_frame   0x00002e64       0x34 c:/siliconlabs/simplicitystudio/v4/developer/toolchains/gnu_arm/4.9_2015q3/bin/../lib/gcc/arm-none-eabi/4.9.3/armv7e-m/softfp\libgcc.a(_divdi3.o)
 .debug_frame   0x00002e98       0x30 c:/siliconlabs/simplicitystudio/v4/developer/toolchains/gnu_arm/4.9_2015q3/bin/../lib/gcc/arm-none-eabi/4.9.3/armv7e-m/softfp\libgcc.a(_udivdi3.o)
 .debug_frame   0x00002ec8       0x28 c:/siliconlabs/simplicitystudio/v4/developer/toolchains/gnu_arm/4.9_2015q3/bin/../lib/gcc/arm-none-eabi/4.9.3/../../../../arm-none-eabi/lib/armv7e-m/softfp\libc_nano.a(lib_a-clock.o)
 .debug_frame   0x00002ef0       0x28 c:/siliconlabs/simplicitystudio/v4/developer/toolchains/gnu_arm/4.9_2015q3/bin/../lib/gcc/arm-none-eabi/4.9.3/../../../../arm-none-eabi/lib/armv7e-m/softfp\libc_nano.a(lib_a-exit.o)
 .debug_frame   0x00002f18       0x2c c:/siliconlabs/simplicitystudio/v4/developer/toolchains/gnu_arm/4.9_2015q3/bin/../lib/gcc/arm-none-eabi/4.9.3/../../../../arm-none-eabi/lib/armv7e-m/softfp\libc_nano.a(lib_a-init.o)
 .debug_frame   0x00002f44       0x28 c:/siliconlabs/simplicitystudio/v4/developer/toolchains/gnu_arm/4.9_2015q3/bin/../lib/gcc/arm-none-eabi/4.9.3/../../../../arm-none-eabi/lib/armv7e-m/softfp\libc_nano.a(lib_a-memcpy.o)
 .debug_frame   0x00002f6c       0x20 c:/siliconlabs/simplicitystudio/v4/developer/toolchains/gnu_arm/4.9_2015q3/bin/../lib/gcc/arm-none-eabi/4.9.3/../../../../arm-none-eabi/lib/armv7e-m/softfp\libc_nano.a(lib_a-memset.o)
 .debug_frame   0x00002f8c       0x70 c:/siliconlabs/simplicitystudio/v4/developer/toolchains/gnu_arm/4.9_2015q3/bin/../lib/gcc/arm-none-eabi/4.9.3/../../../../arm-none-eabi/lib/armv7e-m/softfp\libc_nano.a(lib_a-sprintf.o)
 .debug_frame   0x00002ffc       0x20 c:/siliconlabs/simplicitystudio/v4/developer/toolchains/gnu_arm/4.9_2015q3/bin/../lib/gcc/arm-none-eabi/4.9.3/../../../../arm-none-eabi/lib/armv7e-m/softfp\libc_nano.a(lib_a-timesr.o)
 .debug_frame   0x0000301c       0x8c c:/siliconlabs/simplicitystudio/v4/developer/toolchains/gnu_arm/4.9_2015q3/bin/../lib/gcc/arm-none-eabi/4.9.3/../../../../arm-none-eabi/lib/armv7e-m/softfp\libc_nano.a(lib_a-nano-svfprintf.o)
 .debug_frame   0x000030a8       0x58 c:/siliconlabs/simplicitystudio/v4/developer/toolchains/gnu_arm/4.9_2015q3/bin/../lib/gcc/arm-none-eabi/4.9.3/../../../../arm-none-eabi/lib/armv7e-m/softfp\libc_nano.a(lib_a-nano-vfprintf_i.o)
 .debug_frame   0x00003100       0x28 c:/siliconlabs/simplicitystudio/v4/developer/toolchains/gnu_arm/4.9_2015q3/bin/../lib/gcc/arm-none-eabi/4.9.3/../../../../arm-none-eabi/lib/armv7e-m/softfp\libc_nano.a(lib_a-memchr.o)
 .debug_frame   0x00003128       0x28 c:/siliconlabs/simplicitystudio/v4/developer/toolchains/gnu_arm/4.9_2015q3/bin/../lib/gcc/arm-none-eabi/4.9.3/../../../../arm-none-eabi/lib/armv7e-m/softfp\libc_nano.a(lib_a-memmove.o)
 .debug_frame   0x00003150       0x2c c:/siliconlabs/simplicitystudio/v4/developer/toolchains/gnu_arm/4.9_2015q3/bin/../lib/gcc/arm-none-eabi/4.9.3/../../../../arm-none-eabi/lib/armv7e-m/softfp\libc_nano.a(lib_a-nano-freer.o)
 .debug_frame   0x0000317c       0x2c c:/siliconlabs/simplicitystudio/v4/developer/toolchains/gnu_arm/4.9_2015q3/bin/../lib/gcc/arm-none-eabi/4.9.3/../../../../arm-none-eabi/lib/armv7e-m/softfp\libc_nano.a(lib_a-nano-mallocr.o)
 .debug_frame   0x000031a8       0x3c c:/siliconlabs/simplicitystudio/v4/developer/toolchains/gnu_arm/4.9_2015q3/bin/../lib/gcc/arm-none-eabi/4.9.3/../../../../arm-none-eabi/lib/armv7e-m/softfp\libc_nano.a(lib_a-nano-reallocr.o)
 .debug_frame   0x000031e4       0x2c c:/siliconlabs/simplicitystudio/v4/developer/toolchains/gnu_arm/4.9_2015q3/bin/../lib/gcc/arm-none-eabi/4.9.3/../../../../arm-none-eabi/lib/armv7e-m/softfp\libc_nano.a(lib_a-sbrkr.o)
 .debug_frame   0x00003210       0x20 c:/siliconlabs/simplicitystudio/v4/developer/toolchains/gnu_arm/4.9_2015q3/bin/../lib/gcc/arm-none-eabi/4.9.3/../../../../arm-none-eabi/lib/armv7e-m/softfp\libc_nano.a(lib_a-nano-msizer.o)
 .debug_frame   0x00003230       0x5c c:/siliconlabs/simplicitystudio/v4/developer/toolchains/gnu_arm/4.9_2015q3/bin/../lib/gcc/arm-none-eabi/4.9.3/../../../../arm-none-eabi/lib/armv7e-m/softfp\libc_nano.a(lib_a-reent.o)
 .debug_frame   0x0000328c       0x20 c:/siliconlabs/simplicitystudio/v4/developer/toolchains/gnu_arm/4.9_2015q3/bin/../lib/gcc/arm-none-eabi/4.9.3/../../../../arm-none-eabi/lib/armv7e-m/softfp\libnosys.a(sbrk.o)
 .debug_frame   0x000032ac       0x20 c:/siliconlabs/simplicitystudio/v4/developer/toolchains/gnu_arm/4.9_2015q3/bin/../lib/gcc/arm-none-eabi/4.9.3/../../../../arm-none-eabi/lib/armv7e-m/softfp\libnosys.a(times.o)
 .debug_frame   0x000032cc       0x20 c:/siliconlabs/simplicitystudio/v4/developer/toolchains/gnu_arm/4.9_2015q3/bin/../lib/gcc/arm-none-eabi/4.9.3/../../../../arm-none-eabi/lib/armv7e-m/softfp\libnosys.a(_exit.o)

.stab           0x00000000       0x24
 .stab          0x00000000       0x24 c:/siliconlabs/simplicitystudio/v4/developer/toolchains/gnu_arm/4.9_2015q3/bin/../lib/gcc/arm-none-eabi/4.9.3/../../../../arm-none-eabi/lib/armv7e-m/softfp\libnosys.a(times.o)

.stabstr        0x00000000       0x3f
 .stabstr       0x00000000       0x3f c:/siliconlabs/simplicitystudio/v4/developer/toolchains/gnu_arm/4.9_2015q3/bin/../lib/gcc/arm-none-eabi/4.9.3/../../../../arm-none-eabi/lib/armv7e-m/softfp\libnosys.a(times.o)
